Component: ARM Compiler 6.16 Tool: armlink [5dfeaa00]

==============================================================================

Section Cross References

    startup_stm32f407xx.o(STACK) refers (Special) to heapauxi.o(.text) for __use_two_region_memory
    startup_stm32f407xx.o(HEAP) refers (Special) to heapauxi.o(.text) for __use_two_region_memory
    startup_stm32f407xx.o(RESET) refers (Special) to heapauxi.o(.text) for __use_two_region_memory
    startup_stm32f407xx.o(RESET) refers to startup_stm32f407xx.o(STACK) for __initial_sp
    startup_stm32f407xx.o(RESET) refers to startup_stm32f407xx.o(.text) for Reset_Handler
    startup_stm32f407xx.o(RESET) refers to stm32f4xx_it.o(.text.NMI_Handler) for NMI_Handler
    startup_stm32f407xx.o(RESET) refers to stm32f4xx_it.o(.text.HardFault_Handler) for HardFault_Handler
    startup_stm32f407xx.o(RESET) refers to stm32f4xx_it.o(.text.MemManage_Handler) for MemManage_Handler
    startup_stm32f407xx.o(RESET) refers to stm32f4xx_it.o(.text.BusFault_Handler) for BusFault_Handler
    startup_stm32f407xx.o(RESET) refers to stm32f4xx_it.o(.text.UsageFault_Handler) for UsageFault_Handler
    startup_stm32f407xx.o(RESET) refers to port.o(.text.SVC_Handler) for SVC_Handler
    startup_stm32f407xx.o(RESET) refers to stm32f4xx_it.o(.text.DebugMon_Handler) for DebugMon_Handler
    startup_stm32f407xx.o(RESET) refers to port.o(.text.PendSV_Handler) for PendSV_Handler
    startup_stm32f407xx.o(RESET) refers to port.o(.text.SysTick_Handler) for SysTick_Handler
    startup_stm32f407xx.o(RESET) refers to stm32f4xx_it.o(.text.EXTI0_IRQHandler) for EXTI0_IRQHandler
    startup_stm32f407xx.o(RESET) refers to stm32f4xx_it.o(.text.EXTI3_IRQHandler) for EXTI3_IRQHandler
    startup_stm32f407xx.o(RESET) refers to stm32f4xx_it.o(.text.EXTI4_IRQHandler) for EXTI4_IRQHandler
    startup_stm32f407xx.o(RESET) refers to stm32f4xx_it.o(.text.CAN1_RX0_IRQHandler) for CAN1_RX0_IRQHandler
    startup_stm32f407xx.o(RESET) refers to stm32f4xx_it.o(.text.EXTI9_5_IRQHandler) for EXTI9_5_IRQHandler
    startup_stm32f407xx.o(RESET) refers to stm32f4xx_it.o(.text.TIM6_DAC_IRQHandler) for TIM6_DAC_IRQHandler
    startup_stm32f407xx.o(RESET) refers to ins_task.o(.text.DMA2_Stream2_IRQHandler) for DMA2_Stream2_IRQHandler
    startup_stm32f407xx.o(RESET) refers to stm32f4xx_it.o(.text.CAN2_RX0_IRQHandler) for CAN2_RX0_IRQHandler
    startup_stm32f407xx.o(.text) refers (Special) to heapauxi.o(.text) for __use_two_region_memory
    startup_stm32f407xx.o(.text) refers to system_stm32f4xx.o(.text.SystemInit) for SystemInit
    startup_stm32f407xx.o(.text) refers to __main.o(!!!main) for __main
    startup_stm32f407xx.o(.text) refers to startup_stm32f407xx.o(HEAP) for Heap_Mem
    startup_stm32f407xx.o(.text) refers to startup_stm32f407xx.o(STACK) for Stack_Mem
    main.o(.text.main) refers to stm32f4xx_hal.o(.text.HAL_Init) for HAL_Init
    main.o(.text.main) refers to main.o(.text.SystemClock_Config) for SystemClock_Config
    main.o(.text.main) refers to gpio.o(.text.MX_GPIO_Init) for MX_GPIO_Init
    main.o(.text.main) refers to dma.o(.text.MX_DMA_Init) for MX_DMA_Init
    main.o(.text.main) refers to can.o(.text.MX_CAN1_Init) for MX_CAN1_Init
    main.o(.text.main) refers to can.o(.text.MX_CAN2_Init) for MX_CAN2_Init
    main.o(.text.main) refers to i2c.o(.text.MX_I2C3_Init) for MX_I2C3_Init
    main.o(.text.main) refers to spi.o(.text.MX_SPI1_Init) for MX_SPI1_Init
    main.o(.text.main) refers to spi.o(.text.MX_SPI2_Init) for MX_SPI2_Init
    main.o(.text.main) refers to tim.o(.text.MX_TIM10_Init) for MX_TIM10_Init
    main.o(.text.main) refers to freertos.o(.text.MX_FREERTOS_Init) for MX_FREERTOS_Init
    main.o(.text.main) refers to cmsis_os.o(.text.osKernelStart) for osKernelStart
    main.o(.ARM.exidx.text.main) refers to main.o(.text.main) for [Anonymous Symbol]
    main.o(.text.SystemClock_Config) refers to rt_memclr_w.o(.text) for __aeabi_memclr4
    main.o(.text.SystemClock_Config) refers to stm32f4xx_hal_rcc.o(.text.HAL_RCC_OscConfig) for HAL_RCC_OscConfig
    main.o(.text.SystemClock_Config) refers to stm32f4xx_hal_rcc.o(.text.HAL_RCC_ClockConfig) for HAL_RCC_ClockConfig
    main.o(.text.SystemClock_Config) refers to main.o(.text.Error_Handler) for Error_Handler
    main.o(.ARM.exidx.text.SystemClock_Config) refers to main.o(.text.SystemClock_Config) for [Anonymous Symbol]
    main.o(.ARM.exidx.text.Error_Handler) refers to main.o(.text.Error_Handler) for [Anonymous Symbol]
    main.o(.text.HAL_TIM_PeriodElapsedCallback) refers to stm32f4xx_hal.o(.text.HAL_IncTick) for HAL_IncTick
    main.o(.ARM.exidx.text.HAL_TIM_PeriodElapsedCallback) refers to main.o(.text.HAL_TIM_PeriodElapsedCallback) for [Anonymous Symbol]
    gpio.o(.text.MX_GPIO_Init) refers to stm32f4xx_hal_gpio.o(.text.HAL_GPIO_WritePin) for HAL_GPIO_WritePin
    gpio.o(.text.MX_GPIO_Init) refers to stm32f4xx_hal_gpio.o(.text.HAL_GPIO_Init) for HAL_GPIO_Init
[...]
    ist8310_IIC_read_single_reg              0x08006a89   Thumb Code    48  ist8310middleware.o(.text.ist8310_IIC_read_single_reg)
    ist8310_IIC_write_single_reg             0x08006ab9   Thumb Code    48  ist8310middleware.o(.text.ist8310_IIC_write_single_reg)
    ist8310_RST_H                            0x08006ae9   Thumb Code    20  ist8310middleware.o(.text.ist8310_RST_H)
    ist8310_RST_L                            0x08006afd   Thumb Code    20  ist8310middleware.o(.text.ist8310_RST_L)
    ist8310_com_init                         0x08006b11   Thumb Code     2  ist8310middleware.o(.text.ist8310_com_init)
    ist8310_delay_ms                         0x08006b15   Thumb Code     8  ist8310middleware.o(.text.ist8310_delay_ms)
    ist8310_init                             0x08006b1d   Thumb Code   130  ist8310driver.o(.text.ist8310_init)
    main                                     0x08006ba1   Thumb Code    50  main.o(.text.main)
    motor_pid_init                           0x08006be1   Thumb Code   232  pid.o(.text.motor_pid_init)
    oled_clear                               0x08006cc9   Thumb Code    74  dji_oled.o(.text.oled_clear)
    oled_init                                0x08006d15   Thumb Code   286  dji_oled.o(.text.oled_init)
    oled_refresh_gram                        0x08006e35   Thumb Code    56  dji_oled.o(.text.oled_refresh_gram)
    oled_set_pos                             0x08006e6d   Thumb Code    40  dji_oled.o(.text.oled_set_pos)
    oled_write_byte                          0x08006e95   Thumb Code    56  dji_oled.o(.text.oled_write_byte)
    osDelay                                  0x08006ecd   Thumb Code    16  cmsis_os.o(.text.osDelay)
    osKernelStart                            0x08006edd   Thumb Code    10  cmsis_os.o(.text.osKernelStart)
    osMessageCreate                          0x08006ee9   Thumb Code    50  cmsis_os.o(.text.osMessageCreate)
    osThreadCreate                           0x08006f1d   Thumb Code   110  cmsis_os.o(.text.osThreadCreate)
    pcTaskGetName                            0x08006f8d   Thumb Code    38  tasks.o(.text.pcTaskGetName)
    pid_calc                                 0x08006fb5   Thumb Code   166  pid.o(.text.pid_calc)
    pid_init                                 0x0800705d   Thumb Code     6  pid.o(.text.pid_init)
    pvPortMalloc                             0x08007a39   Thumb Code   330  heap_4.o(.text.pvPortMalloc)
    pxPortInitialiseStack                    0x08007b85   Thumb Code    40  port.o(.text.pxPortInitialiseStack)
    ulTaskNotifyTake                         0x08007bd9   Thumb Code   106  tasks.o(.text.ulTaskNotifyTake)
    uxListRemove                             0x08007c45   Thumb Code    36  list.o(.text.uxListRemove)
    vApplicationGetIdleTaskMemory            0x08007c69   Thumb Code    26  freertos.o(.text.vApplicationGetIdleTaskMemory)
    vApplicationGetTimerTaskMemory           0x08007c85   Thumb Code    28  freertos.o(.text.vApplicationGetTimerTaskMemory)
    vListInitialise                          0x08007ca1   Thumb Code    22  list.o(.text.vListInitialise)
    vListInitialiseItem                      0x08007cb9   Thumb Code     6  list.o(.text.vListInitialiseItem)
    vListInsert                              0x08007cc1   Thumb Code    58  list.o(.text.vListInsert)
    vListInsertEnd                           0x08007cfd   Thumb Code    28  list.o(.text.vListInsertEnd)
    vPortEnterCritical                       0x08007d2d   Thumb Code    70  port.o(.text.vPortEnterCritical)
    vPortExitCritical                        0x08007d75   Thumb Code    46  port.o(.text.vPortExitCritical)
    vPortFree                                0x08007da5   Thumb Code   138  heap_4.o(.text.vPortFree)
    vPortSetupTimerInterrupt                 0x08007e31   Thumb Code    52  port.o(.text.vPortSetupTimerInterrupt)
    vPortValidateInterruptPriority           0x08007e65   Thumb Code    98  port.o(.text.vPortValidateInterruptPriority)
    vQueueAddToRegistry                      0x08007ec9   Thumb Code    40  queue.o(.text.vQueueAddToRegistry)
    vQueueWaitForMessageRestricted           0x08007ef1   Thumb Code    68  queue.o(.text.vQueueWaitForMessageRestricted)
    vTaskDelay                               0x08007f35   Thumb Code    84  tasks.o(.text.vTaskDelay)
    vTaskDelayUntil                          0x08007f89   Thumb Code   168  tasks.o(.text.vTaskDelayUntil)
    vTaskDelete                              0x08008031   Thumb Code   238  tasks.o(.text.vTaskDelete)
    vTaskInternalSetTimeOutState             0x08008121   Thumb Code    26  tasks.o(.text.vTaskInternalSetTimeOutState)
    vTaskMissedYield                         0x0800813d   Thumb Code    14  tasks.o(.text.vTaskMissedYield)
    vTaskNotifyGiveFromISR                   0x0800814d   Thumb Code   220  tasks.o(.text.vTaskNotifyGiveFromISR)
    vTaskPlaceOnEventList                    0x08008229   Thumb Code    50  tasks.o(.text.vTaskPlaceOnEventList)
    vTaskPlaceOnEventListRestricted          0x0800825d   Thumb Code    62  tasks.o(.text.vTaskPlaceOnEventListRestricted)
    vTaskStartScheduler                      0x0800829d   Thumb Code   156  tasks.o(.text.vTaskStartScheduler)
    vTaskSuspendAll                          0x08008341   Thumb Code    16  tasks.o(.text.vTaskSuspendAll)
    vTaskSwitchContext                       0x08008351   Thumb Code   134  tasks.o(.text.vTaskSwitchContext)
    xPortStartScheduler                      0x080083d9   Thumb Code   274  port.o(.text.xPortStartScheduler)
    xQueueGenericCreate                      0x080084ed   Thumb Code    62  queue.o(.text.xQueueGenericCreate)
    xQueueGenericCreateStatic                0x0800852d   Thumb Code   146  queue.o(.text.xQueueGenericCreateStatic)
    xQueueGenericReset                       0x080085c1   Thumb Code   126  queue.o(.text.xQueueGenericReset)
    xQueueGenericSend                        0x08008641   Thumb Code   418  queue.o(.text.xQueueGenericSend)
    xQueueGenericSendFromISR                 0x080087e5   Thumb Code   206  queue.o(.text.xQueueGenericSendFromISR)
    xQueueReceive                            0x080088b5   Thumb Code   388  queue.o(.text.xQueueReceive)
    xTaskCheckForTimeOut                     0x08008a39   Thumb Code   136  tasks.o(.text.xTaskCheckForTimeOut)
    xTaskCreate                              0x08008ac1   Thumb Code   102  tasks.o(.text.xTaskCreate)
    xTaskCreateStatic                        0x08008b29   Thumb Code   118  tasks.o(.text.xTaskCreateStatic)
    xTaskGetHandle                           0x08008ba1   Thumb Code   168  tasks.o(.text.xTaskGetHandle)
    xTaskGetSchedulerState                   0x08008c49   Thumb Code    38  tasks.o(.text.xTaskGetSchedulerState)
    xTaskGetTickCount                        0x08008c71   Thumb Code    12  tasks.o(.text.xTaskGetTickCount)
    xTaskIncrementTick                       0x08008c7d   Thumb Code   356  tasks.o(.text.xTaskIncrementTick)
    xTaskPriorityDisinherit                  0x08008de1   Thumb Code   178  tasks.o(.text.xTaskPriorityDisinherit)
    xTaskRemoveFromEventList                 0x08008e95   Thumb Code   144  tasks.o(.text.xTaskRemoveFromEventList)
    xTaskResumeAll                           0x08008f25   Thumb Code   280  tasks.o(.text.xTaskResumeAll)
    xTimerCreateTimerTask                    0x0800903d   Thumb Code   108  timers.o(.text.xTimerCreateTimerTask)
    xTimerGenericCommand                     0x080090b1   Thumb Code   104  timers.o(.text.xTimerGenericCommand)
    __ARM_fpclassifyf                        0x08009119   Thumb Code    38  fpclassifyf.o(i.__ARM_fpclassifyf)
    __hardfp_asinf                           0x08009141   Thumb Code   258  asinf.o(i.__hardfp_asinf)
    __hardfp_atan2f                          0x0800926d   Thumb Code   594  atan2f.o(i.__hardfp_atan2f)
    __hardfp_sqrtf                           0x08009519   Thumb Code    58  sqrtf.o(i.__hardfp_sqrtf)
    __mathlib_flt_infnan                     0x08009553   Thumb Code     6  funder.o(i.__mathlib_flt_infnan)
    __mathlib_flt_infnan2                    0x08009559   Thumb Code     6  funder.o(i.__mathlib_flt_infnan2)
    __mathlib_flt_invalid                    0x08009561   Thumb Code    10  funder.o(i.__mathlib_flt_invalid)
    __mathlib_flt_underflow                  0x08009571   Thumb Code    10  funder.o(i.__mathlib_flt_underflow)
    sqrtf                                    0x08009581   Thumb Code    62  sqrtf.o(i.sqrtf)
    __aeabi_ul2f                             0x080095bf   Thumb Code     0  ffltll_clz.o(x$fpl$ffltll)
    _ll_uto_f                                0x080095bf   Thumb Code     6  ffltll_clz.o(x$fpl$ffltll)
    __aeabi_l2f                              0x080095c5   Thumb Code     0  ffltll_clz.o(x$fpl$ffltll)
    _ll_sto_f                                0x080095c5   Thumb Code    90  ffltll_clz.o(x$fpl$ffltll)
    _fp_init                                 0x0800961f   Thumb Code    26  fpinit.o(x$fpl$fpinit)
    __fplib_config_fpu_vfp                   0x08009637   Thumb Code     0  fpinit.o(x$fpl$fpinit)
    __fplib_config_pureend_doubles           0x08009637   Thumb Code     0  fpinit.o(x$fpl$fpinit)
    __I$use$fp                               0x08009638   Number         0  usenofp.o(x$fpl$usenofp)
    AHBPrescTable                            0x08009734   Data          16  system_stm32f4xx.o(.rodata.AHBPrescTable)
    APBPrescTable                            0x08009744   Data           8  system_stm32f4xx.o(.rodata.APBPrescTable)
    Region$$Table$$Base                      0x08009814   Number         0  anon$$obj.o(Region$$Table)
    Region$$Table$$Limit                     0x08009834   Number         0  anon$$obj.o(Region$$Table)
    BMI088_ACCEL_SEN                         0x20000000   Data           4  bmi088driver.o(.data.BMI088_ACCEL_SEN)
    BMI088_GYRO_SEN                          0x20000004   Data           4  bmi088driver.o(.data.BMI088_GYRO_SEN)
    SystemCoreClock                          0x20000008   Data           4  system_stm32f4xx.o(.data.SystemCoreClock)
    accel_dma_tx_buf                         0x2000000c   Data           9  ins_task.o(.data.accel_dma_tx_buf)
    accel_scale_factor                       0x20000018   Data          36  ins_task.o(.data.accel_scale_factor)
    accel_temp_dma_tx_buf                    0x2000003c   Data           4  ins_task.o(.data.accel_temp_dma_tx_buf)
    cali_hook_fun                            0x20000040   Data           4  calibrate_task.o(.data.cali_hook_fun)
    gyro_dma_tx_buf                          0x20000044   Data           8  ins_task.o(.data.gyro_dma_tx_buf)
    gyro_scale_factor                        0x2000004c   Data          36  ins_task.o(.data.gyro_scale_factor)
    mag_scale_factor                         0x20000070   Data          36  ins_task.o(.data.mag_scale_factor)
    twoKp                                    0x20000094   Data           4  mahonyahrs.o(.data.twoKp)
    uwTickFreq                               0x20000098   Data           1  stm32f4xx_hal.o(.data.uwTickFreq)
    uwTickPrio                               0x2000009c   Data           4  stm32f4xx_hal.o(.data.uwTickPrio)
    __libspace_start                         0x200000a8   Data          96  libspace.o(.bss)
    All_InitHandle                           0x20000108   Data           4  freertos.o(.bss.All_InitHandle)
    __temporary_stack_top$libspace           0x20000108   Data           0  libspace.o(.bss)
    CAN1_ReceiveHandle                       0x2000010c   Data           4  freertos.o(.bss.CAN1_ReceiveHandle)
    CAN1_TaskHandle                          0x20000110   Data           4  freertos.o(.bss.CAN1_TaskHandle)
    CAN2_ReceiveHandle                       0x20000114   Data           4  freertos.o(.bss.CAN2_ReceiveHandle)
    CAN2_TaskHandle                          0x20000118   Data           4  freertos.o(.bss.CAN2_TaskHandle)
    Cali_TaskHandle                          0x2000011c   Data           4  freertos.o(.bss.Cali_TaskHandle)
    Can1_Export_Data                         0x20000120   Data          36  bsp_can.o(.bss.Can1_Export_Data)
    Can2_Export_Data                         0x20000144   Data          36  bsp_can.o(.bss.Can2_Export_Data)
    Check_TaskHandle                         0x20000168   Data           4  freertos.o(.bss.Check_TaskHandle)
    DJI_C_IMU                                0x2000016c   Data          44  dji_imu.o(.bss.DJI_C_IMU)
    DM4310s_yaw                              0x20000198   Data          64  dm4310_motor.o(.bss.DM4310s_yaw)
    DR16_Export_Data                         0x200001d8   Data          32  dr16.o(.bss.DR16_Export_Data)
    Euler_Send                               0x200001f8   Data           8  dji_imu.o(.bss.Euler_Send)
    Gyro_Send                                0x20000200   Data           8  dji_imu.o(.bss.Gyro_Send)
    IMU_CAL                                  0x20000210   Data           2  dji_imu.o(.bss.IMU_CAL)
    IMU_Send_TaskHandle                      0x20000214   Data           4  freertos.o(.bss.IMU_Send_TaskHandle)
    INS_angle                                0x20000224   Data          12  ins_task.o(.bss.INS_angle)
    INS_gyro                                 0x20000230   Data          12  ins_task.o(.bss.INS_gyro)
    Imu_TaskHandle                           0x2000025c   Data           4  freertos.o(.bss.Imu_TaskHandle)
    M3508_state                              0x20000260   Data           4  dr16.o(.bss.M3508_state)
    M6020_state                              0x20000264   Data           4  dr16.o(.bss.M6020_state)
    OLED_TaskHandle                          0x20000668   Data           4  freertos.o(.bss.OLED_TaskHandle)
    Robot_Ctrl_TaskHandle                    0x2000066c   Data           4  freertos.o(.bss.Robot_Ctrl_TaskHandle)
    accel_dma_rx_buf                         0x20000670   Data           9  ins_task.o(.bss.accel_dma_rx_buf)
    accel_offset                             0x20000694   Data          12  ins_task.o(.bss.accel_offset)
    accel_temp_dma_rx_buf                    0x200006a0   Data           4  ins_task.o(.bss.accel_temp_dma_rx_buf)
    accel_temp_update_flag                   0x200006a4   Data           1  ins_task.o(.bss.accel_temp_update_flag)
    accel_update_flag                        0x200006a5   Data           1  ins_task.o(.bss.accel_update_flag)
    accel_x                                  0x200006a6   Data           2  bmi088driver.o(.bss.accel_x)
    accel_y                                  0x200006a8   Data           2  bmi088driver.o(.bss.accel_y)
    accel_z                                  0x200006aa   Data           2  bmi088driver.o(.bss.accel_z)
    bmi088_real_data                         0x200006ac   Data          36  ins_task.o(.bss.bmi088_real_data)
    cali_sensor                              0x200006d4   Data          13  calibrate_task.o(.bss.cali_sensor)
    can1_send_data                           0x200006e8   Data           8  dr16.o(.bss.can1_send_data)
    gyro_cali_offset                         0x2000073c   Data          12  ins_task.o(.bss.gyro_cali_offset)
    gyro_dma_rx_buf                          0x20000748   Data           8  ins_task.o(.bss.gyro_dma_rx_buf)
    gyro_offset                              0x20000750   Data          12  ins_task.o(.bss.gyro_offset)
    gyro_update_flag                         0x2000075c   Data           1  ins_task.o(.bss.gyro_update_flag)
    hcan1                                    0x20000760   Data          40  can.o(.bss.hcan1)
    hcan2                                    0x20000788   Data          40  can.o(.bss.hcan2)
    hdma_spi1_rx                             0x200007b0   Data          96  spi.o(.bss.hdma_spi1_rx)
    hdma_spi1_tx                             0x20000810   Data          96  spi.o(.bss.hdma_spi1_tx)
    hi2c3                                    0x20000870   Data          84  i2c.o(.bss.hi2c3)
    hspi1                                    0x200008c4   Data          88  spi.o(.bss.hspi1)
    hspi2                                    0x2000091c   Data          88  spi.o(.bss.hspi2)
    htim10                                   0x20000974   Data          72  tim.o(.bss.htim10)
    htim6                                    0x200009bc   Data          72  stm32f4xx_hal_timebase_tim.o(.bss.htim6)
    imu_start_dma_flag                       0x20000a04   Data           1  ins_task.o(.bss.imu_start_dma_flag)
    integralFBx                              0x20000a4c   Data           4  mahonyahrs.o(.bss.integralFBx)
    integralFBy                              0x20000a50   Data           4  mahonyahrs.o(.bss.integralFBy)
    integralFBz                              0x20000a54   Data           4  mahonyahrs.o(.bss.integralFBz)
    ist8310_real_data                        0x20000a58   Data          16  ins_task.o(.bss.ist8310_real_data)
    mag_offset                               0x20000a68   Data          12  ins_task.o(.bss.mag_offset)
    mag_update_flag                          0x20000a74   Data           1  ins_task.o(.bss.mag_update_flag)
    motor_pid_Cas_Pitch                      0x20000a78   Data         140  pid.o(.bss.motor_pid_Cas_Pitch)
    motor_pid_Cas_Yaw                        0x20000b04   Data         140  pid.o(.bss.motor_pid_Cas_Yaw)
    motor_pid_dial_speed                     0x20000b90   Data          68  pid.o(.bss.motor_pid_dial_speed)
    pFlash                                   0x20000bd4   Data          32  stm32f4xx_hal_flash.o(.bss.pFlash)
    pxCurrentTCB                             0x20000cb8   Data           4  tasks.o(.bss.pxCurrentTCB)
    twoKi                                    0x20000d5c   Data           4  mahonyahrs.o(.bss.twoKi)
    uwTick                                   0x20006908   Data           4  stm32f4xx_hal.o(.bss.uwTick)
    xQueueRegistry                           0x20006bfc   Data          64  queue.o(.bss.xQueueRegistry)



==============================================================================

Memory Map of the image

  Image Entry point : 0x08000189

  Load Region LR_IROM1 (Base: 0x08000000, Size: 0x000098e0, Max: 0x00100000, ABSOLUTE)

    Execution Region ER_IROM1 (Exec base: 0x08000000, Load base: 0x08000000, Size: 0x00009834, Max: 0x00100000, ABSOLUTE)

    Exec Addr    Load Addr    Size         Type   Attr      Idx    E Section Name        Object

    0x08000000   0x08000000   0x00000188   Data   RO            3    RESET               startup_stm32f407xx.o
    0x08000188   0x08000188   0x00000008   Code   RO         2595  * !!!main             c_w.l(__main.o)
    0x08000190   0x08000190   0x00000034   Code   RO         3069    !!!scatter          c_w.l(__scatter.o)
    0x080001c4   0x080001c4   0x0000001a   Code   RO         3071    !!handler_copy      c_w.l(__scatter_copy.o)
    0x080001de   0x080001de   0x00000002   PAD
    0x080001e0   0x080001e0   0x0000001c   Code   RO         3073    !!handler_zi        c_w.l(__scatter_zi.o)
    0x080001fc   0x080001fc   0x00000002   Code   RO         2921    .ARM.Collect$$libinit$$00000000  c_w.l(libinit.o)
    0x080001fe   0x080001fe   0x00000004   Code   RO         2941    .ARM.Collect$$libinit$$00000001  c_w.l(libinit2.o)
    0x08000202   0x08000202   0x00000000   Code   RO         2944    .ARM.Collect$$libinit$$00000004  c_w.l(libinit2.o)
    0x08000202   0x08000202   0x00000000   Code   RO         2947    .ARM.Collect$$libinit$$0000000A  c_w.l(libinit2.o)
    0x08000202   0x08000202   0x00000000   Code   RO         2949    .ARM.Collect$$libinit$$0000000C  c_w.l(libinit2.o)
    0x08000202   0x08000202   0x00000000   Code   RO         2951    .ARM.Collect$$libinit$$0000000E  c_w.l(libinit2.o)
    0x08000202   0x08000202   0x00000000   Code   RO         2954    .ARM.Collect$$libinit$$00000011  c_w.l(libinit2.o)
    0x08000202   0x08000202   0x00000000   Code   RO         2956    .ARM.Collect$$libinit$$00000013  c_w.l(libinit2.o)
    0x08000202   0x08000202   0x00000000   Code   RO         2958    .ARM.Collect$$libinit$$00000015  c_w.l(libinit2.o)
    0x08000202   0x08000202   0x00000000   Code   RO         2960    .ARM.Collect$$libinit$$00000017  c_w.l(libinit2.o)
    0x08000202   0x08000202   0x00000000   Code   RO         2962    .ARM.Collect$$libinit$$00000019  c_w.l(libinit2.o)
    0x08000202   0x08000202   0x00000000   Code   RO         2964    .ARM.Collect$$libinit$$0000001B  c_w.l(libinit2.o)
    0x08000202   0x08000202   0x00000000   Code   RO         2966    .ARM.Collect$$libinit$$0000001D  c_w.l(libinit2.o)
    0x08000202   0x08000202   0x00000000   Code   RO         2968    .ARM.Collect$$libinit$$0000001F  c_w.l(libinit2.o)
    0x08000202   0x08000202   0x00000000   Code   RO         2970    .ARM.Collect$$libinit$$00000021  c_w.l(libinit2.o)
    0x08000202   0x08000202   0x00000000   Code   RO         2972    .ARM.Collect$$libinit$$00000023  c_w.l(libinit2.o)
    0x08000202   0x08000202   0x00000000   Code   RO         2974    .ARM.Collect$$libinit$$00000025  c_w.l(libinit2.o)
    0x08000202   0x08000202   0x00000000   Code   RO         2978    .ARM.Collect$$libinit$$0000002C  c_w.l(libinit2.o)
    0x08000202   0x08000202   0x00000000   Code   RO         2980    .ARM.Collect$$libinit$$0000002E  c_w.l(libinit2.o)
    0x08000202   0x08000202   0x00000000   Code   RO         2982    .ARM.Collect$$libinit$$00000030  c_w.l(libinit2.o)
    0x08000202   0x08000202   0x00000000   Code   RO         2984    .ARM.Collect$$libinit$$00000032  c_w.l(libinit2.o)
    0x08000202   0x08000202   0x00000002   Code   RO         2985    .ARM.Collect$$libinit$$00000033  c_w.l(libinit2.o)
    0x08000204   0x08000204   0x00000002   Code   RO         3024    .ARM.Collect$$libshutdown$$00000000  c_w.l(libshutdown.o)
    0x08000206   0x08000206   0x00000000   Code   RO         3052    .ARM.Collect$$libshutdown$$00000002  c_w.l(libshutdown2.o)
    0x08000206   0x08000206   0x00000000   Code   RO         3054    .ARM.Collect$$libshutdown$$00000004  c_w.l(libshutdown2.o)
    0x08000206   0x08000206   0x00000000   Code   RO         3057    .ARM.Collect$$libshutdown$$00000007  c_w.l(libshutdown2.o)
    0x08000206   0x08000206   0x00000000   Code   RO         3060    .ARM.Collect$$libshutdown$$0000000A  c_w.l(libshutdown2.o)
    0x08000206   0x08000206   0x00000000   Code   RO         3062    .ARM.Collect$$libshutdown$$0000000C  c_w.l(libshutdown2.o)
    0x08000206   0x08000206   0x00000000   Code   RO         3065    .ARM.Collect$$libshutdown$$0000000F  c_w.l(libshutdown2.o)
    0x08000206   0x08000206   0x00000002   Code   RO         3066    .ARM.Collect$$libshutdown$$00000010  c_w.l(libshutdown2.o)
    0x08000208   0x08000208   0x00000000   Code   RO         2626    .ARM.Collect$$rtentry$$00000000  c_w.l(__rtentry.o)
    0x08000208   0x08000208   0x00000000   Code   RO         2815    .ARM.Collect$$rtentry$$00000002  c_w.l(__rtentry2.o)
    0x08000208   0x08000208   0x00000006   Code   RO         2827    .ARM.Collect$$rtentry$$00000004  c_w.l(__rtentry4.o)
    0x0800020e   0x0800020e   0x00000000   Code   RO         2817    .ARM.Collect$$rtentry$$00000009  c_w.l(__rtentry2.o)
    0x0800020e   0x0800020e   0x00000004   Code   RO         2818    .ARM.Collect$$rtentry$$0000000A  c_w.l(__rtentry2.o)
    0x08000212   0x08000212   0x00000000   Code   RO         2820    .ARM.Collect$$rtentry$$0000000C  c_w.l(__rtentry2.o)
    0x08000212   0x08000212   0x00000008   Code   RO         2821    .ARM.Collect$$rtentry$$0000000D  c_w.l(__rtentry2.o)
    0x0800021a   0x0800021a   0x00000002   Code   RO         2926    .ARM.Collect$$rtexit$$00000000  c_w.l(rtexit.o)
    0x0800021c   0x0800021c   0x00000000   Code   RO         2993    .ARM.Collect$$rtexit$$00000002  c_w.l(rtexit2.o)
    0x0800021c   0x0800021c   0x00000004   Code   RO         2994    .ARM.Collect$$rtexit$$00000003  c_w.l(rtexit2.o)
    0x08000220   0x08000220   0x00000006   Code   RO         2995    .ARM.Collect$$rtexit$$00000004  c_w.l(rtexit2.o)
    0x08000226   0x08000226   0x00000002   PAD
    0x08000228   0x08000228   0x00000040   Code   RO            4    .text               startup_stm32f407xx.o
    0x08000268   0x08000268   0x000000f0   Code   RO         2581    .text               c_w.l(lludivv7m.o)
    0x08000358   0x08000358   0x0000003e   Code   RO         2585    .text               c_w.l(strlen.o)
    0x08000396   0x08000396   0x0000008a   Code   RO         2587    .text               c_w.l(rt_memcpy_v6.o)
    0x08000420   0x08000420   0x0000004e   Code   RO         2591    .text               c_w.l(rt_memclr_w.o)
    0x0800046e   0x0800046e   0x00000006   Code   RO         2593    .text               c_w.l(heapauxi.o)
    0x08000474   0x08000474   0x00000016   Code   RO         2631    .text               c_w.l(_rserrno.o)
    0x0800048a   0x0800048a   0x00000064   Code   RO         2724    .text               c_w.l(rt_memcpy_w.o)
    0x080004ee   0x080004ee   0x00000002   PAD
    0x080004f0   0x080004f0   0x00000008   Code   RO         2834    .text               c_w.l(rt_errno_addr_intlibspace.o)
    0x080004f8   0x080004f8   0x00000008   Code   RO         2866    .text               c_w.l(libspace.o)
    0x08000500   0x08000500   0x0000004a   Code   RO         2869    .text               c_w.l(sys_stackheap_outer.o)
    0x0800054a   0x0800054a   0x00000012   Code   RO         2910    .text               c_w.l(exit.o)
    0x0800055c   0x0800055c   0x0000000c   Code   RO         2988    .text               c_w.l(sys_exit.o)
    0x08000568   0x08000568   0x00000002   Code   RO         3013    .text               c_w.l(use_no_semi.o)
    0x0800056a   0x0800056a   0x00000000   Code   RO         3015    .text               c_w.l(indicate_semi.o)
    0x0800056a   0x0800056a   0x00000002   PAD
    0x0800056c   0x0800056c   0x00000010   Code   RO         2473    .text.AHRS_init     ins_task.o
    0x0800057c   0x0800057c   0x00000014   Code   RO         2477    .text.AHRS_update   ins_task.o
    0x08000590   0x08000590   0x0000001e   Code   RO           43    .text.All_Init_Run  freertos.o
    0x080005ae   0x080005ae   0x00000002   PAD
    0x080005b0   0x080005b0   0x00000012   Code   RO         2213    .text.BMI088_ACCEL_NS_H  bmi088middleware.o
    0x080005c2   0x080005c2   0x00000002   PAD
    0x080005c4   0x080005c4   0x00000012   Code   RO         2211    .text.BMI088_ACCEL_NS_L  bmi088middleware.o
    0x080005d6   0x080005d6   0x00000002   PAD
    0x080005d8   0x080005d8   0x00000002   Code   RO         2205    .text.BMI088_Com_Init  bmi088middleware.o
    0x080005da   0x080005da   0x00000002   PAD
    0x080005dc   0x080005dc   0x00000008   Code   RO         2207    .text.BMI088_Delay_ms  bmi088middleware.o
    0x080005e4   0x080005e4   0x00000008   Code   RO         2209    .text.BMI088_Delay_us  bmi088middleware.o
    0x080005ec   0x080005ec   0x00000002   Code   RO         2203    .text.BMI088_GPIO_Init  bmi088middleware.o
    0x080005ee   0x080005ee   0x00000002   PAD
    0x080005f0   0x080005f0   0x00000014   Code   RO         2217    .text.BMI088_GYRO_NS_H  bmi088middleware.o
    0x08000604   0x08000604   0x00000014   Code   RO         2215    .text.BMI088_GYRO_NS_L  bmi088middleware.o
    0x08000618   0x08000618   0x00000030   Code   RO         2146    .text.BMI088_Init   bmi088driver.o
    0x08000648   0x08000648   0x00000154   Code   RO         2172    .text.BMI088_Read   bmi088driver.o
    0x0800079c   0x0800079c   0x0000002a   Code   RO         2160    .text.BMI088_Read_Muli_Reg  bmi088driver.o
    0x080007c6   0x080007c6   0x00000002   PAD
    0x080007c8   0x080007c8   0x00000016   Code   RO         2158    .text.BMI088_Read_Single_Reg  bmi088driver.o
    0x080007de   0x080007de   0x00000002   PAD
    0x080007e0   0x080007e0   0x0000002e   Code   RO         2219    .text.BMI088_Read_Write_Byte  bmi088middleware.o
    0x0800080e   0x0800080e   0x00000002   PAD
    0x08000810   0x08000810   0x00000010   Code   RO         2156    .text.BMI088_Write_Single_Reg  bmi088driver.o
    0x08000820   0x08000820   0x00000074   Code   RO         2168    .text.BMI088_accel_read_over  bmi088driver.o
    0x08000894   0x08000894   0x0000004e   Code   RO         2170    .text.BMI088_gyro_read_over  bmi088driver.o
    0x080008e2   0x080008e2   0x00000002   PAD
    0x080008e4   0x080008e4   0x0000003a   Code   RO         2166    .text.BMI088_temperature_read_over  bmi088driver.o
    0x0800091e   0x0800091e   0x00000002   PAD
    0x08000920   0x08000920   0x00000002   Code   RO          165    .text.BusFault_Handler  stm32f4xx_it.o
    0x08000922   0x08000922   0x00000002   PAD
    0x08000924   0x08000924   0x0000005c   Code   RO         2559    .text.CAN1_REC      task_canmsg.o
    0x08000980   0x08000980   0x00000010   Code   RO          177    .text.CAN1_RX0_IRQHandler  stm32f4xx_it.o
    0x08000990   0x08000990   0x0000001a   Code   RO         2561    .text.CAN2_REC      task_canmsg.o
    0x080009aa   0x080009aa   0x00000002   PAD
    0x080009ac   0x080009ac   0x00000010   Code   RO          183    .text.CAN2_RX0_IRQHandler  stm32f4xx_it.o
    0x080009bc   0x080009bc   0x00000040   Code   RO         1949    .text.CAN_1_Filter_Config  bsp_can.o
    0x080009fc   0x080009fc   0x0000003e   Code   RO         1951    .text.CAN_2_Filter_Config  bsp_can.o
    0x08000a3a   0x08000a3a   0x00000002   PAD
    0x08000a3c   0x08000a3c   0x00000016   Code   RO         2571    .text.DEV_Check     task_check.o
    0x08000a52   0x08000a52   0x00000002   PAD
    0x08000a54   0x08000a54   0x000002c6   Code   RO         2493    .text.DMA2_Stream2_IRQHandler  ins_task.o
    0x08000d1a   0x08000d1a   0x00000002   PAD
    0x08000d1c   0x08000d1c   0x0000003c   Code   RO          480    .text.DMA_CalcBaseAndBitshift  stm32f4xx_hal_dma.o
    0x08000d58   0x08000d58   0x00000050   Code   RO          478    .text.DMA_CheckFifoParam  stm32f4xx_hal_dma.o
    0x08000da8   0x08000da8   0x000000a8   Code   RO         2419    .text.DM_4310_getInfo  dm4310_motor.o
    0x08000e50   0x08000e50   0x00000002   Code   RO          169    .text.DebugMon_Handler  stm32f4xx_it.o
    0x08000e52   0x08000e52   0x00000002   PAD
    0x08000e54   0x08000e54   0x0000000a   Code   RO          171    .text.EXTI0_IRQHandler  stm32f4xx_it.o
    0x08000e5e   0x08000e5e   0x00000002   PAD
    0x08000e60   0x08000e60   0x0000000a   Code   RO          173    .text.EXTI3_IRQHandler  stm32f4xx_it.o
    0x08000e6a   0x08000e6a   0x00000002   PAD
    0x08000e6c   0x08000e6c   0x0000000a   Code   RO          175    .text.EXTI4_IRQHandler  stm32f4xx_it.o
    0x08000e76   0x08000e76   0x00000002   PAD
    0x08000e78   0x08000e78   0x0000000a   Code   RO          179    .text.EXTI9_5_IRQHandler  stm32f4xx_it.o
    0x08000e82   0x08000e82   0x00000002   PAD
    0x08000e84   0x08000e84   0x0000000a   Code   RO           15    .text.Error_Handler  main.o
    0x08000e8e   0x08000e8e   0x00000002   PAD
    0x08000e90   0x08000e90   0x000000d0   Code   RO         2272    .text.Euler_Send_Fun  dji_imu.o
    0x08000f60   0x08000f60   0x00000046   Code   RO          399    .text.FLASH_Erase_Sector  stm32f4xx_hal_flash_ex.o
    0x08000fa6   0x08000fa6   0x00000002   PAD
    0x08000fa8   0x08000fa8   0x00000058   Code   RO          401    .text.FLASH_FlushCaches  stm32f4xx_hal_flash_ex.o
    0x08001000   0x08001000   0x00000026   Code   RO          397    .text.FLASH_MassErase  stm32f4xx_hal_flash_ex.o
    0x08001026   0x08001026   0x00000002   PAD
    0x08001028   0x08001028   0x00000020   Code   RO          356    .text.FLASH_Program_Byte  stm32f4xx_hal_flash.o
    0x08001048   0x08001048   0x00000038   Code   RO          362    .text.FLASH_Program_DoubleWord  stm32f4xx_hal_flash.o
    0x08001080   0x08001080   0x00000024   Code   RO          358    .text.FLASH_Program_HalfWord  stm32f4xx_hal_flash.o
    0x080010a4   0x080010a4   0x00000024   Code   RO          360    .text.FLASH_Program_Word  stm32f4xx_hal_flash.o
    0x080010c8   0x080010c8   0x0000006e   Code   RO          368    .text.FLASH_SetErrorCode  stm32f4xx_hal_flash.o
    0x08001136   0x08001136   0x00000002   PAD
    0x08001138   0x08001138   0x0000006a   Code   RO          354    .text.FLASH_WaitForLastOperation  stm32f4xx_hal_flash.o
    0x080011a2   0x080011a2   0x00000002   PAD
    0x080011a4   0x080011a4   0x00000026   Code   RO          250    .text.HAL_CAN_ActivateNotification  stm32f4xx_hal_can.o
    0x080011ca   0x080011ca   0x00000002   PAD
    0x080011cc   0x080011cc   0x000000de   Code   RO          226    .text.HAL_CAN_ConfigFilter  stm32f4xx_hal_can.o
    0x080012aa   0x080012aa   0x00000002   PAD
    0x080012ac   0x080012ac   0x00000002   Code   RO          280    .text.HAL_CAN_ErrorCallback  stm32f4xx_hal_can.o
    0x080012ae   0x080012ae   0x00000002   PAD
    0x080012b0   0x080012b0   0x0000011c   Code   RO          246    .text.HAL_CAN_GetRxMessage  stm32f4xx_hal_can.o
    0x080013cc   0x080013cc   0x0000023a   Code   RO          254    .text.HAL_CAN_IRQHandler  stm32f4xx_hal_can.o
    0x08001606   0x08001606   0x00000002   PAD
    0x08001608   0x08001608   0x000000f4   Code   RO          216    .text.HAL_CAN_Init  stm32f4xx_hal_can.o
    0x080016fc   0x080016fc   0x0000011e   Code   RO           83    .text.HAL_CAN_MspInit  can.o
    0x0800181a   0x0800181a   0x00000002   PAD
    0x0800181c   0x0800181c   0x00000002   Code   RO          268    .text.HAL_CAN_RxFifo0FullCallback  stm32f4xx_hal_can.o
    0x0800181e   0x0800181e   0x00000002   PAD
    0x08001820   0x08001820   0x00000066   Code   RO         1955    .text.HAL_CAN_RxFifo0MsgPendingCallback  bsp_can.o
    0x08001886   0x08001886   0x00000002   PAD
    0x08001888   0x08001888   0x00000002   Code   RO          272    .text.HAL_CAN_RxFifo1FullCallback  stm32f4xx_hal_can.o
    0x0800188a   0x0800188a   0x00000002   PAD
    0x0800188c   0x0800188c   0x00000002   Code   RO          274    .text.HAL_CAN_RxFifo1MsgPendingCallback  stm32f4xx_hal_can.o
    0x0800188e   0x0800188e   0x00000002   PAD
    0x08001890   0x08001890   0x00000002   Code   RO          276    .text.HAL_CAN_SleepCallback  stm32f4xx_hal_can.o
    0x08001892   0x08001892   0x00000002   PAD
    0x08001894   0x08001894   0x0000005a   Code   RO          228    .text.HAL_CAN_Start  stm32f4xx_hal_can.o
    0x080018ee   0x080018ee   0x00000002   PAD
    0x080018f0   0x080018f0   0x00000002   Code   RO          258    .text.HAL_CAN_TxMailbox0AbortCallback  stm32f4xx_hal_can.o
    0x080018f2   0x080018f2   0x00000002   PAD
    0x080018f4   0x080018f4   0x00000002   Code   RO          256    .text.HAL_CAN_TxMailbox0CompleteCallback  stm32f4xx_hal_can.o
    0x080018f6   0x080018f6   0x00000002   PAD
    0x080018f8   0x080018f8   0x00000002   Code   RO          262    .text.HAL_CAN_TxMailbox1AbortCallback  stm32f4xx_hal_can.o
    0x080018fa   0x080018fa   0x00000002   PAD
    0x080018fc   0x080018fc   0x00000002   Code   RO          260    .text.HAL_CAN_TxMailbox1CompleteCallback  stm32f4xx_hal_can.o
    0x080018fe   0x080018fe   0x00000002   PAD
    0x08001900   0x08001900   0x00000002   Code   RO          266    .text.HAL_CAN_TxMailbox2AbortCallback  stm32f4xx_hal_can.o
    0x08001902   0x08001902   0x00000002   PAD
    0x08001904   0x08001904   0x00000002   Code   RO          264    .text.HAL_CAN_TxMailbox2CompleteCallback  stm32f4xx_hal_can.o
    0x08001906   0x08001906   0x00000002   PAD
    0x08001908   0x08001908   0x00000002   Code   RO          278    .text.HAL_CAN_WakeUpFromRxMsgCallback  stm32f4xx_hal_can.o
    0x0800190a   0x0800190a   0x00000002   PAD
    0x0800190c   0x0800190c   0x000000ce   Code   RO          476    .text.HAL_DMA_Init  stm32f4xx_hal_dma.o
    0x080019da   0x080019da   0x00000002   PAD
    0x080019dc   0x080019dc   0x00000028   Code   RO          668    .text.HAL_Delay     stm32f4xx_hal.o
    0x08001a04   0x08001a04   0x000000b2   Code   RO          395    .text.HAL_FLASHEx_Erase  stm32f4xx_hal_flash_ex.o
    0x08001ab6   0x08001ab6   0x00000002   PAD
    0x08001ab8   0x08001ab8   0x00000014   Code   RO          376    .text.HAL_FLASH_Lock  stm32f4xx_hal_flash.o
    0x08001acc   0x08001acc   0x00000086   Code   RO          352    .text.HAL_FLASH_Program  stm32f4xx_hal_flash.o
    0x08001b52   0x08001b52   0x00000002   PAD
    0x08001b54   0x08001b54   0x0000002e   Code   RO          374    .text.HAL_FLASH_Unlock  stm32f4xx_hal_flash.o
    0x08001b82   0x08001b82   0x00000002   PAD
    0x08001b84   0x08001b84   0x000000a2   Code   RO         2489    .text.HAL_GPIO_EXTI_Callback  ins_task.o
    0x08001c26   0x08001c26   0x00000002   PAD
    0x08001c28   0x08001c28   0x0000001a   Code   RO          448    .text.HAL_GPIO_EXTI_IRQHandler  stm32f4xx_hal_gpio.o
    0x08001c42   0x08001c42   0x00000002   PAD
    0x08001c44   0x08001c44   0x0000019a   Code   RO          436    .text.HAL_GPIO_Init  stm32f4xx_hal_gpio.o
    0x08001dde   0x08001dde   0x00000002   PAD
    0x08001de0   0x08001de0   0x0000000a   Code   RO          440    .text.HAL_GPIO_ReadPin  stm32f4xx_hal_gpio.o
    0x08001dea   0x08001dea   0x00000002   PAD
    0x08001dec   0x08001dec   0x0000000a   Code   RO          442    .text.HAL_GPIO_WritePin  stm32f4xx_hal_gpio.o
    0x08001df6   0x08001df6   0x00000002   PAD
    0x08001df8   0x08001df8   0x0000000c   Code   RO          660    .text.HAL_GetTick   stm32f4xx_hal.o
    0x08001e04   0x08001e04   0x00000198   Code   RO          739    .text.HAL_I2C_Init  stm32f4xx_hal_i2c.o
    0x08001f9c   0x08001f9c   0x0000020e   Code   RO          793    .text.HAL_I2C_Mem_Read  stm32f4xx_hal_i2c.o
    0x080021aa   0x080021aa   0x00000002   PAD
    0x080021ac   0x080021ac   0x0000012a   Code   RO          789    .text.HAL_I2C_Mem_Write  stm32f4xx_hal_i2c.o
    0x080022d6   0x080022d6   0x00000002   PAD
    0x080022d8   0x080022d8   0x000000b2   Code   RO          109    .text.HAL_I2C_MspInit  i2c.o
    0x0800238a   0x0800238a   0x00000002   PAD
    0x0800238c   0x0800238c   0x0000001a   Code   RO          658    .text.HAL_IncTick   stm32f4xx_hal.o
    0x080023a6   0x080023a6   0x00000002   PAD
    0x080023a8   0x080023a8   0x00000036   Code   RO          648    .text.HAL_Init      stm32f4xx_hal.o
    0x080023de   0x080023de   0x00000002   PAD
    0x080023e0   0x080023e0   0x000000ae   Code   RO          201    .text.HAL_InitTick  stm32f4xx_hal_timebase_tim.o
    0x0800248e   0x0800248e   0x00000002   PAD
    0x08002490   0x08002490   0x00000046   Code   RO          192    .text.HAL_MspInit   stm32f4xx_hal_msp.o
    0x080024d6   0x080024d6   0x00000002   PAD
    0x080024d8   0x080024d8   0x00000008   Code   RO          588    .text.HAL_NVIC_EnableIRQ  stm32f4xx_hal_cortex.o
    0x080024e0   0x080024e0   0x0000001e   Code   RO          580    .text.HAL_NVIC_SetPriority  stm32f4xx_hal_cortex.o
    0x080024fe   0x080024fe   0x00000002   PAD
    0x08002500   0x08002500   0x00000008   Code   RO          576    .text.HAL_NVIC_SetPriorityGrouping  stm32f4xx_hal_cortex.o
    0x08002508   0x08002508   0x00000160   Code   RO          300    .text.HAL_RCC_ClockConfig  stm32f4xx_hal_rcc.o
    0x08002668   0x08002668   0x0000003e   Code   RO          318    .text.HAL_RCC_GetClockConfig  stm32f4xx_hal_rcc.o
    0x080026a6   0x080026a6   0x00000002   PAD
    0x080026a8   0x080026a8   0x0000000c   Code   RO          310    .text.HAL_RCC_GetHCLKFreq  stm32f4xx_hal_rcc.o
    0x080026b4   0x080026b4   0x00000022   Code   RO          312    .text.HAL_RCC_GetPCLK1Freq  stm32f4xx_hal_rcc.o
    0x080026d6   0x080026d6   0x00000002   PAD
    0x080026d8   0x080026d8   0x00000068   Code   RO          302    .text.HAL_RCC_GetSysClockFreq  stm32f4xx_hal_rcc.o
    0x08002740   0x08002740   0x00000348   Code   RO          298    .text.HAL_RCC_OscConfig  stm32f4xx_hal_rcc.o
    0x08002a88   0x08002a88   0x000000b4   Code   RO          910    .text.HAL_SPI_Init  stm32f4xx_hal_spi.o
    0x08002b3c   0x08002b3c   0x000001c2   Code   RO          126    .text.HAL_SPI_MspInit  spi.o
    0x08002cfe   0x08002cfe   0x00000002   PAD
    0x08002d00   0x08002d00   0x0000017c   Code   RO          918    .text.HAL_SPI_Transmit  stm32f4xx_hal_spi.o
    0x08002e7c   0x08002e7c   0x000001e2   Code   RO          924    .text.HAL_SPI_TransmitReceive  stm32f4xx_hal_spi.o
    0x0800305e   0x0800305e   0x00000002   PAD
    0x08003060   0x08003060   0x00000002   Code   RO         1352    .text.HAL_TIMEx_BreakCallback  stm32f4xx_hal_tim_ex.o
    0x08003062   0x08003062   0x00000002   PAD
    0x08003064   0x08003064   0x00000002   Code   RO         1348    .text.HAL_TIMEx_CommutCallback  stm32f4xx_hal_tim_ex.o
    0x08003066   0x08003066   0x00000002   PAD
    0x08003068   0x08003068   0x0000005a   Code   RO         1028    .text.HAL_TIM_Base_Init  stm32f4xx_hal_tim.o
    0x080030c2   0x080030c2   0x00000002   PAD
    0x080030c4   0x080030c4   0x00000036   Code   RO          146    .text.HAL_TIM_Base_MspInit  tim.o
    0x080030fa   0x080030fa   0x00000002   PAD
    0x080030fc   0x080030fc   0x000000a8   Code   RO         1042    .text.HAL_TIM_Base_Start_IT  stm32f4xx_hal_tim.o
    0x080031a4   0x080031a4   0x00000002   Code   RO         1164    .text.HAL_TIM_IC_CaptureCallback  stm32f4xx_hal_tim.o
    0x080031a6   0x080031a6   0x00000002   PAD
    0x080031a8   0x080031a8   0x0000016a   Code   RO         1162    .text.HAL_TIM_IRQHandler  stm32f4xx_hal_tim.o
    0x08003312   0x08003312   0x00000002   PAD
    0x08003314   0x08003314   0x0000005e   Code   RO          144    .text.HAL_TIM_MspPostInit  tim.o
    0x08003372   0x08003372   0x00000002   PAD
    0x08003374   0x08003374   0x00000002   Code   RO         1166    .text.HAL_TIM_OC_DelayElapsedCallback  stm32f4xx_hal_tim.o
    0x08003376   0x08003376   0x00000002   PAD
    0x08003378   0x08003378   0x00000098   Code   RO         1194    .text.HAL_TIM_PWM_ConfigChannel  stm32f4xx_hal_tim.o
    0x08003410   0x08003410   0x0000005a   Code   RO         1082    .text.HAL_TIM_PWM_Init  stm32f4xx_hal_tim.o
    0x0800346a   0x0800346a   0x00000002   PAD
    0x0800346c   0x0800346c   0x00000002   Code   RO         1084    .text.HAL_TIM_PWM_MspInit  stm32f4xx_hal_tim.o
    0x0800346e   0x0800346e   0x00000002   PAD
    0x08003470   0x08003470   0x00000002   Code   RO         1168    .text.HAL_TIM_PWM_PulseFinishedCallback  stm32f4xx_hal_tim.o
    0x08003472   0x08003472   0x00000002   PAD
    0x08003474   0x08003474   0x00000016   Code   RO           17    .text.HAL_TIM_PeriodElapsedCallback  main.o
    0x0800348a   0x0800348a   0x00000002   PAD
    0x0800348c   0x0800348c   0x00000002   Code   RO         1172    .text.HAL_TIM_TriggerCallback  stm32f4xx_hal_tim.o
    0x0800348e   0x0800348e   0x00000002   PAD
    0x08003490   0x08003490   0x00000002   Code   RO          161    .text.HardFault_Handler  stm32f4xx_it.o
    0x08003492   0x08003492   0x00000002   PAD
    0x08003494   0x08003494   0x00000030   Code   RO          899    .text.I2C_IsAcknowledgeFailed  stm32f4xx_hal_i2c.o
    0x080034c4   0x080034c4   0x0000010c   Code   RO          795    .text.I2C_RequestMemoryRead  stm32f4xx_hal_i2c.o
    0x080035d0   0x080035d0   0x000000c0   Code   RO          791    .text.I2C_RequestMemoryWrite  stm32f4xx_hal_i2c.o
    0x08003690   0x08003690   0x0000005e   Code   RO          755    .text.I2C_WaitOnBTFFlagUntilTimeout  stm32f4xx_hal_i2c.o
    0x080036ee   0x080036ee   0x00000002   PAD
    0x080036f0   0x080036f0   0x00000074   Code   RO          749    .text.I2C_WaitOnFlagUntilTimeout  stm32f4xx_hal_i2c.o
    0x08003764   0x08003764   0x0000008c   Code   RO          897    .text.I2C_WaitOnMasterAddressFlagUntilTimeout  stm32f4xx_hal_i2c.o
    0x080037f0   0x080037f0   0x0000005e   Code   RO          761    .text.I2C_WaitOnRXNEFlagUntilTimeout  stm32f4xx_hal_i2c.o
    0x0800384e   0x0800384e   0x00000002   PAD
    0x08003850   0x08003850   0x0000005e   Code   RO          753    .text.I2C_WaitOnTXEFlagUntilTimeout  stm32f4xx_hal_i2c.o
    0x080038ae   0x080038ae   0x00000002   PAD
    0x080038b0   0x080038b0   0x00000030   Code   RO         2460    .text.IMU_Send      imu_send_task.o
    0x080038e0   0x080038e0   0x0000004c   Code   RO         2485    .text.INS_cali_gyro  ins_task.o
    0x0800392c   0x0800392c   0x00000036   Code   RO         2487    .text.INS_set_cali_gyro  ins_task.o
    0x08003962   0x08003962   0x00000002   PAD
    0x08003964   0x08003964   0x000002f4   Code   RO         2469    .text.INS_task      ins_task.o
    0x08003c58   0x08003c58   0x00000044   Code   RO           79    .text.MX_CAN1_Init  can.o
    0x08003c9c   0x08003c9c   0x00000044   Code   RO           81    .text.MX_CAN2_Init  can.o
    0x08003ce0   0x08003ce0   0x00000046   Code   RO           98    .text.MX_DMA_Init   dma.o
    0x08003d26   0x08003d26   0x00000002   PAD
    0x08003d28   0x08003d28   0x00000220   Code   RO           41    .text.MX_FREERTOS_Init  freertos.o
    0x08003f48   0x08003f48   0x00000200   Code   RO           28    .text.MX_GPIO_Init  gpio.o
    0x08004148   0x08004148   0x0000003e   Code   RO          107    .text.MX_I2C3_Init  i2c.o
    0x08004186   0x08004186   0x00000002   PAD
    0x08004188   0x08004188   0x00000048   Code   RO          122    .text.MX_SPI1_Init  spi.o
    0x080041d0   0x080041d0   0x00000048   Code   RO          124    .text.MX_SPI2_Init  spi.o
    0x08004218   0x08004218   0x00000088   Code   RO          142    .text.MX_TIM10_Init  tim.o
    0x080042a0   0x080042a0   0x00000410   Code   RO         2033    .text.MahonyAHRSupdate  mahonyahrs.o
    0x080046b0   0x080046b0   0x00000284   Code   RO         2035    .text.MahonyAHRSupdateIMU  mahonyahrs.o
    0x08004934   0x08004934   0x00000002   Code   RO          163    .text.MemManage_Handler  stm32f4xx_it.o
    0x08004936   0x08004936   0x00000002   PAD
    0x08004938   0x08004938   0x00000002   Code   RO          159    .text.NMI_Handler   stm32f4xx_it.o
    0x0800493a   0x0800493a   0x00000002   PAD
    0x0800493c   0x0800493c   0x0000002c   Code   RO          586    .text.NVIC_EncodePriority  stm32f4xx_hal_cortex.o
    0x08004968   0x08004968   0x0000001e   Code   RO         2541    .text.OLED_Show     oled_show_task.o
    0x08004986   0x08004986   0x00000002   PAD
    0x08004988   0x08004988   0x0000000e   Code   RO         2319    .text.Oled          dji_oled.o
    0x08004996   0x08004996   0x0000000a   PAD
    0x080049a0   0x080049a0   0x00000064   Code   RO         1930    .text.PendSV_Handler  port.o
    0x08004a04   0x08004a04   0x00000016   Code   RO         2550    .text.Robot_Control  robot_control_task.o
    0x08004a1a   0x08004a1a   0x00000002   PAD
    0x08004a1c   0x08004a1c   0x00000b4a   Code   RO         2009    .text.SPI1_DMA_enable  bsp_spi.o
    0x08005566   0x08005566   0x00000002   PAD
    0x08005568   0x08005568   0x000000f2   Code   RO         2007    .text.SPI1_DMA_init  bsp_spi.o
    0x0800565a   0x0800565a   0x00000002   PAD
    0x0800565c   0x0800565c   0x00000064   Code   RO          920    .text.SPI_EndRxTxTransaction  stm32f4xx_hal_spi.o
    0x080056c0   0x080056c0   0x000000ce   Code   RO         1018    .text.SPI_WaitFlagStateUntilTimeout  stm32f4xx_hal_spi.o
    0x0800578e   0x0800578e   0x00000002   PAD
    0x08005790   0x08005790   0x00000024   Code   RO         1914    .text.SVC_Handler   port.o
    0x080057b4   0x080057b4   0x0000002e   Code   RO         1932    .text.SysTick_Handler  port.o
    0x080057e2   0x080057e2   0x00000002   PAD
    0x080057e4   0x080057e4   0x000000a4   Code   RO           13    .text.SystemClock_Config  main.o
    0x08005888   0x08005888   0x00000012   Code   RO         1366    .text.SystemInit    system_stm32f4xx.o
    0x0800589a   0x0800589a   0x00000002   PAD
    0x0800589c   0x0800589c   0x00000010   Code   RO          181    .text.TIM6_DAC_IRQHandler  stm32f4xx_it.o
    0x080058ac   0x080058ac   0x00000124   Code   RO         1032    .text.TIM_Base_SetConfig  stm32f4xx_hal_tim.o
    0x080059d0   0x080059d0   0x00000064   Code   RO         1176    .text.TIM_OC1_SetConfig  stm32f4xx_hal_tim.o
    0x08005a34   0x08005a34   0x0000006a   Code   RO         1178    .text.TIM_OC2_SetConfig  stm32f4xx_hal_tim.o
    0x08005a9e   0x08005a9e   0x00000002   PAD
    0x08005aa0   0x08005aa0   0x00000068   Code   RO         1180    .text.TIM_OC3_SetConfig  stm32f4xx_hal_tim.o
    0x08005b08   0x08005b08   0x0000004e   Code   RO         1182    .text.TIM_OC4_SetConfig  stm32f4xx_hal_tim.o
    0x08005b56   0x08005b56   0x00000002   PAD
    0x08005b58   0x08005b58   0x00000002   Code   RO          167    .text.UsageFault_Handler  stm32f4xx_it.o
    0x08005b5a   0x08005b5a   0x00000002   PAD
    0x08005b5c   0x08005b5c   0x00000020   Code   RO          590    .text.__NVIC_EnableIRQ  stm32f4xx_hal_cortex.o
    0x08005b7c   0x08005b7c   0x00000010   Code   RO          582    .text.__NVIC_GetPriorityGrouping  stm32f4xx_hal_cortex.o
    0x08005b8c   0x08005b8c   0x00000022   Code   RO          584    .text.__NVIC_SetPriority  stm32f4xx_hal_cortex.o
    0x08005bae   0x08005bae   0x00000002   PAD
    0x08005bb0   0x08005bb0   0x00000020   Code   RO          578    .text.__NVIC_SetPriorityGrouping  stm32f4xx_hal_cortex.o
    0x08005bd0   0x08005bd0   0x00000110   Code   RO         2150    .text.bmi088_accel_init  bmi088driver.o
    0x08005ce0   0x08005ce0   0x00000294   Code   RO         2148    .text.bmi088_accel_self_test  bmi088driver.o
    0x08005f74   0x08005f74   0x000000f6   Code   RO         2154    .text.bmi088_gyro_init  bmi088driver.o
    0x0800606a   0x0800606a   0x00000002   PAD
    0x0800606c   0x0800606c   0x000000cc   Code   RO         2152    .text.bmi088_gyro_self_test  bmi088driver.o
    0x08006138   0x08006138   0x00000030   Code   RO         1947    .text.bsp_can_init  bsp_can.o
    0x08006168   0x08006168   0x0000005e   Code   RO         2443    .text.cali_data_read  calibrate_task.o
    0x080061c6   0x080061c6   0x00000002   PAD
    0x080061c8   0x080061c8   0x00000044   Code   RO         2439    .text.cali_data_write  calibrate_task.o
    0x0800620c   0x0800620c   0x00000044   Code   RO         2435    .text.cali_gyro_hook  calibrate_task.o
    0x08006250   0x08006250   0x00000050   Code   RO         2441    .text.cali_param_init  calibrate_task.o
    0x080062a0   0x080062a0   0x000000d2   Code   RO         2437    .text.calibrate_task  calibrate_task.o
    0x08006372   0x08006372   0x00000002   PAD
    0x08006374   0x08006374   0x0000003c   Code   RO         1967    .text.delay_init    bsp_delay.o
    0x080063b0   0x080063b0   0x0000003a   Code   RO         1969    .text.delay_us      bsp_delay.o
    0x080063ea   0x080063ea   0x00000002   PAD
    0x080063ec   0x080063ec   0x00000086   Code   RO         2338    .text.dr16_getInfo  dr16.o
    0x08006472   0x08006472   0x00000002   PAD
    0x08006474   0x08006474   0x0000002a   Code   RO         1983    .text.flash_erase_address  bsp_flash.o
    0x0800649e   0x0800649e   0x00000002   PAD
    0x080064a0   0x080064a0   0x00000010   Code   RO         1993    .text.flash_read    bsp_flash.o
    0x080064b0   0x080064b0   0x00000088   Code   RO         1987    .text.flash_write_single_address  bsp_flash.o
    0x08006538   0x08006538   0x0000004c   Code   RO         1985    .text.ger_sector    bsp_flash.o
    0x08006584   0x08006584   0x000000c0   Code   RO         2479    .text.get_angle     ins_task.o
    0x08006644   0x08006644   0x0000005e   Code   RO         1989    .text.get_next_flash_address  bsp_flash.o
    0x080066a2   0x080066a2   0x00000002   PAD
    0x080066a4   0x080066a4   0x0000005c   Code   RO         2483    .text.gyro_offset_calc  ins_task.o
    0x08006700   0x08006700   0x00000130   Code   RO         2471    .text.imu_cali_slove  ins_task.o
    0x08006830   0x08006830   0x00000184   Code   RO         2491    .text.imu_cmd_spi_dma  ins_task.o
    0x080069b4   0x080069b4   0x0000000e   Code   RO         2182    .text.imu_pwm_set   bmi088driver.o
    0x080069c2   0x080069c2   0x00000002   PAD
    0x080069c4   0x080069c4   0x0000008c   Code   RO         2475    .text.imu_temp_control  ins_task.o
    0x08006a50   0x08006a50   0x00000032   Code   RO         2037    .text.invSqrt       mahonyahrs.o
    0x08006a82   0x08006a82   0x00000002   PAD
    0x08006a84   0x08006a84   0x00000002   Code   RO         2244    .text.ist8310_GPIO_init  ist8310middleware.o
    0x08006a86   0x08006a86   0x00000002   PAD
    0x08006a88   0x08006a88   0x00000030   Code   RO         2248    .text.ist8310_IIC_read_single_reg  ist8310middleware.o
    0x08006ab8   0x08006ab8   0x00000030   Code   RO         2250    .text.ist8310_IIC_write_single_reg  ist8310middleware.o
    0x08006ae8   0x08006ae8   0x00000014   Code   RO         2260    .text.ist8310_RST_H  ist8310middleware.o
    0x08006afc   0x08006afc   0x00000014   Code   RO         2262    .text.ist8310_RST_L  ist8310middleware.o
    0x08006b10   0x08006b10   0x00000002   Code   RO         2246    .text.ist8310_com_init  ist8310middleware.o
    0x08006b12   0x08006b12   0x00000002   PAD
    0x08006b14   0x08006b14   0x00000008   Code   RO         2256    .text.ist8310_delay_ms  ist8310middleware.o
    0x08006b1c   0x08006b1c   0x00000082   Code   RO         2229    .text.ist8310_init  ist8310driver.o
    0x08006b9e   0x08006b9e   0x00000002   PAD
    0x08006ba0   0x08006ba0   0x00000032   Code   RO           11    .text.main          main.o
    0x08006bd2   0x08006bd2   0x00000002   PAD
    0x08006bd4   0x08006bd4   0x0000000c   Code   RO         1767    .text.makeFreeRtosPriority  cmsis_os.o
    0x08006be0   0x08006be0   0x000000e8   Code   RO         2066    .text.motor_pid_init  pid.o
    0x08006cc8   0x08006cc8   0x0000004a   Code   RO         2297    .text.oled_clear    dji_oled.o
    0x08006d12   0x08006d12   0x00000002   PAD
    0x08006d14   0x08006d14   0x0000011e   Code   RO         2321    .text.oled_init     dji_oled.o
    0x08006e32   0x08006e32   0x00000002   PAD
    0x08006e34   0x08006e34   0x00000038   Code   RO         2295    .text.oled_refresh_gram  dji_oled.o
    0x08006e6c   0x08006e6c   0x00000028   Code   RO         2289    .text.oled_set_pos  dji_oled.o
    0x08006e94   0x08006e94   0x00000038   Code   RO         2287    .text.oled_write_byte  dji_oled.o
    0x08006ecc   0x08006ecc   0x00000010   Code   RO         1781    .text.osDelay       cmsis_os.o
    0x08006edc   0x08006edc   0x0000000a   Code   RO         1757    .text.osKernelStart  cmsis_os.o
    0x08006ee6   0x08006ee6   0x00000002   PAD
    0x08006ee8   0x08006ee8   0x00000032   Code   RO         1819    .text.osMessageCreate  cmsis_os.o
    0x08006f1a   0x08006f1a   0x00000002   PAD
    0x08006f1c   0x08006f1c   0x0000006e   Code   RO         1765    .text.osThreadCreate  cmsis_os.o
    0x08006f8a   0x08006f8a   0x00000002   PAD
    0x08006f8c   0x08006f8c   0x00000026   Code   RO         1607    .text.pcTaskGetName  tasks.o
    0x08006fb2   0x08006fb2   0x00000002   PAD
    0x08006fb4   0x08006fb4   0x000000a6   Code   RO         2054    .text.pid_calc      pid.o
    0x0800705a   0x0800705a   0x00000002   PAD
    0x0800705c   0x0800705c   0x00000006   Code   RO         2052    .text.pid_init      pid.o
    0x08007062   0x08007062   0x00000002   PAD
    0x08007064   0x08007064   0x000000a2   Code   RO         1571    .text.prvAddCurrentTaskToDelayedList  tasks.o
    0x08007106   0x08007106   0x00000002   PAD
    0x08007108   0x08007108   0x000000ac   Code   RO         1557    .text.prvAddNewTaskToReadyList  tasks.o
    0x080071b4   0x080071b4   0x0000007c   Code   RO         1696    .text.prvCheckForValidListAndQueue  timers.o
    0x08007230   0x08007230   0x0000004e   Code   RO         1663    .text.prvCheckTasksWaitingTermination  tasks.o
    0x0800727e   0x0800727e   0x00000002   PAD
    0x08007280   0x08007280   0x00000026   Code   RO         1458    .text.prvCopyDataFromQueue  queue.o
    0x080072a6   0x080072a6   0x00000002   PAD
    0x080072a8   0x080072a8   0x0000007a   Code   RO         1446    .text.prvCopyDataToQueue  queue.o
    0x08007322   0x08007322   0x00000002   PAD
    0x08007324   0x08007324   0x00000036   Code   RO         1563    .text.prvDeleteTCB  tasks.o
    0x0800735a   0x0800735a   0x00000002   PAD
    0x0800735c   0x0800735c   0x00000020   Code   RO         1726    .text.prvGetNextExpireTime  timers.o
    0x0800737c   0x0800737c   0x00000074   Code   RO         1880    .text.prvHeapInit   heap_4.o
    0x080073f0   0x080073f0   0x0000002a   Code   RO         1595    .text.prvIdleTask   tasks.o
    0x0800741a   0x0800741a   0x00000002   PAD
    0x0800741c   0x0800741c   0x00000018   Code   RO         1434    .text.prvInitialiseNewQueue  queue.o
    0x08007434   0x08007434   0x00000088   Code   RO         1555    .text.prvInitialiseNewTask  tasks.o
    0x080074bc   0x080074bc   0x0000006e   Code   RO         1661    .text.prvInitialiseTaskLists  tasks.o
    0x0800752a   0x0800752a   0x00000002   PAD
    0x0800752c   0x0800752c   0x0000005a   Code   RO         1882    .text.prvInsertBlockIntoFreeList  heap_4.o
    0x08007586   0x08007586   0x00000002   PAD
    0x08007588   0x08007588   0x00000040   Code   RO         1738    .text.prvInsertTimerInActiveList  timers.o
    0x080075c8   0x080075c8   0x00000018   Code   RO         1460    .text.prvIsQueueEmpty  queue.o
    0x080075e0   0x080075e0   0x0000001c   Code   RO         1448    .text.prvIsQueueFull  queue.o
    0x080075fc   0x080075fc   0x00000028   Code   RO         1922    .text.prvPortStartFirstTask  port.o
    0x08007624   0x08007624   0x0000006e   Code   RO         1734    .text.prvProcessExpiredTimer  timers.o
    0x08007692   0x08007692   0x00000002   PAD
    0x08007694   0x08007694   0x00000112   Code   RO         1730    .text.prvProcessReceivedCommands  timers.o
    0x080077a6   0x080077a6   0x00000002   PAD
    0x080077a8   0x080077a8   0x00000080   Code   RO         1728    .text.prvProcessTimerOrBlockTask  timers.o
    0x08007828   0x08007828   0x00000028   Code   RO         1565    .text.prvResetNextTaskUnblockTime  tasks.o
    0x08007850   0x08007850   0x0000002a   Code   RO         1732    .text.prvSampleTimeNow  timers.o
    0x0800787a   0x0800787a   0x00000002   PAD
    0x0800787c   0x0800787c   0x0000006a   Code   RO         1611    .text.prvSearchForNameWithinSingleList  tasks.o
    0x080078e6   0x080078e6   0x00000002   PAD
    0x080078e8   0x080078e8   0x0000008e   Code   RO         1736    .text.prvSwitchTimerLists  timers.o
    0x08007976   0x08007976   0x00000002   PAD
    0x08007978   0x08007978   0x00000032   Code   RO         1912    .text.prvTaskExitError  port.o
    0x080079aa   0x080079aa   0x00000002   PAD
    0x080079ac   0x080079ac   0x00000016   Code   RO         1698    .text.prvTimerTask  timers.o
    0x080079c2   0x080079c2   0x00000002   PAD
    0x080079c4   0x080079c4   0x00000072   Code   RO         1450    .text.prvUnlockQueue  queue.o
    0x08007a36   0x08007a36   0x00000002   PAD
    0x08007a38   0x08007a38   0x0000014a   Code   RO         1878    .text.pvPortMalloc  heap_4.o
    0x08007b82   0x08007b82   0x00000002   PAD
    0x08007b84   0x08007b84   0x00000028   Code   RO         1910    .text.pxPortInitialiseStack  port.o
    0x08007bac   0x08007bac   0x0000002a   Code   RO         2421    .text.uint_to_float  dm4310_motor.o
    0x08007bd6   0x08007bd6   0x00000002   PAD
    0x08007bd8   0x08007bd8   0x0000006a   Code   RO         1647    .text.ulTaskNotifyTake  tasks.o
    0x08007c42   0x08007c42   0x00000002   PAD
    0x08007c44   0x08007c44   0x00000024   Code   RO         1420    .text.uxListRemove  list.o
    0x08007c68   0x08007c68   0x0000001a   Code   RO           37    .text.vApplicationGetIdleTaskMemory  freertos.o
    0x08007c82   0x08007c82   0x00000002   PAD
    0x08007c84   0x08007c84   0x0000001c   Code   RO           39    .text.vApplicationGetTimerTaskMemory  freertos.o
    0x08007ca0   0x08007ca0   0x00000016   Code   RO         1412    .text.vListInitialise  list.o
    0x08007cb6   0x08007cb6   0x00000002   PAD
    0x08007cb8   0x08007cb8   0x00000006   Code   RO         1414    .text.vListInitialiseItem  list.o
    0x08007cbe   0x08007cbe   0x00000002   PAD
    0x08007cc0   0x08007cc0   0x0000003a   Code   RO         1418    .text.vListInsert   list.o
    0x08007cfa   0x08007cfa   0x00000002   PAD
    0x08007cfc   0x08007cfc   0x0000001c   Code   RO         1416    .text.vListInsertEnd  list.o
    0x08007d18   0x08007d18   0x00000014   Code   RO         1920    .text.vPortEnableVFP  port.o
    0x08007d2c   0x08007d2c   0x00000046   Code   RO         1926    .text.vPortEnterCritical  port.o
    0x08007d72   0x08007d72   0x00000002   PAD
    0x08007d74   0x08007d74   0x0000002e   Code   RO         1928    .text.vPortExitCritical  port.o
    0x08007da2   0x08007da2   0x00000002   PAD
    0x08007da4   0x08007da4   0x0000008a   Code   RO         1884    .text.vPortFree     heap_4.o
    0x08007e2e   0x08007e2e   0x00000002   PAD
    0x08007e30   0x08007e30   0x00000034   Code   RO         1918    .text.vPortSetupTimerInterrupt  port.o
    0x08007e64   0x08007e64   0x00000062   Code   RO         1934    .text.vPortValidateInterruptPriority  port.o
    0x08007ec6   0x08007ec6   0x00000002   PAD
    0x08007ec8   0x08007ec8   0x00000028   Code   RO         1486    .text.vQueueAddToRegistry  queue.o
    0x08007ef0   0x08007ef0   0x00000044   Code   RO         1490    .text.vQueueWaitForMessageRestricted  queue.o
    0x08007f34   0x08007f34   0x00000054   Code   RO         1575    .text.vTaskDelay    tasks.o
    0x08007f88   0x08007f88   0x000000a8   Code   RO         1567    .text.vTaskDelayUntil  tasks.o
    0x08008030   0x08008030   0x000000ee   Code   RO         1561    .text.vTaskDelete   tasks.o
    0x0800811e   0x0800811e   0x00000002   PAD
    0x08008120   0x08008120   0x0000001a   Code   RO         1627    .text.vTaskInternalSetTimeOutState  tasks.o
    0x0800813a   0x0800813a   0x00000002   PAD
    0x0800813c   0x0800813c   0x0000000e   Code   RO         1631    .text.vTaskMissedYield  tasks.o
    0x0800814a   0x0800814a   0x00000002   PAD
    0x0800814c   0x0800814c   0x000000dc   Code   RO         1655    .text.vTaskNotifyGiveFromISR  tasks.o
    0x08008228   0x08008228   0x00000032   Code   RO         1615    .text.vTaskPlaceOnEventList  tasks.o
    0x0800825a   0x0800825a   0x00000002   PAD
    0x0800825c   0x0800825c   0x0000003e   Code   RO         1619    .text.vTaskPlaceOnEventListRestricted  tasks.o
    0x0800829a   0x0800829a   0x00000002   PAD
    0x0800829c   0x0800829c   0x000000a4   Code   RO         1593    .text.vTaskStartScheduler  tasks.o
    0x08008340   0x08008340   0x00000010   Code   RO         1569    .text.vTaskSuspendAll  tasks.o
    0x08008350   0x08008350   0x00000086   Code   RO         1585    .text.vTaskSwitchContext  tasks.o
    0x080083d6   0x080083d6   0x00000002   PAD
    0x080083d8   0x080083d8   0x00000112   Code   RO         1916    .text.xPortStartScheduler  port.o
    0x080084ea   0x080084ea   0x00000002   PAD
    0x080084ec   0x080084ec   0x0000003e   Code   RO         1436    .text.xQueueGenericCreate  queue.o
    0x0800852a   0x0800852a   0x00000002   PAD
    0x0800852c   0x0800852c   0x00000092   Code   RO         1432    .text.xQueueGenericCreateStatic  queue.o
    0x080085be   0x080085be   0x00000002   PAD
    0x080085c0   0x080085c0   0x0000007e   Code   RO         1430    .text.xQueueGenericReset  queue.o
    0x0800863e   0x0800863e   0x00000002   PAD
    0x08008640   0x08008640   0x000001a2   Code   RO         1444    .text.xQueueGenericSend  queue.o
    0x080087e2   0x080087e2   0x00000002   PAD
    0x080087e4   0x080087e4   0x000000ce   Code   RO         1452    .text.xQueueGenericSendFromISR  queue.o
    0x080088b2   0x080088b2   0x00000002   PAD
    0x080088b4   0x080088b4   0x00000184   Code   RO         1456    .text.xQueueReceive  queue.o
    0x08008a38   0x08008a38   0x00000088   Code   RO         1629    .text.xTaskCheckForTimeOut  tasks.o
    0x08008ac0   0x08008ac0   0x00000066   Code   RO         1559    .text.xTaskCreate   tasks.o
    0x08008b26   0x08008b26   0x00000002   PAD
    0x08008b28   0x08008b28   0x00000076   Code   RO         1553    .text.xTaskCreateStatic  tasks.o
    0x08008b9e   0x08008b9e   0x00000002   PAD
    0x08008ba0   0x08008ba0   0x000000a8   Code   RO         1609    .text.xTaskGetHandle  tasks.o
    0x08008c48   0x08008c48   0x00000026   Code   RO         1635    .text.xTaskGetSchedulerState  tasks.o
    0x08008c6e   0x08008c6e   0x00000002   PAD
    0x08008c70   0x08008c70   0x0000000c   Code   RO         1601    .text.xTaskGetTickCount  tasks.o
    0x08008c7c   0x08008c7c   0x00000164   Code   RO         1599    .text.xTaskIncrementTick  tasks.o
    0x08008de0   0x08008de0   0x000000b2   Code   RO         1639    .text.xTaskPriorityDisinherit  tasks.o
    0x08008e92   0x08008e92   0x00000002   PAD
    0x08008e94   0x08008e94   0x00000090   Code   RO         1621    .text.xTaskRemoveFromEventList  tasks.o
    0x08008f24   0x08008f24   0x00000118   Code   RO         1573    .text.xTaskResumeAll  tasks.o
    0x0800903c   0x0800903c   0x00000074   Code   RO         1694    .text.xTimerCreateTimerTask  timers.o
    0x080090b0   0x080090b0   0x00000068   Code   RO         1706    .text.xTimerGenericCommand  timers.o
    0x08009118   0x08009118   0x00000026   Code   RO         2789    i.__ARM_fpclassifyf  m_wm.l(fpclassifyf.o)
    0x0800913e   0x0800913e   0x00000002   PAD
    0x08009140   0x08009140   0x0000012c   Code   RO         2601    i.__hardfp_asinf    m_wm.l(asinf.o)
    0x0800926c   0x0800926c   0x000002ac   Code   RO         2607    i.__hardfp_atan2f   m_wm.l(atan2f.o)
    0x08009518   0x08009518   0x0000003a   Code   RO         2620    i.__hardfp_sqrtf    m_wm.l(sqrtf.o)
    0x08009552   0x08009552   0x00000006   Code   RO         2792    i.__mathlib_flt_infnan  m_wm.l(funder.o)
    0x08009558   0x08009558   0x00000006   Code   RO         2793    i.__mathlib_flt_infnan2  m_wm.l(funder.o)
    0x0800955e   0x0800955e   0x00000002   PAD
    0x08009560   0x08009560   0x00000010   Code   RO         2794    i.__mathlib_flt_invalid  m_wm.l(funder.o)
    0x08009570   0x08009570   0x00000010   Code   RO         2797    i.__mathlib_flt_underflow  m_wm.l(funder.o)
    0x08009580   0x08009580   0x0000003e   Code   RO         2622    i.sqrtf             m_wm.l(sqrtf.o)
    0x080095be   0x080095be   0x00000060   Code   RO         2599    x$fpl$ffltll        fz_wm.l(ffltll_clz.o)
    0x0800961e   0x0800961e   0x0000001a   Code   RO         3007    x$fpl$fpinit        fz_wm.l(fpinit.o)
    0x08009638   0x08009638   0x00000000   Code   RO         2766    x$fpl$usenofp       fz_wm.l(usenofp.o)
    0x08009638   0x08009638   0x0000001c   Data   RO           53    .rodata..L__const.MX_FREERTOS_Init.os_thread_def_All_Init  freertos.o
    0x08009654   0x08009654   0x0000001c   Data   RO           55    .rodata..L__const.MX_FREERTOS_Init.os_thread_def_CAN1_Task  freertos.o
    0x08009670   0x08009670   0x0000001c   Data   RO           57    .rodata..L__const.MX_FREERTOS_Init.os_thread_def_CAN2_Task  freertos.o
    0x0800968c   0x0800968c   0x0000001c   Data   RO           61    .rodata..L__const.MX_FREERTOS_Init.os_thread_def_Cali_Task  freertos.o
    0x080096a8   0x080096a8   0x0000001c   Data   RO           67    .rodata..L__const.MX_FREERTOS_Init.os_thread_def_Check_Task  freertos.o
    0x080096c4   0x080096c4   0x0000001c   Data   RO           59    .rodata..L__const.MX_FREERTOS_Init.os_thread_def_IMU_Send_Task  freertos.o
    0x080096e0   0x080096e0   0x0000001c   Data   RO           63    .rodata..L__const.MX_FREERTOS_Init.os_thread_def_Imu_Task  freertos.o
    0x080096fc   0x080096fc   0x0000001c   Data   RO           65    .rodata..L__const.MX_FREERTOS_Init.os_thread_def_OLED_Task  freertos.o
    0x08009718   0x08009718   0x0000001c   Data   RO           69    .rodata..L__const.MX_FREERTOS_Init.os_thread_def_Robot_Ctrl_Task  freertos.o
    0x08009734   0x08009734   0x00000010   Data   RO         1371    .rodata.AHBPrescTable  system_stm32f4xx.o
    0x08009744   0x08009744   0x00000008   Data   RO         1372    .rodata.APBPrescTable  system_stm32f4xx.o
    0x0800974c   0x0800974c   0x00000012   Data   RO         2188    .rodata.bmi088_accel_self_test.write_BMI088_ACCEL_self_test_Reg_Data_Error  bmi088driver.o
    0x0800975e   0x0800975e   0x00000002   PAD
    0x08009760   0x08009760   0x00000020   Data   RO           49    .rodata.cst16       freertos.o
    0x08009780   0x08009780   0x0000000c   Data   RO         2235    .rodata.ist8310_write_reg_data_error  ist8310driver.o
    0x0800978c   0x0800978c   0x00000063   Data   RO           52    .rodata.str1.1      freertos.o
    0x080097ef   0x080097ef   0x00000012   Data   RO         2186    .rodata.write_BMI088_ACCEL_Reg_Data_Error  bmi088driver.o
    0x08009801   0x08009801   0x00000012   Data   RO         2187    .rodata.write_BMI088_GYRO_Reg_Data_Error  bmi088driver.o
    0x08009813   0x08009813   0x00000001   PAD
    0x08009814   0x08009814   0x00000020   Data   RO         3068    Region$$Table       anon$$obj.o


    Execution Region RW_IRAM1 (Exec base: 0x20000000, Load base: 0x08009838, Size: 0x0000b0d8, Max: 0x0001c000, ABSOLUTE)

    Exec Addr    Load Addr    Size         Type   Attr      Idx    E Section Name        Object

    0x20000000   0x08009838   0x00000004   Data   RW         2184    .data.BMI088_ACCEL_SEN  bmi088driver.o
    0x20000004   0x0800983c   0x00000004   Data   RW         2185    .data.BMI088_GYRO_SEN  bmi088driver.o
    0x20000008   0x08009840   0x00000004   Data   RW         1370    .data.SystemCoreClock  system_stm32f4xx.o
    0x2000000c   0x08009844   0x00000009   Data   RW         2496    .data.accel_dma_tx_buf  ins_task.o
    0x20000015   0x0800984d   0x00000003   PAD
    0x20000018   0x08009850   0x00000024   Data   RW         2505    .data.accel_scale_factor  ins_task.o
    0x2000003c   0x08009874   0x00000004   Data   RW         2497    .data.accel_temp_dma_tx_buf  ins_task.o
    0x20000040   0x08009878   0x00000004   Data   RW         2445    .data.cali_hook_fun  calibrate_task.o
    0x20000044   0x0800987c   0x00000008   Data   RW         2495    .data.gyro_dma_tx_buf  ins_task.o
    0x2000004c   0x08009884   0x00000024   Data   RW         2504    .data.gyro_scale_factor  ins_task.o
    0x20000070   0x080098a8   0x00000024   Data   RW         2506    .data.mag_scale_factor  ins_task.o
    0x20000094   0x080098cc   0x00000004   Data   RW         2039    .data.twoKp         mahonyahrs.o
    0x20000098   0x080098d0   0x00000001   Data   RW          703    .data.uwTickFreq    stm32f4xx_hal.o
    0x20000099   0x080098d1   0x00000003   PAD
    0x2000009c   0x080098d4   0x00000004   Data   RW          702    .data.uwTickPrio    stm32f4xx_hal.o
    0x200000a0   0x080098d8   0x00000004   Data   RW         1938    .data.uxCriticalNesting  port.o
    0x200000a4   0x080098dc   0x00000004   PAD
    0x200000a8        -       0x00000060   Zero   RW         2867    .bss                c_w.l(libspace.o)
    0x20000108        -       0x00000004   Zero   RW           54    .bss.All_InitHandle  freertos.o
    0x2000010c        -       0x00000004   Zero   RW           50    .bss.CAN1_ReceiveHandle  freertos.o
    0x20000110        -       0x00000004   Zero   RW           56    .bss.CAN1_TaskHandle  freertos.o
    0x20000114        -       0x00000004   Zero   RW           51    .bss.CAN2_ReceiveHandle  freertos.o
    0x20000118        -       0x00000004   Zero   RW           58    .bss.CAN2_TaskHandle  freertos.o
    0x2000011c        -       0x00000004   Zero   RW           62    .bss.Cali_TaskHandle  freertos.o
    0x20000120        -       0x00000024   Zero   RW         1957    .bss.Can1_Export_Data  bsp_can.o
    0x20000144        -       0x00000024   Zero   RW         1958    .bss.Can2_Export_Data  bsp_can.o
    0x20000168        -       0x00000004   Zero   RW           68    .bss.Check_TaskHandle  freertos.o
    0x2000016c        -       0x0000002c   Zero   RW         2276    .bss.DJI_C_IMU      dji_imu.o
    0x20000198        -       0x00000040   Zero   RW         2426    .bss.DM4310s_yaw    dm4310_motor.o
    0x200001d8        -       0x00000020   Zero   RW         2343    .bss.DR16_Export_Data  dr16.o
    0x200001f8        -       0x00000008   Zero   RW         2277    .bss.Euler_Send     dji_imu.o
    0x20000200        -       0x00000008   Zero   RW         2278    .bss.Gyro_Send      dji_imu.o
    0x20000208        -       0x00000004   Zero   RW         2523    .bss.HAL_GPIO_EXTI_Callback.xHigherPriorityTaskWoken  ins_task.o
    0x2000020c        -       0x00000004   Zero   RW           89    .bss.HAL_RCC_CAN1_CLK_ENABLED  can.o
    0x20000210        -       0x00000002   Zero   RW         2279    .bss.IMU_CAL        dji_imu.o
    0x20000212   0x080098dc   0x00000002   PAD
    0x20000214        -       0x00000004   Zero   RW           60    .bss.IMU_Send_TaskHandle  freertos.o
    0x20000218        -       0x0000000c   Zero   RW         2511    .bss.INS_accel      ins_task.o
    0x20000224        -       0x0000000c   Zero   RW         2508    .bss.INS_angle      ins_task.o
    0x20000230        -       0x0000000c   Zero   RW         2509    .bss.INS_gyro       ins_task.o
    0x2000023c        -       0x0000000c   Zero   RW         2512    .bss.INS_mag        ins_task.o
    0x20000248        -       0x00000010   Zero   RW         2515    .bss.INS_quat       ins_task.o
    0x20000258        -       0x00000004   Zero   RW         2517    .bss.INS_task_local_handler  ins_task.o
    0x2000025c        -       0x00000004   Zero   RW           64    .bss.Imu_TaskHandle  freertos.o
    0x20000260        -       0x00000004   Zero   RW         2342    .bss.M3508_state    dr16.o
    0x20000264        -       0x00000004   Zero   RW         2341    .bss.M6020_state    dr16.o
    0x20000268        -       0x00000400   Zero   RW         2327    .bss.OLED_GRAM      dji_oled.o
    0x20000668        -       0x00000004   Zero   RW           66    .bss.OLED_TaskHandle  freertos.o
    0x2000066c        -       0x00000004   Zero   RW           70    .bss.Robot_Ctrl_TaskHandle  freertos.o
    0x20000670        -       0x00000009   Zero   RW         2519    .bss.accel_dma_rx_buf  ins_task.o
    0x20000679   0x080098dc   0x00000003   PAD
    0x2000067c        -       0x00000004   Zero   RW         2530    .bss.accel_fliter_2.0  ins_task.o
    0x20000680        -       0x00000004   Zero   RW         2531    .bss.accel_fliter_2.1  ins_task.o
    0x20000684        -       0x00000004   Zero   RW         2532    .bss.accel_fliter_2.2  ins_task.o
    0x20000688        -       0x0000000c   Zero   RW         2516    .bss.accel_fliter_3  ins_task.o
    0x20000694        -       0x0000000c   Zero   RW         2524    .bss.accel_offset   ins_task.o
    0x200006a0        -       0x00000004   Zero   RW         2520    .bss.accel_temp_dma_rx_buf  ins_task.o
    0x200006a4        -       0x00000001   Zero   RW         2500    .bss.accel_temp_update_flag  ins_task.o
    0x200006a5        -       0x00000001   Zero   RW         2499    .bss.accel_update_flag  ins_task.o
    0x200006a6        -       0x00000002   Zero   RW         2189    .bss.accel_x        bmi088driver.o
    0x200006a8        -       0x00000002   Zero   RW         2190    .bss.accel_y        bmi088driver.o
    0x200006aa        -       0x00000002   Zero   RW         2191    .bss.accel_z        bmi088driver.o
    0x200006ac        -       0x00000024   Zero   RW         2510    .bss.bmi088_real_data  ins_task.o
    0x200006d0        -       0x00000002   Zero   RW         2451    .bss.cali_gyro_hook.count_time  calibrate_task.o
    0x200006d2   0x080098dc   0x00000002   PAD
    0x200006d4        -       0x0000000d   Zero   RW         2448    .bss.cali_sensor    calibrate_task.o
    0x200006e1        -       0x00000001   Zero   RW         2446    .bss.calibrate_task.i  calibrate_task.o
    0x200006e2        -       0x00000001   Zero   RW         2447    .bss.calibrate_task.key_last_level  calibrate_task.o
    0x200006e3   0x080098dc   0x00000005   PAD
    0x200006e8        -       0x00000008   Zero   RW         2340    .bss.can1_send_data  dr16.o
    0x200006f0        -       0x00000004   Zero   RW         1974    .bss.fac_ms         bsp_delay.o
    0x200006f4        -       0x00000001   Zero   RW         1973    .bss.fac_us         bsp_delay.o
    0x200006f5        -       0x00000001   Zero   RW         2529    .bss.first_temperate  ins_task.o
    0x200006f6   0x080098dc   0x00000002   PAD
    0x200006f8        -       0x0000001c   Zero   RW         2450    .bss.flash_write_buf  calibrate_task.o
    0x20000714        -       0x00000004   Zero   RW         1997    .bss.flash_write_single_address.data_buf  bsp_flash.o
    0x20000718        -       0x00000004   Zero   RW         1998    .bss.flash_write_single_address.data_len  bsp_flash.o
    0x2000071c        -       0x00000004   Zero   RW         1996    .bss.flash_write_single_address.end_address  bsp_flash.o
    0x20000720        -       0x00000004   Zero   RW         1995    .bss.flash_write_single_address.uw_address  bsp_flash.o
    0x20000724        -       0x00000018   Zero   RW         2449    .bss.gyro_cali      calibrate_task.o
    0x2000073c        -       0x0000000c   Zero   RW         2521    .bss.gyro_cali_offset  ins_task.o
    0x20000748        -       0x00000008   Zero   RW         2518    .bss.gyro_dma_rx_buf  ins_task.o
    0x20000750        -       0x0000000c   Zero   RW         2522    .bss.gyro_offset    ins_task.o
    0x2000075c        -       0x00000001   Zero   RW         2498    .bss.gyro_update_flag  ins_task.o
    0x2000075d   0x080098dc   0x00000003   PAD
    0x20000760        -       0x00000028   Zero   RW           87    .bss.hcan1          can.o
    0x20000788        -       0x00000028   Zero   RW           88    .bss.hcan2          can.o
    0x200007b0        -       0x00000060   Zero   RW          132    .bss.hdma_spi1_rx   spi.o
    0x20000810        -       0x00000060   Zero   RW          133    .bss.hdma_spi1_tx   spi.o
    0x20000870        -       0x00000054   Zero   RW          113    .bss.hi2c3          i2c.o
    0x200008c4        -       0x00000058   Zero   RW          130    .bss.hspi1          spi.o
    0x2000091c        -       0x00000058   Zero   RW          131    .bss.hspi2          spi.o
    0x20000974        -       0x00000048   Zero   RW          150    .bss.htim10         tim.o
    0x200009bc        -       0x00000048   Zero   RW          207    .bss.htim6          stm32f4xx_hal_timebase_tim.o
    0x20000a04        -       0x00000001   Zero   RW         2502    .bss.imu_start_dma_flag  ins_task.o
    0x20000a05        -       0x00000001   Zero   RW         2528    .bss.imu_temp_control.temp_constant_time  ins_task.o
    0x20000a06   0x080098dc   0x00000002   PAD
    0x20000a08        -       0x00000044   Zero   RW         2514    .bss.imu_temp_pid   ins_task.o
    0x20000a4c        -       0x00000004   Zero   RW         2041    .bss.integralFBx    mahonyahrs.o
    0x20000a50        -       0x00000004   Zero   RW         2042    .bss.integralFBy    mahonyahrs.o
    0x20000a54        -       0x00000004   Zero   RW         2043    .bss.integralFBz    mahonyahrs.o
    0x20000a58        -       0x00000010   Zero   RW         2513    .bss.ist8310_real_data  ins_task.o
    0x20000a68        -       0x0000000c   Zero   RW         2526    .bss.mag_offset     ins_task.o
    0x20000a74        -       0x00000001   Zero   RW         2501    .bss.mag_update_flag  ins_task.o
    0x20000a75   0x080098dc   0x00000003   PAD
    0x20000a78        -       0x0000008c   Zero   RW         2069    .bss.motor_pid_Cas_Pitch  pid.o
    0x20000b04        -       0x0000008c   Zero   RW         2068    .bss.motor_pid_Cas_Yaw  pid.o
    0x20000b90        -       0x00000044   Zero   RW         2070    .bss.motor_pid_dial_speed  pid.o
    0x20000bd4        -       0x00000020   Zero   RW          386    .bss.pFlash         stm32f4xx_hal_flash.o
    0x20000bf4        -       0x00000078   Zero   RW         1748    .bss.prvCheckForValidListAndQueue.ucStaticTimerQueueStorage  timers.o
    0x20000c6c        -       0x00000048   Zero   RW         1747    .bss.prvCheckForValidListAndQueue.xStaticTimerQueue  timers.o
    0x20000cb4        -       0x00000004   Zero   RW         1744    .bss.prvSampleTimeNow.xLastTime  timers.o
    0x20000cb8        -       0x00000004   Zero   RW         1665    .bss.pxCurrentTCB   tasks.o
    0x20000cbc        -       0x00000004   Zero   RW         1742    .bss.pxCurrentTimerList  timers.o
    0x20000cc0        -       0x00000004   Zero   RW         1681    .bss.pxDelayedTaskList  tasks.o
    0x20000cc4        -       0x00000004   Zero   RW         1894    .bss.pxEnd          heap_4.o
    0x20000cc8        -       0x00000004   Zero   RW         1682    .bss.pxOverflowDelayedTaskList  tasks.o
    0x20000ccc        -       0x00000004   Zero   RW         1743    .bss.pxOverflowTimerList  timers.o
    0x20000cd0        -       0x0000008c   Zero   RW         1666    .bss.pxReadyTasksLists  tasks.o
    0x20000d5c        -       0x00000004   Zero   RW         2040    .bss.twoKi          mahonyahrs.o
    0x20000d60        -       0x00005ba0   Zero   RW         1901    .bss.ucHeap         heap_4.o
    0x20006900        -       0x00000001   Zero   RW         1936    .bss.ucMaxSysCallPriority  port.o
    0x20006901   0x080098dc   0x00000003   PAD
    0x20006904        -       0x00000004   Zero   RW         1937    .bss.ulMaxPRIGROUPValue  port.o
    0x20006908        -       0x00000004   Zero   RW          704    .bss.uwTick         stm32f4xx_hal.o
    0x2000690c        -       0x00000004   Zero   RW         1671    .bss.uxCurrentNumberOfTasks  tasks.o
    0x20006910        -       0x00000004   Zero   RW         1670    .bss.uxDeletedTasksWaitingCleanUp  tasks.o
    0x20006914        -       0x00000004   Zero   RW         1673    .bss.uxSchedulerSuspended  tasks.o
    0x20006918        -       0x00000004   Zero   RW         1668    .bss.uxTaskNumber   tasks.o
    0x2000691c        -       0x00000004   Zero   RW         1667    .bss.uxTopReadyPriority  tasks.o
    0x20006920        -       0x00000014   Zero   RW         1745    .bss.xActiveTimerList1  timers.o
    0x20006934        -       0x00000014   Zero   RW         1746    .bss.xActiveTimerList2  timers.o
    0x20006948        -       0x00000001   Zero   RW         1895    .bss.xBlockAllocatedBit  heap_4.o
    0x20006949   0x080098dc   0x00000003   PAD
    0x2000694c        -       0x00000014   Zero   RW         1684    .bss.xDelayedTaskList1  tasks.o
    0x20006960        -       0x00000014   Zero   RW         1685    .bss.xDelayedTaskList2  tasks.o
    0x20006974        -       0x00000004   Zero   RW         1896    .bss.xFreeBytesRemaining  heap_4.o
    0x20006978        -       0x00000200   Zero   RW           46    .bss.xIdleStack     freertos.o
    0x20006b78        -       0x00000004   Zero   RW         1677    .bss.xIdleTaskHandle  tasks.o
    0x20006b7c        -       0x00000054   Zero   RW           45    .bss.xIdleTaskTCBBuffer  freertos.o
    0x20006bd0        -       0x00000004   Zero   RW         1898    .bss.xMinimumEverFreeBytesRemaining  heap_4.o
    0x20006bd4        -       0x00000004   Zero   RW         1678    .bss.xNextTaskUnblockTime  tasks.o
    0x20006bd8        -       0x00000004   Zero   RW         1683    .bss.xNumOfOverflows  tasks.o
    0x20006bdc        -       0x00000004   Zero   RW         1899    .bss.xNumberOfSuccessfulAllocations  heap_4.o
    0x20006be0        -       0x00000004   Zero   RW         1900    .bss.xNumberOfSuccessfulFrees  heap_4.o
    0x20006be4        -       0x00000004   Zero   RW         1680    .bss.xPendedTicks   tasks.o
    0x20006be8        -       0x00000014   Zero   RW         1676    .bss.xPendingReadyList  tasks.o
    0x20006bfc        -       0x00000040   Zero   RW         1492    .bss.xQueueRegistry  queue.o
    0x20006c3c        -       0x00000004   Zero   RW         1672    .bss.xSchedulerRunning  tasks.o
    0x20006c40        -       0x00000008   Zero   RW         1897    .bss.xStart         heap_4.o
    0x20006c48        -       0x00000014   Zero   RW         1675    .bss.xSuspendedTaskList  tasks.o
    0x20006c5c        -       0x00000014   Zero   RW         1669    .bss.xTasksWaitingTermination  tasks.o
    0x20006c70        -       0x00000004   Zero   RW         1674    .bss.xTickCount     tasks.o
    0x20006c74        -       0x00000004   Zero   RW         1740    .bss.xTimerQueue    timers.o
    0x20006c78        -       0x00000400   Zero   RW           48    .bss.xTimerStack    freertos.o
    0x20007078        -       0x00000004   Zero   RW         1741    .bss.xTimerTaskHandle  timers.o
    0x2000707c        -       0x00000054   Zero   RW           47    .bss.xTimerTaskTCBBuffer  freertos.o
    0x200070d0        -       0x00000004   Zero   RW         1679    .bss.xYieldPending  tasks.o
    0x200070d4   0x080098dc   0x00000004   PAD
    0x200070d8        -       0x00002000   Zero   RW            2    HEAP                startup_stm32f407xx.o
    0x200090d8        -       0x00002000   Zero   RW            1    STACK               startup_stm32f407xx.o


    Execution Region RW_IRAM2 (Exec base: 0x2001c000, Load base: 0x080098e0, Size: 0x00000000, Max: 0x00004000, ABSOLUTE)

    **** No section assigned to this execution region ****


==============================================================================

Image component sizes


      Code (inc. data)   RO Data    RW Data    ZI Data      Debug   Object Name

      2116          4         54          8          6       7502   bmi088driver.o
       142          0          0          0          0       3126   bmi088middleware.o
       276          0          0          0         72       4418   bsp_can.o
       118          0          0          0          5       1910   bsp_delay.o
       364          0          0          0         16       3044   bsp_flash.o
      3132          0          0          0          0       2877   bsp_spi.o
       520          0          0          4         69       3858   calibrate_task.o
       422          0          0          0         84       6485   can.o
       198          0          0          0          0      20489   cmsis_os.o
       208         16          0          0         62       2360   dji_imu.o
       526          0          0          0       1024       9771   dji_oled.o
       210          8          0          0         64       6101   dm4310_motor.o
        70          0          0          0          0       3294   dma.o
       134          0          0          0         48       1785   dr16.o
       628          0        383          0       1748       4721   freertos.o
       512          0          0          0          0       4252   gpio.o
       674          0          0          0      23485       4750   heap_4.o
       240          0          0          0         84       5190   i2c.o
        48          0          0          0          0        846   imu_send_task.o
      2910         40          0        129        292      10791   ins_task.o
       130          0         12          0          0       1838   ist8310driver.o
       148          0          0          0          0       3944   ist8310middleware.o
       150          0          0          0          0       2217   list.o
      1734         16          0          4         16       5265   mahonyahrs.o
       246          0          0          0          0       6005   main.o
        30          0          0          0          0        828   oled_show_task.o
       404         56          0          0        348       3500   pid.o
       872         16          0          4          5       3923   port.o
      1804          0          0          0         64      19660   queue.o
        22          0          0          0          0        838   robot_control_task.o
       594          0          0          0        368       5424   spi.o
        64         26        392          0      16384        836   startup_stm32f407xx.o
       132          0          0          5          4       7277   stm32f4xx_hal.o
      1472          6          0          0          0      13101   stm32f4xx_hal_can.o
       204          0          0          0          0      10724   stm32f4xx_hal_cortex.o
       346         12          0          0          0       9269   stm32f4xx_hal_dma.o
       576          0          0          0         32       5334   stm32f4xx_hal_flash.o
       374          0          0          0          0       5625   stm32f4xx_hal_flash_ex.o
       456          0          0          0          0       5190   stm32f4xx_hal_gpio.o
      2278          0          0          0          0      39310   stm32f4xx_hal_i2c.o
        70          0          0          0          0       3354   stm32f4xx_hal_msp.o
      1404          0          0          0          0       7295   stm32f4xx_hal_rcc.o
      1348          0          0          0          0      21664   stm32f4xx_hal_spi.o
      1552          4          0          0          0      44839   stm32f4xx_hal_tim.o
         4          0          0          0          0      19231   stm32f4xx_hal_tim_ex.o
       174          0          0          0         72       7231   stm32f4xx_hal_timebase_tim.o
       100          0          0          0          0       2781   stm32f4xx_it.o
        18          0         24          4          0       2630   system_stm32f4xx.o
       118          0          0          0          0       1479   task_canmsg.o
        22          0          0          0          0        820   task_check.o
      3752          8          0          0        300      27084   tasks.o
       284          0          0          0         72       5789   tim.o
      1158         26          0          0        252      13233   timers.o

    ----------------------------------------------------------------------
     35820        238        900        164      45012     415108   Object Totals
         0          0         32          0          0          0   (incl. Generated)
       332          0          3          6         36          0   (incl. Padding)

    ----------------------------------------------------------------------

      Code (inc. data)   RO Data    RW Data    ZI Data      Debug   Library Member Name

         8          0          0          0          0         68   __main.o
         0          0          0          0          0          0   __rtentry.o
        12          0          0          0          0          0   __rtentry2.o
         6          0          0          0          0          0   __rtentry4.o
        52          8          0          0          0          0   __scatter.o
        26          0          0          0          0          0   __scatter_copy.o
        28          0          0          0          0          0   __scatter_zi.o
        22          0          0          0          0        100   _rserrno.o
        18          0          0          0          0         80   exit.o
         6          0          0          0          0        152   heapauxi.o
         0          0          0          0          0          0   indicate_semi.o
         2          0          0          0          0          0   libinit.o
         6          0          0          0          0          0   libinit2.o
         2          0          0          0          0          0   libshutdown.o
         2          0          0          0          0          0   libshutdown2.o
         8          4          0          0         96         68   libspace.o
       240          0          0          0          0        100   lludivv7m.o
         8          4          0          0          0         68   rt_errno_addr_intlibspace.o
        78          0          0          0          0         80   rt_memclr_w.o
       138          0          0          0          0         68   rt_memcpy_v6.o
       100          0          0          0          0         80   rt_memcpy_w.o
         2          0          0          0          0          0   rtexit.o
        10          0          0          0          0          0   rtexit2.o
        62          0          0          0          0         76   strlen.o
        12          4          0          0          0         68   sys_exit.o
        74          0          0          0          0         80   sys_stackheap_outer.o
         2          0          0          0          0         68   use_no_semi.o
        96          0          0          0          0        132   ffltll_clz.o
        26          0          0          0          0        116   fpinit.o
         0          0          0          0          0          0   usenofp.o
       300         42          0          0          0        176   asinf.o
       684         90          0          0          0        208   atan2f.o
        38          0          0          0          0        116   fpclassifyf.o
        44         12          0          0          0        464   funder.o
       120          0          0          0          0        272   sqrtf.o

    ----------------------------------------------------------------------
      2244        164          0          0         96       2640   Library Totals
        12          0          0          0          0          0   (incl. Padding)

    ----------------------------------------------------------------------

      Code (inc. data)   RO Data    RW Data    ZI Data      Debug   Library Name

       924         20          0          0         96       1156   c_w.l
       122          0          0          0          0        248   fz_wm.l
      1186        144          0          0          0       1236   m_wm.l

    ----------------------------------------------------------------------
      2244        164          0          0         96       2640   Library Totals

    ----------------------------------------------------------------------

==============================================================================


      Code (inc. data)   RO Data    RW Data    ZI Data      Debug   

     38064        402        900        164      45108     415308   Grand Totals
     38064        402        900        164      45108     415308   ELF Image Totals
     38064        402        900        164          0          0   ROM Totals

==============================================================================

    Total RO  Size (Code + RO Data)                38964 (  38.05kB)
    Total RW  Size (RW Data + ZI Data)             45272 (  44.21kB)
    Total ROM Size (Code + RO Data + RW Data)      39128 (  38.21kB)

==============================================================================

