<html>
<body>
<pre>
<h1>µVision Build Log</h1>
<h2>Tool Versions:</h2>
IDE-Version: ¦ÌVision V5.36.0.0
Copyright (C) 2021 ARM Ltd and ARM Germany GmbH. All rights reserved.
License Information: jiangminghao 8615501528827, gcu, LIC=UJWP0-BF00H-NNNAF-6IAZP-KKDDN-E1BAL
 
Tool Versions:
Toolchain:       MDK-ARM Plus  Version: 5.36.0.0
Toolchain Path:  C:\keil5\ARM\ARMCLANG\Bin
C Compiler:      ArmClang.exe V6.16
Assembler:       Armasm.exe V6.16
Linker/Locator:  ArmLink.exe V6.16
Library Manager: ArmAr.exe V6.16
Hex Converter:   FromElf.exe V6.16
CPU DLL:         SARMCM3.DLL V5.36.0.0
Dialog DLL:      DCM.DLL V1.17.3.0
Target DLL:      CMSIS_AGDI.dll V1.33.0.0
Dialog DLL:      TCM.DLL V1.53.0.0
 
<h2>Project:</h2>
C:\GitKraken\25_JMH_Pneumatic_Hero\25_Hero_Cloud\MDK-ARM\25_Hero_Cloud.uvprojx
Project File Date:  01/04/2025

<h2>Output:</h2>
*** Using Compiler 'V6.16', folder: 'C:\keil5\ARM\ARMCLANG\Bin'
Rebuild target '25_Hero_Cloud'
assembling startup_stm32f407xx.s...
compiling stm32f4xx_it.c...
compiling dma.c...
compiling gpio.c...
compiling freertos.c...
compiling i2c.c...
compiling stm32f4xx_hal_timebase_tim.c...
compiling stm32f4xx_hal_msp.c...
compiling spi.c...
compiling main.c...
compiling can.c...
compiling stm32f4xx_hal_can.c...
compiling tim.c...
compiling stm32f4xx_hal_flash_ramfunc.c...
compiling stm32f4xx_hal_rcc_ex.c...
compiling stm32f4xx_hal_flash.c...
compiling stm32f4xx_hal_rcc.c...
compiling stm32f4xx_hal_gpio.c...
compiling stm32f4xx_hal_flash_ex.c...
compiling stm32f4xx_hal_pwr.c...
compiling stm32f4xx_hal_dma_ex.c...
compiling stm32f4xx_hal_pwr_ex.c...
compiling stm32f4xx_hal_exti.c...
compiling stm32f4xx_hal.c...
compiling stm32f4xx_hal_dma.c...
compiling stm32f4xx_hal_cortex.c...
compiling stm32f4xx_hal_i2c_ex.c...
compiling croutine.c...
compiling list.c...
compiling system_stm32f4xx.c...
compiling event_groups.c...
compiling stream_buffer.c...
compiling timers.c...
compiling queue.c...
compiling stm32f4xx_hal_spi.c...
compiling port.c...
compiling stm32f4xx_hal_tim_ex.c...
compiling heap_4.c...
compiling bsp_delay.c...
compiling tasks.c...
compiling bsp_can.c...
compiling cmsis_os.c...
compiling MahonyAHRS.c...
compiling iir_filter.c...
compiling bsp_flash.c...
compiling Ramp.c...
compiling stm32f4xx_hal_tim.c...
compiling AddMath.c...
compiling bsp_spi.c...
compiling pid.c...
compiling stm32f4xx_hal_i2c.c...
compiling chassis_control.c...
compiling cloud_control.c...
compiling shoot_control.c...
compiling robot_control.c...
compiling ist8310driver.c...
compiling bmi088middleware.c...
compiling ANO.c...
compiling ist8310middleware.c...
compiling DJI_IMU.c...
compiling M2006_motor.c...
compiling M3508_motor.c...
compiling dr16.c...
compiling bmi088driver.c...
compiling M6020_motor.c...
compiling DM4310_motor.c...
compiling DJI_OLED.c...
compiling calibrate_task.c...
compiling Task_Check.c...
compiling Oled_Show_task.c...
compiling Task_CanMsg.c...
compiling IMU_Send_task.c...
compiling Robot_control_task.c...
compiling INS_task.c...
linking...
Program Size: Code=38064 RO-data=900 RW-data=164 ZI-data=45108  
FromELF: creating hex file...
"25_Hero_Cloud\25_Hero_Cloud.axf" - 0 Error(s), 0 Warning(s).

<h2>Software Packages used:</h2>

Package Vendor: ARM
                http://www.keil.com/pack/ARM.CMSIS.5.8.0.pack
                ARM.CMSIS.5.8.0
                CMSIS (Common Microcontroller Software Interface Standard)
   * Component: CORE Version: 5.5.0

Package Vendor: Keil
                https://www.keil.com/pack/Keil.STM32F4xx_DFP.2.17.1.pack
                Keil.STM32F4xx_DFP.2.17.1
                STMicroelectronics STM32F4 Series Device Support, Drivers and Examples

<h2>Collection of Component include folders:</h2>
  .\RTE\_25_Hero_Cloud
  C:\keil5\ARM\CMSIS\5.8.0\CMSIS\Core\Include
  C:\keil5\Keil\STM32F4xx_DFP\2.17.1\Drivers\CMSIS\Device\ST\STM32F4xx\Include

<h2>Collection of Component Files used:</h2>

   * Component: ARM::CMSIS:CORE:5.5.0
      Include file:  CMSIS\Core\Include\tz_context.h
Build Time Elapsed:  00:00:02
</pre>
</body>
</html>
