Component: ARM Compiler 6.16 Tool: armlink [5dfeaa00]

==============================================================================

Section Cross References

    startup_stm32f427xx.o(STACK) refers (Special) to heapauxi.o(.text) for __use_two_region_memory
    startup_stm32f427xx.o(HEAP) refers (Special) to heapauxi.o(.text) for __use_two_region_memory
    startup_stm32f427xx.o(RESET) refers (Special) to heapauxi.o(.text) for __use_two_region_memory
    startup_stm32f427xx.o(RESET) refers to startup_stm32f427xx.o(STACK) for __initial_sp
    startup_stm32f427xx.o(RESET) refers to startup_stm32f427xx.o(.text) for Reset_Handler
    startup_stm32f427xx.o(RESET) refers to stm32f4xx_it.o(.text.NMI_Handler) for NMI_Handler
    startup_stm32f427xx.o(RESET) refers to stm32f4xx_it.o(.text.HardFault_Handler) for HardFault_Handler
    startup_stm32f427xx.o(RESET) refers to stm32f4xx_it.o(.text.MemManage_Handler) for MemManage_Handler
    startup_stm32f427xx.o(RESET) refers to stm32f4xx_it.o(.text.BusFault_Handler) for BusFault_Handler
    startup_stm32f427xx.o(RESET) refers to stm32f4xx_it.o(.text.UsageFault_Handler) for UsageFault_Handler
    startup_stm32f427xx.o(RESET) refers to port.o(.text.SVC_Handler) for SVC_Handler
    startup_stm32f427xx.o(RESET) refers to stm32f4xx_it.o(.text.DebugMon_Handler) for DebugMon_Handler
    startup_stm32f427xx.o(RESET) refers to port.o(.text.PendSV_Handler) for PendSV_Handler
    startup_stm32f427xx.o(RESET) refers to port.o(.text.SysTick_Handler) for SysTick_Handler
    startup_stm32f427xx.o(RESET) refers to stm32f4xx_it.o(.text.DMA1_Stream1_IRQHandler) for DMA1_Stream1_IRQHandler
    startup_stm32f427xx.o(RESET) refers to stm32f4xx_it.o(.text.DMA1_Stream3_IRQHandler) for DMA1_Stream3_IRQHandler
    startup_stm32f427xx.o(RESET) refers to stm32f4xx_it.o(.text.CAN1_RX0_IRQHandler) for CAN1_RX0_IRQHandler
    startup_stm32f427xx.o(RESET) refers to stm32f4xx_it.o(.text.USART1_IRQHandler) for USART1_IRQHandler
    startup_stm32f427xx.o(RESET) refers to stm32f4xx_it.o(.text.USART3_IRQHandler) for USART3_IRQHandler
    startup_stm32f427xx.o(RESET) refers to stm32f4xx_it.o(.text.TIM6_DAC_IRQHandler) for TIM6_DAC_IRQHandler
    startup_stm32f427xx.o(RESET) refers to stm32f4xx_it.o(.text.DMA2_Stream2_IRQHandler) for DMA2_Stream2_IRQHandler
    startup_stm32f427xx.o(RESET) refers to stm32f4xx_it.o(.text.CAN2_RX0_IRQHandler) for CAN2_RX0_IRQHandler
    startup_stm32f427xx.o(.text) refers (Special) to heapauxi.o(.text) for __use_two_region_memory
    startup_stm32f427xx.o(.text) refers to system_stm32f4xx.o(.text.SystemInit) for SystemInit
    startup_stm32f427xx.o(.text) refers to __main.o(!!!main) for __main
    startup_stm32f427xx.o(.text) refers to startup_stm32f427xx.o(HEAP) for Heap_Mem
    startup_stm32f427xx.o(.text) refers to startup_stm32f427xx.o(STACK) for Stack_Mem
    main.o(.text.main) refers to stm32f4xx_hal.o(.text.HAL_Init) for HAL_Init
    main.o(.text.main) refers to main.o(.text.SystemClock_Config) for SystemClock_Config
    main.o(.text.main) refers to gpio.o(.text.MX_GPIO_Init) for MX_GPIO_Init
    main.o(.text.main) refers to dma.o(.text.MX_DMA_Init) for MX_DMA_Init
    main.o(.text.main) refers to can.o(.text.MX_CAN1_Init) for MX_CAN1_Init
    main.o(.text.main) refers to can.o(.text.MX_CAN2_Init) for MX_CAN2_Init
    main.o(.text.main) refers to usart.o(.text.MX_UART7_Init) for MX_UART7_Init
    main.o(.text.main) refers to usart.o(.text.MX_USART1_UART_Init) for MX_USART1_UART_Init
    main.o(.text.main) refers to usart.o(.text.MX_USART3_UART_Init) for MX_USART3_UART_Init
    main.o(.text.main) refers to freertos.o(.text.MX_FREERTOS_Init) for MX_FREERTOS_Init
    main.o(.text.main) refers to cmsis_os.o(.text.osKernelStart) for osKernelStart
    main.o(.ARM.exidx.text.main) refers to main.o(.text.main) for [Anonymous Symbol]
    main.o(.text.SystemClock_Config) refers to rt_memclr_w.o(.text) for __aeabi_memclr4
    main.o(.text.SystemClock_Config) refers to stm32f4xx_hal_rcc.o(.text.HAL_RCC_OscConfig) for HAL_RCC_OscConfig
    main.o(.text.SystemClock_Config) refers to stm32f4xx_hal_rcc.o(.text.HAL_RCC_ClockConfig) for HAL_RCC_ClockConfig
    main.o(.text.SystemClock_Config) refers to main.o(.text.Error_Handler) for Error_Handler
    main.o(.ARM.exidx.text.SystemClock_Config) refers to main.o(.text.SystemClock_Config) for [Anonymous Symbol]
    main.o(.ARM.exidx.text.Error_Handler) refers to main.o(.text.Error_Handler) for [Anonymous Symbol]
    main.o(.text.HAL_TIM_PeriodElapsedCallback) refers to stm32f4xx_hal.o(.text.HAL_IncTick) for HAL_IncTick
    main.o(.ARM.exidx.text.HAL_TIM_PeriodElapsedCallback) refers to main.o(.text.HAL_TIM_PeriodElapsedCallback) for [Anonymous Symbol]
    gpio.o(.ARM.exidx.text.MX_GPIO_Init) refers to gpio.o(.text.MX_GPIO_Init) for [Anonymous Symbol]
    freertos.o(.text.vApplicationGetIdleTaskMemory) refers to freertos.o(.bss.xIdleTaskTCBBuffer) for xIdleTaskTCBBuffer
[...]
    _ddiv                                    0x08008391   Thumb Code   748  ddiv_clz.o(x$fpl$ddiv)
    __aeabi_cdcmpeq                          0x0800870d   Thumb Code     0  deqf.o(x$fpl$deqf)
    _dcmpeq                                  0x0800870d   Thumb Code   116  deqf.o(x$fpl$deqf)
    __aeabi_d2iz                             0x08008781   Thumb Code     0  dfix.o(x$fpl$dfix)
    _dfix                                    0x08008781   Thumb Code   192  dfix.o(x$fpl$dfix)
    __dflt_normalise                         0x08008849   Thumb Code    26  dflt_clz.o(x$fpl$dfltn)
    __aeabi_dmul                             0x08008865   Thumb Code     0  dmul_clz.o(x$fpl$dmul)
    _dmul                                    0x08008865   Thumb Code   440  dmul_clz.o(x$fpl$dmul)
    __fpl_dnaninf                            0x08008a25   Thumb Code   262  dnaninf.o(x$fpl$dnaninf)
    __fpl_drenorm2                           0x08008b2b   Thumb Code   106  drenorm_clz.o(x$fpl$drenorm)
    __fpl_drenorm1                           0x08008b95   Thumb Code     6  drenorm_clz.o(x$fpl$drenorm)
    __fpl_dretinf                            0x08008b9b   Thumb Code    12  dretinf.o(x$fpl$dretinf)
    __aeabi_drsub                            0x08008ba9   Thumb Code     0  daddsub_clz.o(x$fpl$drsb)
    _drsb                                    0x08008ba9   Thumb Code    74  daddsub_clz.o(x$fpl$drsb)
    _dsqrt                                   0x08008bf9   Thumb Code   520  dsqrt_umaalclz.o(x$fpl$dsqrt)
    __aeabi_dsub                             0x08008e01   Thumb Code     0  daddsub_clz.o(x$fpl$dsub)
    _dsub                                    0x08008e01   Thumb Code   668  daddsub_clz.o(x$fpl$dsub)
    __dunder                                 0x080090a1   Thumb Code   314  dunder_clz.o(x$fpl$dunder)
    __dunder_d                               0x080091db   Thumb Code    64  dunder_clz.o(x$fpl$dunder)
    __fpl_exception                          0x0800921d   Thumb Code   454  except.o(x$fpl$exception)
    __aeabi_f2d                              0x08009409   Thumb Code     0  f2d.o(x$fpl$f2d)
    _f2d                                     0x08009409   Thumb Code   122  f2d.o(x$fpl$f2d)
    __fpl_fnaninf                            0x08009483   Thumb Code   246  fnaninf.o(x$fpl$fnaninf)
    _fp_init                                 0x08009579   Thumb Code    22  fpinit.o(x$fpl$fpinit)
    __fplib_config_fpu_vfp                   0x0800958d   Thumb Code     0  fpinit.o(x$fpl$fpinit)
    __fplib_config_pureend_doubles           0x0800958d   Thumb Code     0  fpinit.o(x$fpl$fpinit)
    __fpl_fretinf                            0x0800958f   Thumb Code    10  fretinf.o(x$fpl$fretinf)
    __funder                                 0x08009599   Thumb Code   254  funder_clz.o(x$fpl$funder)
    __funder_d                               0x08009697   Thumb Code    62  funder_clz.o(x$fpl$funder)
    __aeabi_f2lz                             0x080096d5   Thumb Code     0  ffixll.o(x$fpl$llsfromf)
    _ll_sfrom_f                              0x080096d5   Thumb Code   172  ffixll.o(x$fpl$llsfromf)
    __fpl_return_NaN                         0x08009789   Thumb Code   178  retnan.o(x$fpl$retnan)
    _fp_trapveneer                           0x0800983b   Thumb Code    36  trapv.o(x$fpl$trapveneer)
    __fpl_cmpreturn                          0x0800985f   Thumb Code    90  trapv.o(x$fpl$trapveneer)
    __I$use$fp                               0x080098b8   Number         0  usenofp.o(x$fpl$usenofp)
    sinTable_f32                             0x080098b8   Data        2052  arm_common_tables.o(.constdata)
    __mathlib_zero                           0x0800a158   Data           8  qnan.o(.constdata)
    AHBPrescTable                            0x0800a208   Data          16  system_stm32f4xx.o(.rodata.AHBPrescTable)
    APBPrescTable                            0x0800a218   Data           8  system_stm32f4xx.o(.rodata.APBPrescTable)
    wCRC_Table                               0x0800a286   Data         512  rm_judgesystem.o(.rodata.wCRC_Table)
    Region$$Table$$Base                      0x0800a488   Number         0  anon$$obj.o(Region$$Table)
    Region$$Table$$Limit                     0x0800a4a8   Number         0  anon$$obj.o(Region$$Table)
    SHT$$INIT_ARRAY$$Base                    0x0800a4a8   Number         0  powercontroller.o(.init_array)
    SHT$$INIT_ARRAY$$Limit                   0x0800a4ac   Number         0  init_aeabi.o(.init_array)
    CRC_INIT                                 0x20000000   Data           2  rm_judgesystem.o(.data.CRC_INIT)
    DR16_Export_Data                         0x20000004   Data          36  dr16.o(.data.DR16_Export_Data)
    Data_Enable                              0x20000028   Data           8  dm4310_motor.o(.data.Data_Enable)
    Data_Failure                             0x20000030   Data           8  dm4310_motor.o(.data.Data_Failure)
    Radius                                   0x20000038   Data           4  chassis_control.o(.data.Radius)
    SupCap                                   0x2000003c   Data          60  supcap.o(.data.SupCap)
    SystemCoreClock                          0x20000078   Data           4  system_stm32f4xx.o(.data.SystemCoreClock)
    s_RemoteMode                             0x2000007c   Data           1  robot_control.o(.data.s_RemoteMode)
    s_SuperCapMode                           0x2000007d   Data           1  supcap.o(.data.s_SuperCapMode)
    uwTickFreq                               0x2000007e   Data           1  stm32f4xx_hal.o(.data.uwTickFreq)
    uwTickPrio                               0x20000080   Data           4  stm32f4xx_hal.o(.data.uwTickPrio)
    __libspace_start                         0x20000088   Data          96  libspace.o(.bss)
    All_InitHandle                           0x200000e8   Data           4  freertos.o(.bss.All_InitHandle)
    __temporary_stack_top$libspace           0x200000e8   Data           0  libspace.o(.bss)
    Brake_cnt                                0x200000ee   Data           2  chassis_control.o(.bss.Brake_cnt)
    CAN1_ReceiveHandle                       0x200000f0   Data           4  freertos.o(.bss.CAN1_ReceiveHandle)
    CAN1_TaskHandle                          0x200000f4   Data           4  freertos.o(.bss.CAN1_TaskHandle)
    CAN2_ReceiveHandle                       0x200000f8   Data           4  freertos.o(.bss.CAN2_ReceiveHandle)
    CAN2_TaskHandle                          0x200000fc   Data           4  freertos.o(.bss.CAN2_TaskHandle)
    CAN_Send_TaskHandle                      0x20000100   Data           4  freertos.o(.bss.CAN_Send_TaskHandle)
    Can1_Export_Data                         0x20000104   Data          36  bsp_can.o(.bss.Can1_Export_Data)
    Can2_Export_Data                         0x20000128   Data          36  bsp_can.o(.bss.Can2_Export_Data)
    Chassis_PowerLimit                       0x2000014c   Data         380  power_limit_control.o(.bss.Chassis_PowerLimit)
    Check_TaskHandle                         0x200002c8   Data           4  freertos.o(.bss.Check_TaskHandle)
    ControlSwitch                            0x200002cc   Data           2  dr16.o(.bss.ControlSwitch)
    DM4310s_yaw                              0x200002d0   Data          64  dm4310_motor.o(.bss.DM4310s_yaw)
    DR16                                     0x20000310   Data          44  dr16.o(.bss.DR16)
    DR16_Date                                0x20000340   Data           8  can_send_task.o(.bss.DR16_Date)
    DRV_CalcRatio                            0x20000348   Data           4  power_limit_control.o(.bss.DRV_CalcRatio)
    Go_Up                                    0x20000351   Data           1  power_limit_control.o(.bss.Go_Up)
    JudgeSystem_rxBuff                       0x20000358   Data         389  rm_judgesystem.o(.bss.JudgeSystem_rxBuff)
    M3508s_chassis                           0x200004e0   Data         112  m3508_motor.o(.bss.M3508s_chassis)
    M3508s_dial                              0x20000550   Data          28  m3508_motor.o(.bss.M3508s_dial)
    M6020s_Yaw                               0x2000056c   Data          64  m6020_motor.o(.bss.M6020s_Yaw)
    M6020s_Yaw_Angle_Centre                  0x200005ac   Data           4  chassis_control.o(.bss.M6020s_Yaw_Angle_Centre)
    M6020s_chassis                           0x200005b0   Data         256  m6020_motor.o(.bss.M6020s_chassis)
    Move_flag                                0x200006b0   Data           1  chassis_control.o(.bss.Move_flag)
    No_move_flag                             0x200006b1   Data           1  chassis_control.o(.bss.No_move_flag)
    Power_Buffer                             0x200006b2   Data           2  power_limit_control.o(.bss.Power_Buffer)
    Power_Meter                              0x200006b4   Data          16  power_meter.o(.bss.Power_Meter)
    RUD_Param                                0x200006d4   Data         112  chassis_control.o(.bss.RUD_Param)
    Robot_Ctrl_TaskHandle                    0x20000744   Data           4  freertos.o(.bss.Robot_Ctrl_TaskHandle)
    SCCMCanParam                             0x20000754   Data          24  supcap.o(.bss.SCCMCanParam)
    SCCM_Send_Data                           0x20000770   Data           8  supcap.o(.bss.SCCM_Send_Data)
    SumCurrent_In                            0x20000780   Data           4  power_limit_control.o(.bss.SumCurrent_In)
    SumCurrent_Out                           0x20000784   Data           4  power_limit_control.o(.bss.SumCurrent_Out)
    Sup_c                                    0x20000788   Data           4  supcap.o(.bss.Sup_c)
    Supcap_Rec_ChassisPower_Limit            0x2000078c   Data           4  supcap.o(.bss.Supcap_Rec_ChassisPower_Limit)
    can1_send_data                           0x200007c8   Data           8  can_send_task.o(.bss.can1_send_data)
    dbus_buf                                 0x200007d0   Data          18  dr16.o(.bss.dbus_buf)
    drv_tempcurrent                          0x200007e2   Data          16  power_limit_control.o(.bss.drv_tempcurrent)
    error                                    0x200007f4   Data           4  chassis_control.o(.bss.error)
    ext_bullet_remaining                     0x200007f8   Data           7  rm_judgesystem.o(.bss.ext_bullet_remaining)
    ext_custom_controller                    0x20000800   Data          31  rm_judgesystem.o(.bss.ext_custom_controller)
    ext_game_robot_HP                        0x20000820   Data          33  rm_judgesystem.o(.bss.ext_game_robot_HP)
    ext_game_robot_state                     0x20000844   Data          15  rm_judgesystem.o(.bss.ext_game_robot_state)
    ext_power_heat_data                      0x20000854   Data          17  rm_judgesystem.o(.bss.ext_power_heat_data)
    ext_shoot_data                           0x20000868   Data           9  rm_judgesystem.o(.bss.ext_shoot_data)
    hcan1                                    0x20000874   Data          40  can.o(.bss.hcan1)
    hcan2                                    0x2000089c   Data          40  can.o(.bss.hcan2)
    hdma_usart1_rx                           0x200008c4   Data          96  usart.o(.bss.hdma_usart1_rx)
    hdma_usart3_rx                           0x20000924   Data          96  usart.o(.bss.hdma_usart3_rx)
    hdma_usart3_tx                           0x20000984   Data          96  usart.o(.bss.hdma_usart3_tx)
    htim6                                    0x200009e4   Data          72  stm32f4xx_hal_timebase_tim.o(.bss.htim6)
    huart1                                   0x20000a2c   Data          68  usart.o(.bss.huart1)
    huart3                                   0x20000a70   Data          68  usart.o(.bss.huart3)
    huart7                                   0x20000ab4   Data          68  usart.o(.bss.huart7)
    motor_pid_Cas_Yaw                        0x20000af8   Data         140  pid.o(.bss.motor_pid_Cas_Yaw)
    motor_pid_chassis                        0x20000b84   Data         272  pid.o(.bss.motor_pid_chassis)
    motor_pid_chassis_6020                   0x20000c94   Data         560  pid.o(.bss.motor_pid_chassis_6020)
    motor_pid_chassis_6020_stop              0x20000ec4   Data         560  pid.o(.bss.motor_pid_chassis_6020_stop)
    motor_pid_chassis_pos                    0x200010f4   Data          68  pid.o(.bss.motor_pid_chassis_pos)
    motor_pid_dial_speed                     0x20001138   Data          68  pid.o(.bss.motor_pid_dial_speed)
    powerBuffErr                             0x2000117c   Data           2  power_limit_control.o(.bss.powerBuffErr)
    pxCurrentTCB                             0x20001180   Data           4  tasks.o(.bss.pxCurrentTCB)
    rls                                      0x2000121c   Data         128  powercontroller.o(.bss.rls)
    robot_client_ID                          0x2000129c   Data          13  rm_judgesystem.o(.bss.robot_client_ID)
    speed_buff                               0x200012aa   Data           8  chassis_control.o(.bss.speed_buff)
    spin_flag                                0x200012b2   Data           1  chassis_control.o(.bss.spin_flag)
    stop_pid_flag                            0x200012b3   Data           1  chassis_control.o(.bss.stop_pid_flag)
    time                                     0x200012b4   Data           4  robot_control_task.o(.bss.time)
    uwTick                                   0x20006e60   Data           4  stm32f4xx_hal.o(.bss.uwTick)
    yaw_enable                               0x20007168   Data           1  cloud_control.o(.bss.yaw_enable)



==============================================================================

Memory Map of the image

  Image Entry point : 0x080001ad

  Load Region LR_IROM1 (Base: 0x08000000, Size: 0x0000a538, Max: 0x00200000, ABSOLUTE)

    Execution Region ER_IROM1 (Exec base: 0x08000000, Load base: 0x08000000, Size: 0x0000a4ac, Max: 0x00200000, ABSOLUTE)

    Exec Addr    Load Addr    Size         Type   Attr      Idx    E Section Name        Object

    0x08000000   0x08000000   0x000001ac   Data   RO            3    RESET               startup_stm32f427xx.o
    0x080001ac   0x080001ac   0x00000008   Code   RO         2650  * !!!main             c_w.l(__main.o)
    0x080001b4   0x080001b4   0x00000034   Code   RO         3092    !!!scatter          c_w.l(__scatter.o)
    0x080001e8   0x080001e8   0x0000001a   Code   RO         3094    !!handler_copy      c_w.l(__scatter_copy.o)
    0x08000202   0x08000202   0x00000002   PAD
    0x08000204   0x08000204   0x0000001c   Code   RO         3096    !!handler_zi        c_w.l(__scatter_zi.o)
    0x08000220   0x08000220   0x00000002   Code   RO         2997    .ARM.Collect$$libinit$$00000000  c_w.l(libinit.o)
    0x08000222   0x08000222   0x00000004   Code   RO         2722    .ARM.Collect$$libinit$$00000001  c_w.l(libinit2.o)
    0x08000226   0x08000226   0x00000000   Code   RO         2725    .ARM.Collect$$libinit$$00000004  c_w.l(libinit2.o)
    0x08000226   0x08000226   0x00000008   Code   RO         2726    .ARM.Collect$$libinit$$00000005  c_w.l(libinit2.o)
    0x0800022e   0x0800022e   0x00000000   Code   RO         2728    .ARM.Collect$$libinit$$0000000A  c_w.l(libinit2.o)
    0x0800022e   0x0800022e   0x00000000   Code   RO         2730    .ARM.Collect$$libinit$$0000000C  c_w.l(libinit2.o)
    0x0800022e   0x0800022e   0x00000000   Code   RO         2732    .ARM.Collect$$libinit$$0000000E  c_w.l(libinit2.o)
    0x0800022e   0x0800022e   0x00000000   Code   RO         2735    .ARM.Collect$$libinit$$00000011  c_w.l(libinit2.o)
    0x0800022e   0x0800022e   0x00000000   Code   RO         2737    .ARM.Collect$$libinit$$00000013  c_w.l(libinit2.o)
    0x0800022e   0x0800022e   0x00000000   Code   RO         2739    .ARM.Collect$$libinit$$00000015  c_w.l(libinit2.o)
    0x0800022e   0x0800022e   0x00000000   Code   RO         2741    .ARM.Collect$$libinit$$00000017  c_w.l(libinit2.o)
    0x0800022e   0x0800022e   0x00000000   Code   RO         2743    .ARM.Collect$$libinit$$00000019  c_w.l(libinit2.o)
    0x0800022e   0x0800022e   0x00000000   Code   RO         2745    .ARM.Collect$$libinit$$0000001B  c_w.l(libinit2.o)
    0x0800022e   0x0800022e   0x00000000   Code   RO         2747    .ARM.Collect$$libinit$$0000001D  c_w.l(libinit2.o)
    0x0800022e   0x0800022e   0x00000000   Code   RO         2749    .ARM.Collect$$libinit$$0000001F  c_w.l(libinit2.o)
    0x0800022e   0x0800022e   0x00000000   Code   RO         2751    .ARM.Collect$$libinit$$00000021  c_w.l(libinit2.o)
    0x0800022e   0x0800022e   0x00000000   Code   RO         2753    .ARM.Collect$$libinit$$00000023  c_w.l(libinit2.o)
    0x0800022e   0x0800022e   0x00000000   Code   RO         2755    .ARM.Collect$$libinit$$00000025  c_w.l(libinit2.o)
    0x0800022e   0x0800022e   0x00000000   Code   RO         2759    .ARM.Collect$$libinit$$0000002C  c_w.l(libinit2.o)
    0x0800022e   0x0800022e   0x00000000   Code   RO         2761    .ARM.Collect$$libinit$$0000002E  c_w.l(libinit2.o)
    0x0800022e   0x0800022e   0x00000000   Code   RO         2763    .ARM.Collect$$libinit$$00000030  c_w.l(libinit2.o)
    0x0800022e   0x0800022e   0x00000004   Code   RO         2764    .ARM.Collect$$libinit$$00000031  c_w.l(libinit2.o)
    0x08000232   0x08000232   0x00000000   Code   RO         2765    .ARM.Collect$$libinit$$00000032  c_w.l(libinit2.o)
    0x08000232   0x08000232   0x00000002   Code   RO         2766    .ARM.Collect$$libinit$$00000033  c_w.l(libinit2.o)
    0x08000234   0x08000234   0x00000002   Code   RO         3075    .ARM.Collect$$libshutdown$$00000000  c_w.l(libshutdown.o)
    0x08000236   0x08000236   0x00000006   Code   RO         2998    .ARM.Collect$$libshutdown$$00000001  c_w.l(libshutdown2.o)
    0x0800023c   0x0800023c   0x00000000   Code   RO         2999    .ARM.Collect$$libshutdown$$00000002  c_w.l(libshutdown2.o)
    0x0800023c   0x0800023c   0x00000000   Code   RO         3001    .ARM.Collect$$libshutdown$$00000004  c_w.l(libshutdown2.o)
    0x0800023c   0x0800023c   0x00000000   Code   RO         3004    .ARM.Collect$$libshutdown$$00000007  c_w.l(libshutdown2.o)
    0x0800023c   0x0800023c   0x00000000   Code   RO         3007    .ARM.Collect$$libshutdown$$0000000A  c_w.l(libshutdown2.o)
    0x0800023c   0x0800023c   0x00000000   Code   RO         3009    .ARM.Collect$$libshutdown$$0000000C  c_w.l(libshutdown2.o)
    0x0800023c   0x0800023c   0x00000000   Code   RO         3012    .ARM.Collect$$libshutdown$$0000000F  c_w.l(libshutdown2.o)
    0x0800023c   0x0800023c   0x00000002   Code   RO         3013    .ARM.Collect$$libshutdown$$00000010  c_w.l(libshutdown2.o)
    0x0800023e   0x0800023e   0x00000000   Code   RO         2705    .ARM.Collect$$rtentry$$00000000  c_w.l(__rtentry.o)
    0x0800023e   0x0800023e   0x00000000   Code   RO         2847    .ARM.Collect$$rtentry$$00000002  c_w.l(__rtentry2.o)
    0x0800023e   0x0800023e   0x00000006   Code   RO         2859    .ARM.Collect$$rtentry$$00000004  c_w.l(__rtentry4.o)
    0x08000244   0x08000244   0x00000000   Code   RO         2849    .ARM.Collect$$rtentry$$00000009  c_w.l(__rtentry2.o)
    0x08000244   0x08000244   0x00000004   Code   RO         2850    .ARM.Collect$$rtentry$$0000000A  c_w.l(__rtentry2.o)
    0x08000248   0x08000248   0x00000000   Code   RO         2852    .ARM.Collect$$rtentry$$0000000C  c_w.l(__rtentry2.o)
    0x08000248   0x08000248   0x00000008   Code   RO         2853    .ARM.Collect$$rtentry$$0000000D  c_w.l(__rtentry2.o)
    0x08000250   0x08000250   0x00000002   Code   RO         3018    .ARM.Collect$$rtexit$$00000000  c_w.l(rtexit.o)
    0x08000252   0x08000252   0x00000000   Code   RO         3049    .ARM.Collect$$rtexit$$00000002  c_w.l(rtexit2.o)
    0x08000252   0x08000252   0x00000004   Code   RO         3050    .ARM.Collect$$rtexit$$00000003  c_w.l(rtexit2.o)
    0x08000256   0x08000256   0x00000006   Code   RO         3051    .ARM.Collect$$rtexit$$00000004  c_w.l(rtexit2.o)
    0x0800025c   0x0800025c   0x00000040   Code   RO            4    .text               startup_stm32f427xx.o
    0x0800029c   0x0800029c   0x00000078   Code   RO         2334    .text               arm_cortexM4lf_math.lib(arm_cos_f32.o)
    0x08000314   0x08000314   0x00000094   Code   RO         2385    .text               arm_cortexM4lf_math.lib(arm_sin_f32.o)
    0x080003a8   0x080003a8   0x00000008   Code   RO         2433    .text               arm_cortexM4lf_math.lib(arm_mat_init_f32.o)
    0x080003b0   0x080003b0   0x000000d0   Code   RO         2481    .text               arm_cortexM4lf_math.lib(arm_mat_scale_f32.o)
    0x08000480   0x08000480   0x000000f0   Code   RO         2634    .text               c_w.l(lludivv7m.o)
    0x08000570   0x08000570   0x0000000a   Code   RO         2639    .text               c_w.l(cxa_atexit.o)
    0x0800057a   0x0800057a   0x0000008a   Code   RO         2642    .text               c_w.l(rt_memcpy_v6.o)
    0x08000604   0x08000604   0x0000004e   Code   RO         2646    .text               c_w.l(rt_memclr_w.o)
    0x08000652   0x08000652   0x00000006   Code   RO         2648    .text               c_w.l(heapauxi.o)
    0x08000658   0x08000658   0x00000024   Code   RO         2655    .text               c_w.l(init_aeabi.o)
    0x0800067c   0x0800067c   0x00000016   Code   RO         2710    .text               c_w.l(_rserrno.o)
    0x08000692   0x08000692   0x0000002e   Code   RO         2715    .text               c_w.l(aeabi_atexit.o)
    0x080006c0   0x080006c0   0x00000064   Code   RO         2718    .text               c_w.l(rt_memcpy_w.o)
    0x08000724   0x08000724   0x00000008   Code   RO         2866    .text               c_w.l(rt_ddtor_pointer_addr_intlibspace.o)
    0x0800072c   0x0800072c   0x00000008   Code   RO         2871    .text               c_w.l(rt_errno_addr_intlibspace.o)
    0x08000734   0x08000734   0x0000005e   Code   RO         2875    .text               c_w.l(h1_alloc.o)
    0x08000792   0x08000792   0x00000002   PAD
    0x08000794   0x08000794   0x00000030   Code   RO         2929    .text               c_w.l(_fptrap.o)
    0x080007c4   0x080007c4   0x00000042   Code   RO         2931    .text               c_w.l(cxa_finalize.o)
    0x08000806   0x08000806   0x00000002   PAD
    0x08000808   0x08000808   0x00000008   Code   RO         2944    .text               c_w.l(libspace.o)
    0x08000810   0x08000810   0x0000004a   Code   RO         2949    .text               c_w.l(sys_stackheap_outer.o)
    0x0800085a   0x0800085a   0x00000002   PAD
    0x0800085c   0x0800085c   0x00000008   Code   RO         2954    .text               c_w.l(rt_heap_descriptor_intlibspace.o)
    0x08000864   0x08000864   0x00000004   Code   RO         2956    .text               c_w.l(hguard.o)
    0x08000868   0x08000868   0x0000008a   Code   RO         2958    .text               c_w.l(init_alloc.o)
    0x080008f2   0x080008f2   0x0000000e   Code   RO         2964    .text               c_w.l(h1_init.o)
    0x08000900   0x08000900   0x0000004e   Code   RO         2966    .text               c_w.l(h1_free.o)
    0x0800094e   0x0800094e   0x00000012   Code   RO         2980    .text               c_w.l(exit.o)
    0x08000960   0x08000960   0x0000000e   Code   RO         2982    .text               c_w.l(defsig_fpe_outer.o)
    0x0800096e   0x0800096e   0x00000000   Code   RO         3024    .text               c_w.l(maybetermalloc1.o)
    0x0800096e   0x0800096e   0x00000034   Code   RO         3026    .text               c_w.l(h1_extend.o)
    0x080009a2   0x080009a2   0x0000000a   Code   RO         3030    .text               c_w.l(defsig_exit.o)
    0x080009ac   0x080009ac   0x000000ac   Code   RO         3032    .text               c_w.l(defsig_fpe_inner.o)
    0x08000a58   0x08000a58   0x0000000e   Code   RO         3034    .text               c_w.l(defsig_rtmem_outer.o)
    0x08000a66   0x08000a66   0x00000002   PAD
    0x08000a68   0x08000a68   0x0000000c   Code   RO         3041    .text               c_w.l(sys_exit.o)
    0x08000a74   0x08000a74   0x00000002   Code   RO         3045    .text               c_w.l(use_no_semi.o)
    0x08000a76   0x08000a76   0x00000000   Code   RO         3047    .text               c_w.l(indicate_semi.o)
    0x08000a76   0x08000a76   0x00000032   Code   RO         3059    .text               c_w.l(defsig_general.o)
    0x08000aa8   0x08000aa8   0x00000050   Code   RO         3061    .text               c_w.l(defsig_rtmem_inner.o)
    0x08000af8   0x08000af8   0x0000000e   Code   RO         3063    .text               c_w.l(sys_wrch.o)
    0x08000b06   0x08000b06   0x00000002   PAD
    0x08000b08   0x08000b08   0x00000034   Code   RO           40    .text.All_Init_Run  freertos.o
    0x08000b3c   0x08000b3c   0x00000078   Code   RO         1838    .text.AngleLimit    chassis_control.o
    0x08000bb4   0x08000bb4   0x00000002   Code   RO          128    .text.BusFault_Handler  stm32f4xx_it.o
    0x08000bb6   0x08000bb6   0x00000002   PAD
    0x08000bb8   0x08000bb8   0x000000c6   Code   RO         2311    .text.CAN1_REC      task_canmsg.o
    0x08000c7e   0x08000c7e   0x00000002   PAD
    0x08000c80   0x08000c80   0x00000010   Code   RO          138    .text.CAN1_RX0_IRQHandler  stm32f4xx_it.o
    0x08000c90   0x08000c90   0x00000062   Code   RO         2313    .text.CAN2_REC      task_canmsg.o
    0x08000cf2   0x08000cf2   0x00000002   PAD
    0x08000cf4   0x08000cf4   0x00000010   Code   RO          148    .text.CAN2_RX0_IRQHandler  stm32f4xx_it.o
    0x08000d04   0x08000d04   0x00000040   Code   RO         1715    .text.CAN_1_Filter_Config  bsp_can.o
    0x08000d44   0x08000d44   0x0000003e   Code   RO         1717    .text.CAN_2_Filter_Config  bsp_can.o
    0x08000d82   0x08000d82   0x00000002   PAD
    0x08000d84   0x08000d84   0x0000001a   Code   RO         2285    .text.CAN_Send      can_send_task.o
    0x08000d9e   0x08000d9e   0x00000002   PAD
    0x08000da0   0x08000da0   0x0000001c   Code   RO         1719    .text.CANx_Send_Data  bsp_can.o
    0x08000dbc   0x08000dbc   0x0000005c   Code   RO         2172    .text.Calc_Robot_ID  rm_judgesystem.o
    0x08000e18   0x08000e18   0x00000008   Code   RO         2287    .text.Can_Send_Fun  can_send_task.o
    0x08000e20   0x08000e20   0x00000054   Code   RO         1818    .text.Chassis_Init  chassis_control.o
    0x08000e74   0x08000e74   0x0000002a   Code   RO         2215    .text.Check_Chassis_3508  m3508_motor.o
    0x08000e9e   0x08000e9e   0x00000002   PAD
    0x08000ea0   0x08000ea0   0x0000002e   Code   RO         2237    .text.Check_Chassis_6020  m6020_motor.o
    0x08000ece   0x08000ece   0x00000002   PAD
    0x08000ed0   0x08000ed0   0x0000001a   Code   RO         2073    .text.Check_DR16    dr16.o
    0x08000eea   0x08000eea   0x00000002   PAD
    0x08000eec   0x08000eec   0x00000018   Code   RO         2217    .text.Check_Dial_3508  m3508_motor.o
    0x08000f04   0x08000f04   0x00000012   Code   RO         2091    .text.Check_Power_Meter  power_meter.o
    0x08000f16   0x08000f16   0x00000002   PAD
    0x08000f18   0x08000f18   0x00000018   Code   RO         2130    .text.Check_SupCap  supcap.o
    0x08000f30   0x08000f30   0x0000001a   Code   RO         1866    .text.ComputeMinOffset  cloud_control.o
    0x08000f4a   0x08000f4a   0x00000002   PAD
    0x08000f4c   0x08000f4c   0x0000004c   Code   RO         2323    .text.DEV_Check     task_check.o
    0x08000f98   0x08000f98   0x00000010   Code   RO          134    .text.DMA1_Stream1_IRQHandler  stm32f4xx_it.o
    0x08000fa8   0x08000fa8   0x00000010   Code   RO          136    .text.DMA1_Stream3_IRQHandler  stm32f4xx_it.o
    0x08000fb8   0x08000fb8   0x00000010   Code   RO          146    .text.DMA2_Stream2_IRQHandler  stm32f4xx_it.o
    0x08000fc8   0x08000fc8   0x0000003c   Code   RO          466    .text.DMA_CalcBaseAndBitshift  stm32f4xx_hal_dma.o
    0x08001004   0x08001004   0x00000050   Code   RO          464    .text.DMA_CheckFifoParam  stm32f4xx_hal_dma.o
    0x08001054   0x08001054   0x00000030   Code   RO          472    .text.DMA_SetConfig  stm32f4xx_hal_dma.o
    0x08001084   0x08001084   0x000000a8   Code   RO         2269    .text.DM_4310_getInfo  dm4310_motor.o
    0x0800112c   0x0800112c   0x000000e6   Code   RO         2289    .text.DR16_0x175_Can1_SendData  can_send_task.o
    0x08001212   0x08001212   0x00000002   PAD
    0x08001214   0x08001214   0x00000002   Code   RO          132    .text.DebugMon_Handler  stm32f4xx_it.o
    0x08001216   0x08001216   0x00000002   PAD
    0x08001218   0x08001218   0x0000000a   Code   RO           15    .text.Error_Handler  main.o
    0x08001222   0x08001222   0x00000002   PAD
    0x08001224   0x08001224   0x00000034   Code   RO         2164    .text.Get_CRC16_Check_Sum  rm_judgesystem.o
    0x08001258   0x08001258   0x0000007c   Code   RO         1889    .text.Get_Dial_Targetspeed  shoot_control.o
    0x080012d4   0x080012d4   0x00000026   Code   RO          216    .text.HAL_CAN_ActivateNotification  stm32f4xx_hal_can.o
    0x080012fa   0x080012fa   0x00000002   PAD
    0x080012fc   0x080012fc   0x000000a4   Code   RO          202    .text.HAL_CAN_AddTxMessage  stm32f4xx_hal_can.o
    0x080013a0   0x080013a0   0x000000de   Code   RO          192    .text.HAL_CAN_ConfigFilter  stm32f4xx_hal_can.o
    0x0800147e   0x0800147e   0x00000002   PAD
    0x08001480   0x08001480   0x00000002   Code   RO          246    .text.HAL_CAN_ErrorCallback  stm32f4xx_hal_can.o
    0x08001482   0x08001482   0x00000002   PAD
    0x08001484   0x08001484   0x0000011c   Code   RO          212    .text.HAL_CAN_GetRxMessage  stm32f4xx_hal_can.o
    0x080015a0   0x080015a0   0x0000023a   Code   RO          220    .text.HAL_CAN_IRQHandler  stm32f4xx_hal_can.o
    0x080017da   0x080017da   0x00000002   PAD
    0x080017dc   0x080017dc   0x000000f4   Code   RO          182    .text.HAL_CAN_Init  stm32f4xx_hal_can.o
    0x080018d0   0x080018d0   0x00000120   Code   RO           74    .text.HAL_CAN_MspInit  can.o
    0x080019f0   0x080019f0   0x00000002   Code   RO          234    .text.HAL_CAN_RxFifo0FullCallback  stm32f4xx_hal_can.o
    0x080019f2   0x080019f2   0x00000002   PAD
    0x080019f4   0x080019f4   0x00000066   Code   RO         1721    .text.HAL_CAN_RxFifo0MsgPendingCallback  bsp_can.o
    0x08001a5a   0x08001a5a   0x00000002   PAD
    0x08001a5c   0x08001a5c   0x00000002   Code   RO          238    .text.HAL_CAN_RxFifo1FullCallback  stm32f4xx_hal_can.o
    0x08001a5e   0x08001a5e   0x00000002   PAD
    0x08001a60   0x08001a60   0x00000002   Code   RO          240    .text.HAL_CAN_RxFifo1MsgPendingCallback  stm32f4xx_hal_can.o
    0x08001a62   0x08001a62   0x00000002   PAD
    0x08001a64   0x08001a64   0x00000002   Code   RO          242    .text.HAL_CAN_SleepCallback  stm32f4xx_hal_can.o
    0x08001a66   0x08001a66   0x00000002   PAD
    0x08001a68   0x08001a68   0x0000005a   Code   RO          194    .text.HAL_CAN_Start  stm32f4xx_hal_can.o
    0x08001ac2   0x08001ac2   0x00000002   PAD
    0x08001ac4   0x08001ac4   0x00000002   Code   RO          224    .text.HAL_CAN_TxMailbox0AbortCallback  stm32f4xx_hal_can.o
    0x08001ac6   0x08001ac6   0x00000002   PAD
    0x08001ac8   0x08001ac8   0x00000002   Code   RO          222    .text.HAL_CAN_TxMailbox0CompleteCallback  stm32f4xx_hal_can.o
    0x08001aca   0x08001aca   0x00000002   PAD
    0x08001acc   0x08001acc   0x00000002   Code   RO          228    .text.HAL_CAN_TxMailbox1AbortCallback  stm32f4xx_hal_can.o
    0x08001ace   0x08001ace   0x00000002   PAD
    0x08001ad0   0x08001ad0   0x00000002   Code   RO          226    .text.HAL_CAN_TxMailbox1CompleteCallback  stm32f4xx_hal_can.o
    0x08001ad2   0x08001ad2   0x00000002   PAD
    0x08001ad4   0x08001ad4   0x00000002   Code   RO          232    .text.HAL_CAN_TxMailbox2AbortCallback  stm32f4xx_hal_can.o
    0x08001ad6   0x08001ad6   0x00000002   PAD
    0x08001ad8   0x08001ad8   0x00000002   Code   RO          230    .text.HAL_CAN_TxMailbox2CompleteCallback  stm32f4xx_hal_can.o
    0x08001ada   0x08001ada   0x00000002   PAD
    0x08001adc   0x08001adc   0x00000002   Code   RO          244    .text.HAL_CAN_WakeUpFromRxMsgCallback  stm32f4xx_hal_can.o
    0x08001ade   0x08001ade   0x00000002   PAD
    0x08001ae0   0x08001ae0   0x00000080   Code   RO          476    .text.HAL_DMA_Abort  stm32f4xx_hal_dma.o
    0x08001b60   0x08001b60   0x00000024   Code   RO          478    .text.HAL_DMA_Abort_IT  stm32f4xx_hal_dma.o
    0x08001b84   0x08001b84   0x0000018c   Code   RO          482    .text.HAL_DMA_IRQHandler  stm32f4xx_hal_dma.o
    0x08001d10   0x08001d10   0x000000ce   Code   RO          462    .text.HAL_DMA_Init  stm32f4xx_hal_dma.o
    0x08001dde   0x08001dde   0x00000002   PAD
    0x08001de0   0x08001de0   0x00000042   Code   RO          470    .text.HAL_DMA_Start  stm32f4xx_hal_dma.o
    0x08001e22   0x08001e22   0x00000002   PAD
    0x08001e24   0x08001e24   0x0000019a   Code   RO          422    .text.HAL_GPIO_Init  stm32f4xx_hal_gpio.o
    0x08001fbe   0x08001fbe   0x00000002   PAD
    0x08001fc0   0x08001fc0   0x0000000c   Code   RO          652    .text.HAL_GetTick   stm32f4xx_hal.o
    0x08001fcc   0x08001fcc   0x0000001a   Code   RO          650    .text.HAL_IncTick   stm32f4xx_hal.o
    0x08001fe6   0x08001fe6   0x00000002   PAD
    0x08001fe8   0x08001fe8   0x00000036   Code   RO          640    .text.HAL_Init      stm32f4xx_hal.o
    0x0800201e   0x0800201e   0x00000002   PAD
    0x08002020   0x08002020   0x000000ae   Code   RO          167    .text.HAL_InitTick  stm32f4xx_hal_timebase_tim.o
    0x080020ce   0x080020ce   0x00000002   PAD
    0x080020d0   0x080020d0   0x00000046   Code   RO          158    .text.HAL_MspInit   stm32f4xx_hal_msp.o
    0x08002116   0x08002116   0x00000002   PAD
    0x08002118   0x08002118   0x00000008   Code   RO          580    .text.HAL_NVIC_EnableIRQ  stm32f4xx_hal_cortex.o
    0x08002120   0x08002120   0x0000001e   Code   RO          572    .text.HAL_NVIC_SetPriority  stm32f4xx_hal_cortex.o
    0x0800213e   0x0800213e   0x00000002   PAD
    0x08002140   0x08002140   0x00000008   Code   RO          568    .text.HAL_NVIC_SetPriorityGrouping  stm32f4xx_hal_cortex.o
    0x08002148   0x08002148   0x00000160   Code   RO          266    .text.HAL_RCC_ClockConfig  stm32f4xx_hal_rcc.o
    0x080022a8   0x080022a8   0x0000003e   Code   RO          284    .text.HAL_RCC_GetClockConfig  stm32f4xx_hal_rcc.o
    0x080022e6   0x080022e6   0x00000002   PAD
    0x080022e8   0x080022e8   0x0000000c   Code   RO          276    .text.HAL_RCC_GetHCLKFreq  stm32f4xx_hal_rcc.o
    0x080022f4   0x080022f4   0x00000022   Code   RO          278    .text.HAL_RCC_GetPCLK1Freq  stm32f4xx_hal_rcc.o
    0x08002316   0x08002316   0x00000002   PAD
    0x08002318   0x08002318   0x00000022   Code   RO          280    .text.HAL_RCC_GetPCLK2Freq  stm32f4xx_hal_rcc.o
    0x0800233a   0x0800233a   0x00000002   PAD
    0x0800233c   0x0800233c   0x00000068   Code   RO          268    .text.HAL_RCC_GetSysClockFreq  stm32f4xx_hal_rcc.o
    0x080023a4   0x080023a4   0x00000348   Code   RO          264    .text.HAL_RCC_OscConfig  stm32f4xx_hal_rcc.o
    0x080026ec   0x080026ec   0x00000002   Code   RO         1059    .text.HAL_TIMEx_BreakCallback  stm32f4xx_hal_tim_ex.o
    0x080026ee   0x080026ee   0x00000002   PAD
    0x080026f0   0x080026f0   0x00000002   Code   RO         1055    .text.HAL_TIMEx_CommutCallback  stm32f4xx_hal_tim_ex.o
    0x080026f2   0x080026f2   0x00000002   PAD
    0x080026f4   0x080026f4   0x0000005a   Code   RO          735    .text.HAL_TIM_Base_Init  stm32f4xx_hal_tim.o
    0x0800274e   0x0800274e   0x00000002   PAD
    0x08002750   0x08002750   0x00000002   Code   RO          737    .text.HAL_TIM_Base_MspInit  stm32f4xx_hal_tim.o
    0x08002752   0x08002752   0x00000002   PAD
    0x08002754   0x08002754   0x000000a8   Code   RO          749    .text.HAL_TIM_Base_Start_IT  stm32f4xx_hal_tim.o
    0x080027fc   0x080027fc   0x00000002   Code   RO          871    .text.HAL_TIM_IC_CaptureCallback  stm32f4xx_hal_tim.o
    0x080027fe   0x080027fe   0x00000002   PAD
    0x08002800   0x08002800   0x0000016a   Code   RO          869    .text.HAL_TIM_IRQHandler  stm32f4xx_hal_tim.o
    0x0800296a   0x0800296a   0x00000002   PAD
    0x0800296c   0x0800296c   0x00000002   Code   RO          873    .text.HAL_TIM_OC_DelayElapsedCallback  stm32f4xx_hal_tim.o
    0x0800296e   0x0800296e   0x00000002   PAD
    0x08002970   0x08002970   0x00000002   Code   RO          875    .text.HAL_TIM_PWM_PulseFinishedCallback  stm32f4xx_hal_tim.o
    0x08002972   0x08002972   0x00000002   PAD
    0x08002974   0x08002974   0x00000016   Code   RO           17    .text.HAL_TIM_PeriodElapsedCallback  main.o
    0x0800298a   0x0800298a   0x00000002   PAD
    0x0800298c   0x0800298c   0x00000002   Code   RO          879    .text.HAL_TIM_TriggerCallback  stm32f4xx_hal_tim.o
    0x0800298e   0x0800298e   0x00000002   PAD
    0x08002990   0x08002990   0x00000002   Code   RO         1163    .text.HAL_UARTEx_RxEventCallback  stm32f4xx_hal_uart.o
    0x08002992   0x08002992   0x00000002   PAD
    0x08002994   0x08002994   0x00000002   Code   RO         1161    .text.HAL_UART_ErrorCallback  stm32f4xx_hal_uart.o
    0x08002996   0x08002996   0x00000002   PAD
    0x08002998   0x08002998   0x0000023a   Code   RO         1155    .text.HAL_UART_IRQHandler  stm32f4xx_hal_uart.o
    0x08002bd2   0x08002bd2   0x00000002   PAD
    0x08002bd4   0x08002bd4   0x0000005e   Code   RO         1073    .text.HAL_UART_Init  stm32f4xx_hal_uart.o
    0x08002c32   0x08002c32   0x00000002   PAD
    0x08002c34   0x08002c34   0x00000236   Code   RO          104    .text.HAL_UART_MspInit  usart.o
    0x08002e6a   0x08002e6a   0x00000002   PAD
    0x08002e6c   0x08002e6c   0x00000002   Code   RO         1173    .text.HAL_UART_RxCpltCallback  stm32f4xx_hal_uart.o
    0x08002e6e   0x08002e6e   0x00000002   PAD
    0x08002e70   0x08002e70   0x00000002   Code   RO         1169    .text.HAL_UART_TxCpltCallback  stm32f4xx_hal_uart.o
    0x08002e72   0x08002e72   0x00000002   PAD
    0x08002e74   0x08002e74   0x00000002   Code   RO          124    .text.HardFault_Handler  stm32f4xx_it.o
    0x08002e76   0x08002e76   0x00000002   PAD
    0x08002e78   0x08002e78   0x00000040   Code   RO           42    .text.JuageUsart_Init  freertos.o
    0x08002eb8   0x08002eb8   0x00000168   Code   RO         2170    .text.Judge_GetMessage  rm_judgesystem.o
    0x08003020   0x08003020   0x0000019c   Code   RO         1903    .text.Limit         power_limit_control.o
    0x080031bc   0x080031bc   0x00000080   Code   RO         1917    .text.Limit_Calc    power_limit_control.o
    0x0800323c   0x0800323c   0x00000086   Code   RO         2211    .text.M3508_chassis_getInfo  m3508_motor.o
    0x080032c2   0x080032c2   0x00000002   PAD
    0x080032c4   0x080032c4   0x0000004e   Code   RO         2213    .text.M3508_dial_getInfo  m3508_motor.o
    0x08003312   0x08003312   0x00000002   PAD
    0x08003314   0x08003314   0x0000007c   Code   RO         2235    .text.M6020_chassis_getInfo  m6020_motor.o
    0x08003390   0x08003390   0x000000dc   Code   RO         2263    .text.MIT_CtrlMotor  dm4310_motor.o
    0x0800346c   0x0800346c   0x00000044   Code   RO           70    .text.MX_CAN1_Init  can.o
    0x080034b0   0x080034b0   0x00000044   Code   RO           72    .text.MX_CAN2_Init  can.o
    0x080034f4   0x080034f4   0x0000006a   Code   RO           89    .text.MX_DMA_Init   dma.o
    0x0800355e   0x0800355e   0x00000002   PAD
    0x08003560   0x08003560   0x0000017e   Code   RO           38    .text.MX_FREERTOS_Init  freertos.o
    0x080036de   0x080036de   0x00000002   PAD
    0x080036e0   0x080036e0   0x00000074   Code   RO           28    .text.MX_GPIO_Init  gpio.o
    0x08003754   0x08003754   0x00000038   Code   RO           98    .text.MX_UART7_Init  usart.o
    0x0800378c   0x0800378c   0x00000044   Code   RO          100    .text.MX_USART1_UART_Init  usart.o
    0x080037d0   0x080037d0   0x00000038   Code   RO          102    .text.MX_USART3_UART_Init  usart.o
    0x08003808   0x08003808   0x00000002   Code   RO          126    .text.MemManage_Handler  stm32f4xx_it.o
    0x0800380a   0x0800380a   0x00000002   PAD
    0x0800380c   0x0800380c   0x00000002   Code   RO          122    .text.NMI_Handler   stm32f4xx_it.o
    0x0800380e   0x0800380e   0x00000002   PAD
    0x08003810   0x08003810   0x0000002c   Code   RO          578    .text.NVIC_EncodePriority  stm32f4xx_hal_cortex.o
    0x0800383c   0x0800383c   0x00000004   PAD
    0x08003840   0x08003840   0x00000064   Code   RO         1696    .text.PendSV_Handler  port.o
    0x080038a4   0x080038a4   0x00000038   Code   RO         2093    .text.Power_meter_getInfo  power_meter.o
    0x080038dc   0x080038dc   0x00000138   Code   RO         1836    .text.RUDTargetAngle_Calc  chassis_control.o
    0x08003a14   0x08003a14   0x000000ac   Code   RO         1834    .text.RUDTotalAngle_Calc  chassis_control.o
    0x08003ac0   0x08003ac0   0x0000006a   Code   RO         2063    .text.RemoteControl_Output  dr16.o
    0x08003b2a   0x08003b2a   0x00000002   PAD
    0x08003b2c   0x08003b2c   0x0000003a   Code   RO         2301    .text.Robot_Control  robot_control_task.o
    0x08003b66   0x08003b66   0x00000002   PAD
    0x08003b68   0x08003b68   0x00000014   Code   RO         1942    .text.Robot_Control_Disable  robot_control.o
    0x08003b7c   0x08003b7c   0x00000020   Code   RO         1938    .text.Robot_Control_Fun  robot_control.o
    0x08003b9c   0x08003b9c   0x00000130   Code   RO         1944    .text.Robot_control  robot_control.o
    0x08003ccc   0x08003ccc   0x00000054   Code   RO         1830    .text.Robot_control_chassis_disable  chassis_control.o
    0x08003d20   0x08003d20   0x00000014   Code   RO         1872    .text.Robot_control_cloud_disable  cloud_control.o
    0x08003d34   0x08003d34   0x00000022   Code   RO         1887    .text.Robot_control_dial_disable  shoot_control.o
    0x08003d56   0x08003d56   0x00000002   PAD
    0x08003d58   0x08003d58   0x0000056c   Code   RO         1832    .text.RudAngle_Calc  chassis_control.o
    0x080042c4   0x080042c4   0x00000020   Code   RO         2118    .text.SCCM_MsgProcess  supcap.o
    0x080042e4   0x080042e4   0x0000004a   Code   RO         2120    .text.SCCM_SendMsg  supcap.o
    0x0800432e   0x0800432e   0x00000002   PAD
    0x08004330   0x08004330   0x00000024   Code   RO         1680    .text.SVC_Handler   port.o
    0x08004354   0x08004354   0x00000062   Code   RO         1940    .text.SetRemoteMode  robot_control.o
    0x080043b6   0x080043b6   0x00000002   PAD
    0x080043b8   0x080043b8   0x0000000c   Code   RO         2126    .text.SetSuperCap_Mode  supcap.o
    0x080043c4   0x080043c4   0x0000012c   Code   RO         1820    .text.Ship_ChassisWorkMode  chassis_control.o
    0x080044f0   0x080044f0   0x00000114   Code   RO         1826    .text.Ship_ChassisWorkMode_Tuoluo  chassis_control.o
    0x08004604   0x08004604   0x00000074   Code   RO         1870    .text.Ship_ChassisWorkMode_cloud  cloud_control.o
    0x08004678   0x08004678   0x0000013a   Code   RO         1824    .text.Ship_ChassisWorkMode_follow  chassis_control.o
    0x080047b2   0x080047b2   0x00000002   PAD
    0x080047b4   0x080047b4   0x0000004e   Code   RO         1883    .text.Ship_ChassisWorkMode_shoot  shoot_control.o
    0x08004802   0x08004802   0x00000002   PAD
    0x08004804   0x08004804   0x00000048   Code   RO         1885    .text.Ship_ChassisWorkMode_shoot_stop  shoot_control.o
    0x0800484c   0x0800484c   0x00000098   Code   RO         1828    .text.Speed_Decompose  chassis_control.o
    0x080048e4   0x080048e4   0x0000000e   Code   RO         2122    .text.SupCap_ChargeControl  supcap.o
    0x080048f2   0x080048f2   0x00000002   PAD
    0x080048f4   0x080048f4   0x00000010   Code   RO         2116    .text.SupCap_MainSwitch  supcap.o
    0x08004904   0x08004904   0x0000000c   Code   RO         2124    .text.SupCap_SupplySwitch  supcap.o
    0x08004910   0x08004910   0x00000178   Code   RO         2114    .text.SuperCapation_Funtion  supcap.o
    0x08004a88   0x08004a88   0x00000024   Code   RO         2112    .text.Super_Init    supcap.o
    0x08004aac   0x08004aac   0x0000002e   Code   RO         1698    .text.SysTick_Handler  port.o
    0x08004ada   0x08004ada   0x00000002   PAD
    0x08004adc   0x08004adc   0x000000a4   Code   RO           13    .text.SystemClock_Config  main.o
    0x08004b80   0x08004b80   0x00000012   Code   RO         1203    .text.SystemInit    system_stm32f4xx.o
    0x08004b92   0x08004b92   0x00000002   PAD
    0x08004b94   0x08004b94   0x00000010   Code   RO          144    .text.TIM6_DAC_IRQHandler  stm32f4xx_it.o
    0x08004ba4   0x08004ba4   0x00000124   Code   RO          739    .text.TIM_Base_SetConfig  stm32f4xx_hal_tim.o
    0x08004cc8   0x08004cc8   0x00000044   Code   RO         1868    .text.Turn_InferiorArc  cloud_control.o
    0x08004d0c   0x08004d0c   0x00000010   Code   RO         1159    .text.UART_DMAAbortOnError  stm32f4xx_hal_uart.o
    0x08004d1c   0x08004d1c   0x00000050   Code   RO         1121    .text.UART_EndRxTransfer  stm32f4xx_hal_uart.o
    0x08004d6c   0x08004d6c   0x00000018   Code   RO         1167    .text.UART_EndTransmit_IT  stm32f4xx_hal_uart.o
    0x08004d84   0x08004d84   0x000000c4   Code   RO         1157    .text.UART_Receive_IT  stm32f4xx_hal_uart.o
    0x08004e48   0x08004e48   0x000000dc   Code   RO         1077    .text.UART_SetConfig  stm32f4xx_hal_uart.o
    0x08004f24   0x08004f24   0x00000052   Code   RO         1165    .text.UART_Transmit_IT  stm32f4xx_hal_uart.o
    0x08004f76   0x08004f76   0x00000002   PAD
    0x08004f78   0x08004f78   0x00000044   Code   RO          140    .text.USART1_IRQHandler  stm32f4xx_it.o
    0x08004fbc   0x08004fbc   0x00000068   Code   RO          142    .text.USART3_IRQHandler  stm32f4xx_it.o
    0x08005024   0x08005024   0x00000044   Code   RO         1733    .text.USART_Receive_DMA_NO_IT  bsp_usart.o
    0x08005068   0x08005068   0x00000002   Code   RO          130    .text.UsageFault_Handler  stm32f4xx_it.o
    0x0800506a   0x0800506a   0x00000002   PAD
    0x0800506c   0x0800506c   0x00000046   Code   RO         2166    .text.Verify_CRC16_Check_Sum  rm_judgesystem.o
    0x080050b2   0x080050b2   0x00000002   PAD
    0x080050b4   0x080050b4   0x0000026c   Code   RO         1822    .text.Wheel_calc    chassis_control.o
    0x08005320   0x08005320   0x00000010   Code   RO         1972    .text._GLOBAL__sub_I_PowerController.cpp  powercontroller.o
    0x08005330   0x08005330   0x00000066   Code   RO         2005    .text._ZN4Core7Control4Math3RLSILj2EE5resetEv  powercontroller.o
    0x08005396   0x08005396   0x00000002   PAD
    0x08005398   0x08005398   0x00000046   Code   RO         1989    .text._ZN4Core7Control4Math3RLSILj2EEC2Eff  powercontroller.o
    0x080053de   0x080053de   0x00000002   PAD
    0x080053e0   0x080053e0   0x00000026   Code   RO         1991    .text._ZN4Core7Control4Math3RLSILj2EED2Ev  powercontroller.o
    0x08005406   0x08005406   0x00000002   PAD
    0x08005408   0x08005408   0x00000014   Code   RO         2003    .text._ZN7MatrixfILi2ELi1EE5zerosEv  powercontroller.o
    0x0800541c   0x0800541c   0x00000024   Code   RO         2009    .text._ZN7MatrixfILi2ELi1EEC2EPf  powercontroller.o
    0x08005440   0x08005440   0x0000001e   Code   RO         1985    .text._ZN7MatrixfILi2ELi1EEC2Ev  powercontroller.o
    0x0800545e   0x0800545e   0x00000002   PAD
    0x08005460   0x08005460   0x00000002   Code   RO         1987    .text._ZN7MatrixfILi2ELi1EED2Ev  powercontroller.o
    0x08005462   0x08005462   0x00000002   PAD
    0x08005464   0x08005464   0x0000000a   Code   RO         1997    .text._ZN7MatrixfILi2ELi1EEaSES0_  powercontroller.o
    0x0800546e   0x0800546e   0x00000002   PAD
    0x08005470   0x08005470   0x0000002a   Code   RO         2011    .text._ZN7MatrixfILi2ELi2EE3eyeEv  powercontroller.o
    0x0800549a   0x0800549a   0x00000002   PAD
    0x0800549c   0x0800549c   0x0000002a   Code   RO         2019    .text._ZN7MatrixfILi2ELi2EEC2EPf  powercontroller.o
    0x080054c6   0x080054c6   0x00000002   PAD
    0x080054c8   0x080054c8   0x0000001c   Code   RO         2001    .text._ZN7MatrixfILi2ELi2EEC2Ev  powercontroller.o
    0x080054e4   0x080054e4   0x00000002   Code   RO         2017    .text._ZN7MatrixfILi2ELi2EED2Ev  powercontroller.o
    0x080054e6   0x080054e6   0x00000002   PAD
    0x080054e8   0x080054e8   0x00000016   Code   RO         2015    .text._ZN7MatrixfILi2ELi2EEaSES0_  powercontroller.o
    0x080054fe   0x080054fe   0x00000002   PAD
    0x08005500   0x08005500   0x00000052   Code   RO         2007    .text._ZNK4Core7Control4Math3RLSILj2EE8validateEv  powercontroller.o
    0x08005552   0x08005552   0x00000002   PAD
    0x08005554   0x08005554   0x0000001a   Code   RO         2013    .text._ZNK7MatrixfILi2ELi2EEmlERKf  powercontroller.o
    0x0800556e   0x0800556e   0x00000002   PAD
    0x08005570   0x08005570   0x00000020   Code   RO          582    .text.__NVIC_EnableIRQ  stm32f4xx_hal_cortex.o
    0x08005590   0x08005590   0x00000010   Code   RO          574    .text.__NVIC_GetPriorityGrouping  stm32f4xx_hal_cortex.o
    0x080055a0   0x080055a0   0x00000022   Code   RO          576    .text.__NVIC_SetPriority  stm32f4xx_hal_cortex.o
    0x080055c2   0x080055c2   0x00000002   PAD
    0x080055c4   0x080055c4   0x00000020   Code   RO          570    .text.__NVIC_SetPriorityGrouping  stm32f4xx_hal_cortex.o
    0x080055e4   0x080055e4   0x00000010   Code   RO         1964    .text.__cxx_global_var_init  powercontroller.o
    0x080055f4   0x080055f4   0x00000010   Code   RO         1966    .text.__cxx_global_var_init.1  powercontroller.o
    0x08005604   0x08005604   0x00000038   Code   RO         1968    .text.__cxx_global_var_init.2  powercontroller.o
    0x0800563c   0x0800563c   0x00000030   Code   RO         1713    .text.bsp_can_init  bsp_can.o
    0x0800566c   0x0800566c   0x00000066   Code   RO         1901    .text.chassis_power_control  power_limit_control.o
    0x080056d2   0x080056d2   0x00000002   PAD
    0x080056d4   0x080056d4   0x0000002c   Code   RO         2069    .text.dbus_uart_init  dr16.o
    0x08005700   0x08005700   0x00000006   Code   RO         2075    .text.dma_current_data_counter  dr16.o
    0x08005706   0x08005706   0x00000002   PAD
    0x08005708   0x08005708   0x0000002c   Code   RO         2265    .text.float_to_uint  dm4310_motor.o
    0x08005734   0x08005734   0x0000002e   Code   RO           11    .text.main          main.o
    0x08005762   0x08005762   0x00000002   PAD
    0x08005764   0x08005764   0x0000000c   Code   RO         1534    .text.makeFreeRtosPriority  cmsis_os.o
    0x08005770   0x08005770   0x0000001c   Code   RO         2259    .text.motor_disable  dm4310_motor.o
    0x0800578c   0x0800578c   0x0000001c   Code   RO         2257    .text.motor_enable  dm4310_motor.o
    0x080057a8   0x080057a8   0x00000324   Code   RO         1771    .text.motor_pid_init  pid.o
    0x08005acc   0x08005acc   0x0000000a   Code   RO         1524    .text.osKernelStart  cmsis_os.o
    0x08005ad6   0x08005ad6   0x00000002   PAD
    0x08005ad8   0x08005ad8   0x00000032   Code   RO         1586    .text.osMessageCreate  cmsis_os.o
    0x08005b0a   0x08005b0a   0x00000002   PAD
    0x08005b0c   0x08005b0c   0x0000006e   Code   RO         1532    .text.osThreadCreate  cmsis_os.o
    0x08005b7a   0x08005b7a   0x00000002   PAD
    0x08005b7c   0x08005b7c   0x0000002e   Code   RO         1765    .text.pid_CascadeCalc  pid.o
    0x08005baa   0x08005baa   0x00000002   PAD
    0x08005bac   0x08005bac   0x000000a6   Code   RO         1759    .text.pid_calc      pid.o
    0x08005c52   0x08005c52   0x00000002   PAD
    0x08005c54   0x08005c54   0x000000c2   Code   RO         1763    .text.pid_calc_cloud  pid.o
    0x08005d16   0x08005d16   0x00000002   PAD
    0x08005d18   0x08005d18   0x000000c2   Code   RO         1761    .text.pid_calc_incremental  pid.o
    0x08005dda   0x08005dda   0x00000002   PAD
    0x08005ddc   0x08005ddc   0x00000006   Code   RO         1757    .text.pid_init      pid.o
    0x08005de2   0x08005de2   0x00000002   PAD
    0x08005de4   0x08005de4   0x000000a2   Code   RO         1406    .text.prvAddCurrentTaskToDelayedList  tasks.o
    0x08005e86   0x08005e86   0x00000002   PAD
    0x08005e88   0x08005e88   0x000000ac   Code   RO         1392    .text.prvAddNewTaskToReadyList  tasks.o
    0x08005f34   0x08005f34   0x0000004e   Code   RO         1492    .text.prvCheckTasksWaitingTermination  tasks.o
    0x08005f82   0x08005f82   0x00000002   PAD
    0x08005f84   0x08005f84   0x00000026   Code   RO         1295    .text.prvCopyDataFromQueue  queue.o
    0x08005faa   0x08005faa   0x00000002   PAD
    0x08005fac   0x08005fac   0x0000007a   Code   RO         1283    .text.prvCopyDataToQueue  queue.o
    0x08006026   0x08006026   0x00000002   PAD
    0x08006028   0x08006028   0x00000036   Code   RO         1398    .text.prvDeleteTCB  tasks.o
    0x0800605e   0x0800605e   0x00000002   PAD
    0x08006060   0x08006060   0x00000074   Code   RO         1646    .text.prvHeapInit   heap_4.o
    0x080060d4   0x080060d4   0x0000002a   Code   RO         1430    .text.prvIdleTask   tasks.o
    0x080060fe   0x080060fe   0x00000002   PAD
    0x08006100   0x08006100   0x00000018   Code   RO         1271    .text.prvInitialiseNewQueue  queue.o
    0x08006118   0x08006118   0x00000088   Code   RO         1390    .text.prvInitialiseNewTask  tasks.o
    0x080061a0   0x080061a0   0x0000006e   Code   RO         1490    .text.prvInitialiseTaskLists  tasks.o
    0x0800620e   0x0800620e   0x00000002   PAD
    0x08006210   0x08006210   0x0000005a   Code   RO         1648    .text.prvInsertBlockIntoFreeList  heap_4.o
    0x0800626a   0x0800626a   0x00000002   PAD
    0x0800626c   0x0800626c   0x00000018   Code   RO         1297    .text.prvIsQueueEmpty  queue.o
    0x08006284   0x08006284   0x00000028   Code   RO         1688    .text.prvPortStartFirstTask  port.o
    0x080062ac   0x080062ac   0x00000028   Code   RO         1400    .text.prvResetNextTaskUnblockTime  tasks.o
    0x080062d4   0x080062d4   0x00000032   Code   RO         1678    .text.prvTaskExitError  port.o
    0x08006306   0x08006306   0x00000002   PAD
    0x08006308   0x08006308   0x00000072   Code   RO         1287    .text.prvUnlockQueue  queue.o
    0x0800637a   0x0800637a   0x00000002   PAD
    0x0800637c   0x0800637c   0x0000014a   Code   RO         1644    .text.pvPortMalloc  heap_4.o
    0x080064c6   0x080064c6   0x00000002   PAD
    0x080064c8   0x080064c8   0x00000028   Code   RO         1676    .text.pxPortInitialiseStack  port.o
    0x080064f0   0x080064f0   0x00000150   Code   RO         2077    .text.rc_callback_handler  dr16.o
    0x08006640   0x08006640   0x0000005a   Code   RO         2219    .text.set_M3508_200_current  m3508_motor.o
    0x0800669a   0x0800669a   0x00000002   PAD
    0x0800669c   0x0800669c   0x0000005a   Code   RO         2239    .text.set_M6020_1fe_current  m6020_motor.o
    0x080066f6   0x080066f6   0x00000002   PAD
    0x080066f8   0x080066f8   0x0000003e   Code   RO         2071    .text.uart_receive_dma_no_it  dr16.o
    0x08006736   0x08006736   0x00000002   PAD
    0x08006738   0x08006738   0x00000016   Code   RO         2065    .text.uart_receive_handler  dr16.o
    0x0800674e   0x0800674e   0x00000002   PAD
    0x08006750   0x08006750   0x00000050   Code   RO         2067    .text.uart_rx_idle_callback  dr16.o
    0x080067a0   0x080067a0   0x0000002a   Code   RO         2271    .text.uint_to_float  dm4310_motor.o
    0x080067ca   0x080067ca   0x00000002   PAD
    0x080067cc   0x080067cc   0x00000024   Code   RO         1257    .text.uxListRemove  list.o
    0x080067f0   0x080067f0   0x0000001a   Code   RO           36    .text.vApplicationGetIdleTaskMemory  freertos.o
    0x0800680a   0x0800680a   0x00000002   PAD
    0x0800680c   0x0800680c   0x00000016   Code   RO         1249    .text.vListInitialise  list.o
    0x08006822   0x08006822   0x00000002   PAD
    0x08006824   0x08006824   0x00000006   Code   RO         1251    .text.vListInitialiseItem  list.o
    0x0800682a   0x0800682a   0x00000002   PAD
    0x0800682c   0x0800682c   0x0000003a   Code   RO         1255    .text.vListInsert   list.o
    0x08006866   0x08006866   0x00000002   PAD
    0x08006868   0x08006868   0x0000001c   Code   RO         1253    .text.vListInsertEnd  list.o
    0x08006884   0x08006884   0x00000014   Code   RO         1686    .text.vPortEnableVFP  port.o
    0x08006898   0x08006898   0x00000046   Code   RO         1692    .text.vPortEnterCritical  port.o
    0x080068de   0x080068de   0x00000002   PAD
    0x080068e0   0x080068e0   0x0000002e   Code   RO         1694    .text.vPortExitCritical  port.o
    0x0800690e   0x0800690e   0x00000002   PAD
    0x08006910   0x08006910   0x0000008a   Code   RO         1650    .text.vPortFree     heap_4.o
    0x0800699a   0x0800699a   0x00000002   PAD
    0x0800699c   0x0800699c   0x00000034   Code   RO         1684    .text.vPortSetupTimerInterrupt  port.o
    0x080069d0   0x080069d0   0x00000062   Code   RO         1700    .text.vPortValidateInterruptPriority  port.o
    0x08006a32   0x08006a32   0x00000002   PAD
    0x08006a34   0x08006a34   0x000000a8   Code   RO         1402    .text.vTaskDelayUntil  tasks.o
    0x08006adc   0x08006adc   0x000000ee   Code   RO         1396    .text.vTaskDelete   tasks.o
    0x08006bca   0x08006bca   0x00000002   PAD
    0x08006bcc   0x08006bcc   0x0000001a   Code   RO         1456    .text.vTaskInternalSetTimeOutState  tasks.o
    0x08006be6   0x08006be6   0x00000002   PAD
    0x08006be8   0x08006be8   0x0000000e   Code   RO         1460    .text.vTaskMissedYield  tasks.o
    0x08006bf6   0x08006bf6   0x00000002   PAD
    0x08006bf8   0x08006bf8   0x00000032   Code   RO         1446    .text.vTaskPlaceOnEventList  tasks.o
    0x08006c2a   0x08006c2a   0x00000002   PAD
    0x08006c2c   0x08006c2c   0x00000080   Code   RO         1428    .text.vTaskStartScheduler  tasks.o
    0x08006cac   0x08006cac   0x00000010   Code   RO         1404    .text.vTaskSuspendAll  tasks.o
    0x08006cbc   0x08006cbc   0x00000086   Code   RO         1420    .text.vTaskSwitchContext  tasks.o
    0x08006d42   0x08006d42   0x00000002   PAD
    0x08006d44   0x08006d44   0x00000112   Code   RO         1682    .text.xPortStartScheduler  port.o
    0x08006e56   0x08006e56   0x00000002   PAD
    0x08006e58   0x08006e58   0x0000003e   Code   RO         1273    .text.xQueueGenericCreate  queue.o
    0x08006e96   0x08006e96   0x00000002   PAD
    0x08006e98   0x08006e98   0x00000092   Code   RO         1269    .text.xQueueGenericCreateStatic  queue.o
    0x08006f2a   0x08006f2a   0x00000002   PAD
    0x08006f2c   0x08006f2c   0x0000007e   Code   RO         1267    .text.xQueueGenericReset  queue.o
    0x08006faa   0x08006faa   0x00000002   PAD
    0x08006fac   0x08006fac   0x000000ce   Code   RO         1289    .text.xQueueGenericSendFromISR  queue.o
    0x0800707a   0x0800707a   0x00000002   PAD
    0x0800707c   0x0800707c   0x00000184   Code   RO         1293    .text.xQueueReceive  queue.o
    0x08007200   0x08007200   0x00000088   Code   RO         1458    .text.xTaskCheckForTimeOut  tasks.o
    0x08007288   0x08007288   0x00000066   Code   RO         1394    .text.xTaskCreate   tasks.o
    0x080072ee   0x080072ee   0x00000002   PAD
    0x080072f0   0x080072f0   0x00000076   Code   RO         1388    .text.xTaskCreateStatic  tasks.o
    0x08007366   0x08007366   0x00000002   PAD
    0x08007368   0x08007368   0x00000026   Code   RO         1464    .text.xTaskGetSchedulerState  tasks.o
    0x0800738e   0x0800738e   0x00000002   PAD
    0x08007390   0x08007390   0x0000000c   Code   RO         1436    .text.xTaskGetTickCount  tasks.o
    0x0800739c   0x0800739c   0x00000164   Code   RO         1434    .text.xTaskIncrementTick  tasks.o
    0x08007500   0x08007500   0x000000b2   Code   RO         1468    .text.xTaskPriorityDisinherit  tasks.o
    0x080075b2   0x080075b2   0x00000002   PAD
    0x080075b4   0x080075b4   0x00000090   Code   RO         1450    .text.xTaskRemoveFromEventList  tasks.o
    0x08007644   0x08007644   0x00000118   Code   RO         1408    .text.xTaskResumeAll  tasks.o
    0x0800775c   0x0800775c   0x00000030   Code   RO         2841    i.__ARM_fpclassify  m_wm.l(fpclassify.o)
    0x0800778c   0x0800778c   0x00000004   PAD
    0x08007790   0x08007790   0x000002d8   Code   RO         2814    i.__hardfp_atan     m_wm.l(atan.o)
    0x08007a68   0x08007a68   0x00000200   Code   RO         2680    i.__hardfp_atan2    m_wm.l(atan2.o)
    0x08007c68   0x08007c68   0x0000007a   Code   RO         2693    i.__hardfp_sqrt     m_wm.l(sqrt.o)
    0x08007ce2   0x08007ce2   0x000000f8   Code   RO         2843    i.__kernel_poly     m_wm.l(poly.o)
    0x08007dda   0x08007dda   0x00000014   Code   RO         2822    i.__mathlib_dbl_infnan  m_wm.l(dunder.o)
    0x08007dee   0x08007dee   0x00000014   Code   RO         2823    i.__mathlib_dbl_infnan2  m_wm.l(dunder.o)
    0x08007e02   0x08007e02   0x00000006   PAD
    0x08007e08   0x08007e08   0x00000020   Code   RO         2827    i.__mathlib_dbl_underflow  m_wm.l(dunder.o)
    0x08007e28   0x08007e28   0x00000010   Code   RO         2816    i.atan              m_wm.l(atan.o)
    0x08007e38   0x08007e38   0x00000018   Code   RO         2837    i.fabs              m_wm.l(fabs.o)
    0x08007e50   0x08007e50   0x00000018   Code   RO         2771    x$fpl$basic         g_wm.l(basic.o)
    0x08007e68   0x08007e68   0x000002c4   Code   RO         2658    x$fpl$d2f           g_wm.l(d2f_clz.o)
    0x0800812c   0x0800812c   0x0000024c   Code   RO         2660    x$fpl$dadd          g_wm.l(daddsub_clz.o)
    0x08008378   0x08008378   0x00000018   Code   RO         2938    x$fpl$dcmpinf       g_wm.l(dcmpi.o)
    0x08008390   0x08008390   0x0000037c   Code   RO         2774    x$fpl$ddiv          g_wm.l(ddiv_clz.o)
    0x0800870c   0x0800870c   0x00000074   Code   RO         2777    x$fpl$deqf          g_wm.l(deqf.o)
    0x08008780   0x08008780   0x000000c8   Code   RO         2668    x$fpl$dfix          g_wm.l(dfix.o)
    0x08008848   0x08008848   0x0000001a   Code   RO         2781    x$fpl$dfltn         g_wm.l(dflt_clz.o)
    0x08008862   0x08008862   0x00000002   PAD
    0x08008864   0x08008864   0x000001c0   Code   RO         2672    x$fpl$dmul          g_wm.l(dmul_clz.o)
    0x08008a24   0x08008a24   0x00000106   Code   RO         2789    x$fpl$dnaninf       g_wm.l(dnaninf.o)
    0x08008b2a   0x08008b2a   0x00000070   Code   RO         2791    x$fpl$drenorm       g_wm.l(drenorm_clz.o)
    0x08008b9a   0x08008b9a   0x0000000c   Code   RO         2793    x$fpl$dretinf       g_wm.l(dretinf.o)
    0x08008ba6   0x08008ba6   0x00000002   PAD
    0x08008ba8   0x08008ba8   0x00000050   Code   RO         2661    x$fpl$drsb          g_wm.l(daddsub_clz.o)
    0x08008bf8   0x08008bf8   0x00000208   Code   RO         2797    x$fpl$dsqrt         g_wm.l(dsqrt_umaalclz.o)
    0x08008e00   0x08008e00   0x000002a0   Code   RO         2662    x$fpl$dsub          g_wm.l(daddsub_clz.o)
    0x080090a0   0x080090a0   0x0000017a   Code   RO         2799    x$fpl$dunder        g_wm.l(dunder_clz.o)
    0x0800921a   0x0800921a   0x00000002   PAD
    0x0800921c   0x0800921c   0x000001ec   Code   RO         2801    x$fpl$exception     g_wm.l(except.o)
    0x08009408   0x08009408   0x0000007a   Code   RO         2674    x$fpl$f2d           g_wm.l(f2d.o)
    0x08009482   0x08009482   0x000000f6   Code   RO         2803    x$fpl$fnaninf       g_wm.l(fnaninf.o)
    0x08009578   0x08009578   0x00000016   Code   RO         2940    x$fpl$fpinit        g_wm.l(fpinit.o)
    0x0800958e   0x0800958e   0x0000000a   Code   RO         2805    x$fpl$fretinf       g_wm.l(fretinf.o)
    0x08009598   0x08009598   0x0000013c   Code   RO         2807    x$fpl$funder        g_wm.l(funder_clz.o)
    0x080096d4   0x080096d4   0x000000b4   Code   RO         2676    x$fpl$llsfromf      g_wm.l(ffixll.o)
    0x08009788   0x08009788   0x000000b2   Code   RO         2942    x$fpl$retnan        g_wm.l(retnan.o)
    0x0800983a   0x0800983a   0x0000007e   Code   RO         2811    x$fpl$trapveneer    g_wm.l(trapv.o)
    0x080098b8   0x080098b8   0x00000000   Code   RO         2813    x$fpl$usenofp       g_wm.l(usenofp.o)
    0x080098b8   0x080098b8   0x00000804   Data   RO         2609    .constdata          arm_cortexM4lf_math.lib(arm_common_tables.o)
    0x0800a0bc   0x0800a0bc   0x00000004   PAD
    0x0800a0c0   0x0800a0c0   0x00000098   Data   RO         2817    .constdata          m_wm.l(atan.o)
    0x0800a158   0x0800a158   0x00000008   Data   RO         2845    .constdata          m_wm.l(qnan.o)
    0x0800a160   0x0800a160   0x0000001c   Data   RO           50    .rodata..L__const.MX_FREERTOS_Init.os_thread_def_All_Init  freertos.o
    0x0800a17c   0x0800a17c   0x0000001c   Data   RO           52    .rodata..L__const.MX_FREERTOS_Init.os_thread_def_CAN1_Task  freertos.o
    0x0800a198   0x0800a198   0x0000001c   Data   RO           54    .rodata..L__const.MX_FREERTOS_Init.os_thread_def_CAN2_Task  freertos.o
    0x0800a1b4   0x0800a1b4   0x0000001c   Data   RO           56    .rodata..L__const.MX_FREERTOS_Init.os_thread_def_CAN_Send_Task  freertos.o
    0x0800a1d0   0x0800a1d0   0x0000001c   Data   RO           58    .rodata..L__const.MX_FREERTOS_Init.os_thread_def_Check_Task  freertos.o
    0x0800a1ec   0x0800a1ec   0x0000001c   Data   RO           60    .rodata..L__const.MX_FREERTOS_Init.os_thread_def_Robot_Ctrl_Task  freertos.o
    0x0800a208   0x0800a208   0x00000010   Data   RO         1208    .rodata.AHBPrescTable  system_stm32f4xx.o
    0x0800a218   0x0800a218   0x00000008   Data   RO         1209    .rodata.APBPrescTable  system_stm32f4xx.o
    0x0800a220   0x0800a220   0x00000020   Data   RO           46    .rodata.cst16       freertos.o
    0x0800a240   0x0800a240   0x00000046   Data   RO           49    .rodata.str1.1      freertos.o
    0x0800a286   0x0800a286   0x00000200   Data   RO         2177    .rodata.wCRC_Table  rm_judgesystem.o
    0x0800a486   0x0800a486   0x00000002   PAD
    0x0800a488   0x0800a488   0x00000020   Data   RO         3091    Region$$Table       anon$$obj.o
    0x0800a4a8   0x0800a4a8   0x00000004   Data   RO         1977    .init_array         powercontroller.o
    0x0800a4ac   0x0800a4a8   0x00000000   Data   RO         2653    .init_array         c_w.l(init_aeabi.o)


    Execution Region RW_IRAM2 (Exec base: 0x10000000, Load base: 0x0800a538, Size: 0x00000000, Max: 0x00010000, ABSOLUTE)

    **** No section assigned to this execution region ****


    Execution Region RW_IRAM1 (Exec base: 0x20000000, Load base: 0x0800a4b0, Size: 0x0000b170, Max: 0x00030000, ABSOLUTE)

    Exec Addr    Load Addr    Size         Type   Attr      Idx    E Section Name        Object

    0x20000000   0x0800a4b0   0x00000002   Data   RW         2176    .data.CRC_INIT      rm_judgesystem.o
    0x20000002   0x0800a4b2   0x00000002   PAD
    0x20000004   0x0800a4b4   0x00000024   Data   RW         2081    .data.DR16_Export_Data  dr16.o
    0x20000028   0x0800a4d8   0x00000008   Data   RW         2273    .data.Data_Enable   dm4310_motor.o
    0x20000030   0x0800a4e0   0x00000008   Data   RW         2274    .data.Data_Failure  dm4310_motor.o
    0x20000038   0x0800a4e8   0x00000004   Data   RW         1843    .data.Radius        chassis_control.o
    0x2000003c   0x0800a4ec   0x0000003c   Data   RW         2133    .data.SupCap        supcap.o
    0x20000078   0x0800a528   0x00000004   Data   RW         1207    .data.SystemCoreClock  system_stm32f4xx.o
    0x2000007c   0x0800a52c   0x00000001   Data   RW         1946    .data.s_RemoteMode  robot_control.o
    0x2000007d   0x0800a52d   0x00000001   Data   RW         2132    .data.s_SuperCapMode  supcap.o
    0x2000007e   0x0800a52e   0x00000001   Data   RW          699    .data.uwTickFreq    stm32f4xx_hal.o
    0x2000007f   0x0800a52f   0x00000001   PAD
    0x20000080   0x0800a530   0x00000004   Data   RW          698    .data.uwTickPrio    stm32f4xx_hal.o
    0x20000084   0x0800a534   0x00000004   Data   RW         1704    .data.uxCriticalNesting  port.o
    0x20000088        -       0x00000060   Zero   RW         2945    .bss                c_w.l(libspace.o)
    0x200000e8        -       0x00000004   Zero   RW           51    .bss.All_InitHandle  freertos.o
    0x200000ec        -       0x00000001   Zero   RW         1855    .bss.AngleLimit.recursiveTimes  chassis_control.o
    0x200000ed   0x0800a538   0x00000001   PAD
    0x200000ee        -       0x00000002   Zero   RW         1848    .bss.Brake_cnt      chassis_control.o
    0x200000f0        -       0x00000004   Zero   RW           47    .bss.CAN1_ReceiveHandle  freertos.o
    0x200000f4        -       0x00000004   Zero   RW           53    .bss.CAN1_TaskHandle  freertos.o
    0x200000f8        -       0x00000004   Zero   RW           48    .bss.CAN2_ReceiveHandle  freertos.o
    0x200000fc        -       0x00000004   Zero   RW           55    .bss.CAN2_TaskHandle  freertos.o
    0x20000100        -       0x00000004   Zero   RW           57    .bss.CAN_Send_TaskHandle  freertos.o
    0x20000104        -       0x00000024   Zero   RW         1723    .bss.Can1_Export_Data  bsp_can.o
    0x20000128        -       0x00000024   Zero   RW         1724    .bss.Can2_Export_Data  bsp_can.o
    0x2000014c        -       0x0000017c   Zero   RW         1929    .bss.Chassis_PowerLimit  power_limit_control.o
    0x200002c8        -       0x00000004   Zero   RW           59    .bss.Check_TaskHandle  freertos.o
    0x200002cc        -       0x00000002   Zero   RW         2080    .bss.ControlSwitch  dr16.o
    0x200002ce   0x0800a538   0x00000002   PAD
    0x200002d0        -       0x00000040   Zero   RW         2276    .bss.DM4310s_yaw    dm4310_motor.o
    0x20000310        -       0x0000002c   Zero   RW         2079    .bss.DR16           dr16.o
    0x2000033c   0x0800a538   0x00000004   PAD
    0x20000340        -       0x00000008   Zero   RW         2292    .bss.DR16_Date      can_send_task.o
    0x20000348        -       0x00000004   Zero   RW         1927    .bss.DRV_CalcRatio  power_limit_control.o
    0x2000034c        -       0x00000002   Zero   RW         1892    .bss.Get_Dial_Targetspeed.Back_time  shoot_control.o
    0x2000034e        -       0x00000002   Zero   RW         1893    .bss.Get_Dial_Targetspeed.Dial_Speed_Time  shoot_control.o
    0x20000350        -       0x00000001   Zero   RW         1891    .bss.Get_Dial_Targetspeed.Turn_Back  shoot_control.o
    0x20000351        -       0x00000001   Zero   RW         1919    .bss.Go_Up          power_limit_control.o
    0x20000352   0x0800a538   0x00000002   PAD
    0x20000354        -       0x00000004   Zero   RW           80    .bss.HAL_RCC_CAN1_CLK_ENABLED  can.o
    0x20000358        -       0x00000185   Zero   RW         2178    .bss.JudgeSystem_rxBuff  rm_judgesystem.o
    0x200004dd   0x0800a538   0x00000003   PAD
    0x200004e0        -       0x00000070   Zero   RW         2223    .bss.M3508s_chassis  m3508_motor.o
    0x20000550        -       0x0000001c   Zero   RW         2224    .bss.M3508s_dial    m3508_motor.o
    0x2000056c        -       0x00000040   Zero   RW         2247    .bss.M6020s_Yaw     m6020_motor.o
    0x200005ac        -       0x00000004   Zero   RW         1845    .bss.M6020s_Yaw_Angle_Centre  chassis_control.o
    0x200005b0        -       0x00000100   Zero   RW         2248    .bss.M6020s_chassis  m6020_motor.o
    0x200006b0        -       0x00000001   Zero   RW         1847    .bss.Move_flag      chassis_control.o
    0x200006b1        -       0x00000001   Zero   RW         1842    .bss.No_move_flag   chassis_control.o
    0x200006b2        -       0x00000002   Zero   RW         1924    .bss.Power_Buffer   power_limit_control.o
    0x200006b4        -       0x00000010   Zero   RW         2103    .bss.Power_Meter    power_meter.o
    0x200006c4        -       0x00000010   Zero   RW         1854    .bss.RUDTotalAngle_Calc.Pre_encoder  chassis_control.o
    0x200006d4        -       0x00000070   Zero   RW         1840    .bss.RUD_Param      chassis_control.o
    0x20000744        -       0x00000004   Zero   RW           61    .bss.Robot_Ctrl_TaskHandle  freertos.o
    0x20000748        -       0x00000002   Zero   RW         1851    .bss.RudAngle_Calc.No_move_cnt  chassis_control.o
    0x2000074a   0x0800a538   0x00000002   PAD
    0x2000074c        -       0x00000004   Zero   RW         1853    .bss.RudAngle_Calc.last_vw  chassis_control.o
    0x20000750        -       0x00000004   Zero   RW         1852    .bss.RudAngle_Calc.last_vx  chassis_control.o
    0x20000754        -       0x00000018   Zero   RW         2135    .bss.SCCMCanParam   supcap.o
    0x2000076c   0x0800a538   0x00000004   PAD
    0x20000770        -       0x00000008   Zero   RW         2136    .bss.SCCM_Send_Data  supcap.o
    0x20000778        -       0x00000004   Zero   RW         1856    .bss.Speed_Decompose.Chassis.0  chassis_control.o
    0x2000077c        -       0x00000004   Zero   RW         1857    .bss.Speed_Decompose.Chassis.1  chassis_control.o
    0x20000780        -       0x00000004   Zero   RW         1925    .bss.SumCurrent_In  power_limit_control.o
    0x20000784        -       0x00000004   Zero   RW         1926    .bss.SumCurrent_Out  power_limit_control.o
    0x20000788        -       0x00000004   Zero   RW         2139    .bss.Sup_c          supcap.o
    0x2000078c        -       0x00000004   Zero   RW         2140    .bss.Supcap_Rec_ChassisPower_Limit  supcap.o
    0x20000790        -       0x00000002   Zero   RW         1850    .bss.Wheel_calc.No_move_cnt  chassis_control.o
    0x20000792   0x0800a538   0x00000002   PAD
    0x20000794        -       0x00000018   Zero   RW         1975    .bss._ZL6params     powercontroller.o
    0x200007ac        -       0x00000018   Zero   RW         1974    .bss._ZL7samples    powercontroller.o
    0x200007c4   0x0800a538   0x00000004   PAD
    0x200007c8        -       0x00000008   Zero   RW         2291    .bss.can1_send_data  can_send_task.o
    0x200007d0        -       0x00000012   Zero   RW         2082    .bss.dbus_buf       dr16.o
    0x200007e2        -       0x00000010   Zero   RW         1920    .bss.drv_tempcurrent  power_limit_control.o
    0x200007f2   0x0800a538   0x00000002   PAD
    0x200007f4        -       0x00000004   Zero   RW         1846    .bss.error          chassis_control.o
    0x200007f8        -       0x00000007   Zero   RW         2183    .bss.ext_bullet_remaining  rm_judgesystem.o
    0x200007ff   0x0800a538   0x00000001   PAD
    0x20000800        -       0x0000001f   Zero   RW         2184    .bss.ext_custom_controller  rm_judgesystem.o
    0x2000081f   0x0800a538   0x00000001   PAD
    0x20000820        -       0x00000021   Zero   RW         2179    .bss.ext_game_robot_HP  rm_judgesystem.o
    0x20000841   0x0800a538   0x00000003   PAD
    0x20000844        -       0x0000000f   Zero   RW         2180    .bss.ext_game_robot_state  rm_judgesystem.o
    0x20000853   0x0800a538   0x00000001   PAD
    0x20000854        -       0x00000011   Zero   RW         2181    .bss.ext_power_heat_data  rm_judgesystem.o
    0x20000865   0x0800a538   0x00000003   PAD
    0x20000868        -       0x00000009   Zero   RW         2182    .bss.ext_shoot_data  rm_judgesystem.o
    0x20000871   0x0800a538   0x00000003   PAD
    0x20000874        -       0x00000028   Zero   RW           78    .bss.hcan1          can.o
    0x2000089c        -       0x00000028   Zero   RW           79    .bss.hcan2          can.o
    0x200008c4        -       0x00000060   Zero   RW          111    .bss.hdma_usart1_rx  usart.o
    0x20000924        -       0x00000060   Zero   RW          112    .bss.hdma_usart3_rx  usart.o
    0x20000984        -       0x00000060   Zero   RW          113    .bss.hdma_usart3_tx  usart.o
    0x200009e4        -       0x00000048   Zero   RW          173    .bss.htim6          stm32f4xx_hal_timebase_tim.o
    0x20000a2c        -       0x00000044   Zero   RW          109    .bss.huart1         usart.o
    0x20000a70        -       0x00000044   Zero   RW          110    .bss.huart3         usart.o
    0x20000ab4        -       0x00000044   Zero   RW          108    .bss.huart7         usart.o
    0x20000af8        -       0x0000008c   Zero   RW         1776    .bss.motor_pid_Cas_Yaw  pid.o
    0x20000b84        -       0x00000110   Zero   RW         1775    .bss.motor_pid_chassis  pid.o
    0x20000c94        -       0x00000230   Zero   RW         1778    .bss.motor_pid_chassis_6020  pid.o
    0x20000ec4        -       0x00000230   Zero   RW         1777    .bss.motor_pid_chassis_6020_stop  pid.o
    0x200010f4        -       0x00000044   Zero   RW         1773    .bss.motor_pid_chassis_pos  pid.o
    0x20001138        -       0x00000044   Zero   RW         1774    .bss.motor_pid_dial_speed  pid.o
    0x2000117c        -       0x00000002   Zero   RW         1923    .bss.powerBuffErr   power_limit_control.o
    0x2000117e   0x0800a538   0x00000002   PAD
    0x20001180        -       0x00000004   Zero   RW         1494    .bss.pxCurrentTCB   tasks.o
    0x20001184        -       0x00000004   Zero   RW         1510    .bss.pxDelayedTaskList  tasks.o
    0x20001188        -       0x00000004   Zero   RW         1660    .bss.pxEnd          heap_4.o
    0x2000118c        -       0x00000004   Zero   RW         1511    .bss.pxOverflowDelayedTaskList  tasks.o
    0x20001190        -       0x0000008c   Zero   RW         1495    .bss.pxReadyTasksLists  tasks.o
    0x2000121c        -       0x00000080   Zero   RW         1976    .bss.rls            powercontroller.o
    0x2000129c        -       0x0000000d   Zero   RW         2185    .bss.robot_client_ID  rm_judgesystem.o
    0x200012a9   0x0800a538   0x00000001   PAD
    0x200012aa        -       0x00000008   Zero   RW         1844    .bss.speed_buff     chassis_control.o
    0x200012b2        -       0x00000001   Zero   RW         1849    .bss.spin_flag      chassis_control.o
    0x200012b3        -       0x00000001   Zero   RW         1841    .bss.stop_pid_flag  chassis_control.o
    0x200012b4        -       0x00000004   Zero   RW         2303    .bss.time           robot_control_task.o
    0x200012b8        -       0x00005ba0   Zero   RW         1667    .bss.ucHeap         heap_4.o
    0x20006e58        -       0x00000001   Zero   RW         1702    .bss.ucMaxSysCallPriority  port.o
    0x20006e59   0x0800a538   0x00000003   PAD
    0x20006e5c        -       0x00000004   Zero   RW         1703    .bss.ulMaxPRIGROUPValue  port.o
    0x20006e60        -       0x00000004   Zero   RW          700    .bss.uwTick         stm32f4xx_hal.o
    0x20006e64        -       0x00000004   Zero   RW         1500    .bss.uxCurrentNumberOfTasks  tasks.o
    0x20006e68        -       0x00000004   Zero   RW         1499    .bss.uxDeletedTasksWaitingCleanUp  tasks.o
    0x20006e6c        -       0x00000004   Zero   RW         1502    .bss.uxSchedulerSuspended  tasks.o
    0x20006e70        -       0x00000004   Zero   RW         1497    .bss.uxTaskNumber   tasks.o
    0x20006e74        -       0x00000004   Zero   RW         1496    .bss.uxTopReadyPriority  tasks.o
    0x20006e78        -       0x00000001   Zero   RW         1661    .bss.xBlockAllocatedBit  heap_4.o
    0x20006e79   0x0800a538   0x00000003   PAD
    0x20006e7c        -       0x00000014   Zero   RW         1513    .bss.xDelayedTaskList1  tasks.o
    0x20006e90        -       0x00000014   Zero   RW         1514    .bss.xDelayedTaskList2  tasks.o
    0x20006ea4        -       0x00000004   Zero   RW         1662    .bss.xFreeBytesRemaining  heap_4.o
    0x20006ea8        -       0x00000200   Zero   RW           45    .bss.xIdleStack     freertos.o
    0x200070a8        -       0x00000004   Zero   RW         1506    .bss.xIdleTaskHandle  tasks.o
    0x200070ac        -       0x00000054   Zero   RW           44    .bss.xIdleTaskTCBBuffer  freertos.o
    0x20007100        -       0x00000004   Zero   RW         1664    .bss.xMinimumEverFreeBytesRemaining  heap_4.o
    0x20007104        -       0x00000004   Zero   RW         1507    .bss.xNextTaskUnblockTime  tasks.o
    0x20007108        -       0x00000004   Zero   RW         1512    .bss.xNumOfOverflows  tasks.o
    0x2000710c        -       0x00000004   Zero   RW         1665    .bss.xNumberOfSuccessfulAllocations  heap_4.o
    0x20007110        -       0x00000004   Zero   RW         1666    .bss.xNumberOfSuccessfulFrees  heap_4.o
    0x20007114        -       0x00000004   Zero   RW         1509    .bss.xPendedTicks   tasks.o
    0x20007118        -       0x00000014   Zero   RW         1505    .bss.xPendingReadyList  tasks.o
    0x2000712c        -       0x00000004   Zero   RW         1501    .bss.xSchedulerRunning  tasks.o
    0x20007130        -       0x00000008   Zero   RW         1663    .bss.xStart         heap_4.o
    0x20007138        -       0x00000014   Zero   RW         1504    .bss.xSuspendedTaskList  tasks.o
    0x2000714c        -       0x00000014   Zero   RW         1498    .bss.xTasksWaitingTermination  tasks.o
    0x20007160        -       0x00000004   Zero   RW         1503    .bss.xTickCount     tasks.o
    0x20007164        -       0x00000004   Zero   RW         1508    .bss.xYieldPending  tasks.o
    0x20007168        -       0x00000001   Zero   RW         1874    .bss.yaw_enable     cloud_control.o
    0x20007169   0x0800a538   0x00000007   PAD
    0x20007170        -       0x00002000   Zero   RW            2    HEAP                startup_stm32f427xx.o
    0x20009170        -       0x00002000   Zero   RW            1    STACK               startup_stm32f427xx.o


==============================================================================

Image component sizes


      Code (inc. data)   RO Data    RW Data    ZI Data      Debug   Object Name

       304          0          0          0         72       4425   bsp_can.o
        68          0          0          0          0       3500   bsp_usart.o
       424          0          0          0         84       6663   can.o
       264          0          0          0         16       2622   can_send_task.o
      3822        100          0          4        171       7158   chassis_control.o
       230         20          0          0          1       1795   cloud_control.o
       182          0          0          0          0      19632   cmsis_os.o
       530         24          0         16         64       6108   dm4310_motor.o
       106          0          0          0          0       3504   dma.o
       682          0          0         36         64       6452   dr16.o
       524          0        270          0        628       4824   freertos.o
       116          0          0          0          0       1544   gpio.o
       674          0          0          0      23485       4752   heap_4.o
       150          0          0          0          0       2219   list.o
       368          0          0          0        140       5065   m3508_motor.o
       260          0          0          0        320       6199   m6020_motor.o
       242          0          0          0          0       6051   main.o
      1410         88          0          0       1668       3917   pid.o
       872         16          0          4          5       3925   port.o
       642          8          0          0        413       6731   power_limit_control.o
        74          4          0          0         16       2040   power_meter.o
       656          8          4          0        176      33247   powercontroller.o
      1250          0          0          0          0      19289   queue.o
       574          8        512          2        514       6692   rm_judgesystem.o
       454          4          0          1          0       1364   robot_control.o
        58          0          0          0          4        912   robot_control_task.o
       308          8          0          0          5       1492   shoot_control.o
        64         26        428          0      16384        840   startup_stm32f427xx.o
        92          0          0          5          4       7643   stm32f4xx_hal.o
      1636          6          0          0          0      13108   stm32f4xx_hal_can.o
       204          0          0          0          0      10852   stm32f4xx_hal_cortex.o
      1020         12          0          0          0       9271   stm32f4xx_hal_dma.o
       410          0          0          0          0       5237   stm32f4xx_hal_gpio.o
        70          0          0          0          0       3527   stm32f4xx_hal_msp.o
      1438          0          0          0          0       7342   stm32f4xx_hal_rcc.o
       922          0          0          0          0      44841   stm32f4xx_hal_tim.o
         4          0          0          0          0      19233   stm32f4xx_hal_tim_ex.o
       174          0          0          0         72       7404   stm32f4xx_hal_timebase_tim.o
      1290          0          0          0          0      24732   stm32f4xx_hal_uart.o
       280          0          0          0          0       3472   stm32f4xx_it.o
       596          8          0         61         40       4476   supcap.o
        18          0         24          4          0       2677   system_stm32f4xx.o
       296          0          0          0          0       1587   task_canmsg.o
        76          0          0          0          0        848   task_check.o
      2932          8          0          0        300      25546   tasks.o
       746          0          0          0        492       7681   usart.o

    ----------------------------------------------------------------------
     27796        348       1272        136      45192     372439   Object Totals
         0          0         32          0          0          0   (incl. Generated)
       284          0          2          3         54          0   (incl. Padding)

    ----------------------------------------------------------------------

      Code (inc. data)   RO Data    RW Data    ZI Data      Debug   Library Member Name

         0          0       2052          0          0       4704   arm_common_tables.o
       120         12          0          0          0      18614   arm_cos_f32.o
         8          0          0          0          0        999   arm_mat_init_f32.o
       208          0          0          0          0       1804   arm_mat_scale_f32.o
       148         18          0          0          0        814   arm_sin_f32.o
         8          0          0          0          0         68   __main.o
         0          0          0          0          0          0   __rtentry.o
        12          0          0          0          0          0   __rtentry2.o
         6          0          0          0          0          0   __rtentry4.o
        52          8          0          0          0          0   __scatter.o
        26          0          0          0          0          0   __scatter_copy.o
        28          0          0          0          0          0   __scatter_zi.o
        48          4          0          0          0         84   _fptrap.o
        22          0          0          0          0        100   _rserrno.o
        46          0          0          0          0         84   aeabi_atexit.o
        10          0          0          0          0         68   cxa_atexit.o
        66          0          0          0          0         84   cxa_finalize.o
        10          0          0          0          0         68   defsig_exit.o
       172        110          0          0          0         76   defsig_fpe_inner.o
        14          0          0          0          0         80   defsig_fpe_outer.o
        50          0          0          0          0         88   defsig_general.o
        80         58          0          0          0         76   defsig_rtmem_inner.o
        14          0          0          0          0         80   defsig_rtmem_outer.o
        18          0          0          0          0         80   exit.o
        94          0          0          0          0         80   h1_alloc.o
        52          0          0          0          0         68   h1_extend.o
        78          0          0          0          0         80   h1_free.o
        14          0          0          0          0         84   h1_init.o
         6          0          0          0          0        152   heapauxi.o
         4          0          0          0          0        136   hguard.o
         0          0          0          0          0          0   indicate_semi.o
        36          8          0          0          0         80   init_aeabi.o
       138          0          0          0          0        168   init_alloc.o
         2          0          0          0          0          0   libinit.o
        18          0          0          0          0          0   libinit2.o
         2          0          0          0          0          0   libshutdown.o
         8          0          0          0          0          0   libshutdown2.o
         8          4          0          0         96         68   libspace.o
       240          0          0          0          0        100   lludivv7m.o
         0          0          0          0          0          0   maybetermalloc1.o
         8          4          0          0          0         68   rt_ddtor_pointer_addr_intlibspace.o
         8          4          0          0          0         68   rt_errno_addr_intlibspace.o
         8          4          0          0          0         68   rt_heap_descriptor_intlibspace.o
        78          0          0          0          0         80   rt_memclr_w.o
       138          0          0          0          0         68   rt_memcpy_v6.o
       100          0          0          0          0         80   rt_memcpy_w.o
         2          0          0          0          0          0   rtexit.o
        10          0          0          0          0          0   rtexit2.o
        12          4          0          0          0         68   sys_exit.o
        74          0          0          0          0         80   sys_stackheap_outer.o
        14          0          0          0          0         76   sys_wrch.o
         2          0          0          0          0         68   use_no_semi.o
        24          0          0          0          0        164   basic.o
       708         16          0          0          0        140   d2f_clz.o
      1340         32          0          0          0        556   daddsub_clz.o
        24          0          0          0          0        116   dcmpi.o
       892        152          0          0          0        300   ddiv_clz.o
       116          8          0          0          0        140   deqf.o
       200         16          0          0          0        188   dfix.o
        26          0          0          0          0        116   dflt_clz.o
       448         16          0          0          0        164   dmul_clz.o
       262          4          0          0          0        156   dnaninf.o
       112          0          0          0          0        160   drenorm_clz.o
        12          0          0          0          0        116   dretinf.o
       520         56          0          0          0        180   dsqrt_umaalclz.o
       378          0          0          0          0        168   dunder_clz.o
       492         36          0          0          0        152   except.o
       122          8          0          0          0        132   f2d.o
       180         16          0          0          0        132   ffixll.o
       246          4          0          0          0        148   fnaninf.o
        22          0          0          0          0        116   fpinit.o
        10          0          0          0          0        116   fretinf.o
       316          0          0          0          0        132   funder_clz.o
       178          0          0          0          0        116   retnan.o
       126          0          0          0          0        148   trapv.o
         0          0          0          0          0          0   usenofp.o
       744        106        152          0          0        352   atan.o
       512         64          0          0          0        208   atan2.o
        72          8          0          0          0        372   dunder.o
        24          0          0          0          0        124   fabs.o
        48          0          0          0          0        124   fpclassify.o
       248          0          0          0          0        152   poly.o
         0          0          8          0          0          0   qnan.o
       122          0          0          0          0        148   sqrt.o

    ----------------------------------------------------------------------
     10872        780       2216          0         96      35047   Library Totals
        28          0          4          0          0          0   (incl. Padding)

    ----------------------------------------------------------------------

      Code (inc. data)   RO Data    RW Data    ZI Data      Debug   Library Name

       484         30       2052          0          0      26935   arm_cortexM4lf_math.lib
      1836        208          0          0         96       2776   c_w.l
      6754        364          0          0          0       3856   g_wm.l
      1770        178        160          0          0       1480   m_wm.l

    ----------------------------------------------------------------------
     10872        780       2216          0         96      35047   Library Totals

    ----------------------------------------------------------------------

==============================================================================


      Code (inc. data)   RO Data    RW Data    ZI Data      Debug   

     38668       1128       3488        136      45288     401646   Grand Totals
     38668       1128       3488        136      45288     401646   ELF Image Totals
     38668       1128       3488        136          0          0   ROM Totals

==============================================================================

    Total RO  Size (Code + RO Data)                42156 (  41.17kB)
    Total RW  Size (RW Data + ZI Data)             45424 (  44.36kB)
    Total ROM Size (Code + RO Data + RW Data)      42292 (  41.30kB)

==============================================================================

