Component: ARM Compiler 6.16 Tool: armlink [5dfeaa00]

==============================================================================

Section Cross References

    startup_stm32f427xx.o(STACK) refers (Special) to heapauxi.o(.text) for __use_two_region_memory
    startup_stm32f427xx.o(HEAP) refers (Special) to heapauxi.o(.text) for __use_two_region_memory
    startup_stm32f427xx.o(RESET) refers (Special) to heapauxi.o(.text) for __use_two_region_memory
    startup_stm32f427xx.o(RESET) refers to startup_stm32f427xx.o(STACK) for __initial_sp
    startup_stm32f427xx.o(RESET) refers to startup_stm32f427xx.o(.text) for Reset_Handler
    startup_stm32f427xx.o(RESET) refers to stm32f4xx_it.o(.text.NMI_Handler) for NMI_Handler
    startup_stm32f427xx.o(RESET) refers to stm32f4xx_it.o(.text.HardFault_Handler) for HardFault_Handler
    startup_stm32f427xx.o(RESET) refers to stm32f4xx_it.o(.text.MemManage_Handler) for MemManage_Handler
    startup_stm32f427xx.o(RESET) refers to stm32f4xx_it.o(.text.BusFault_Handler) for BusFault_Handler
    startup_stm32f427xx.o(RESET) refers to stm32f4xx_it.o(.text.UsageFault_Handler) for UsageFault_Handler
    startup_stm32f427xx.o(RESET) refers to port.o(.text.SVC_Handler) for SVC_Handler
    startup_stm32f427xx.o(RESET) refers to stm32f4xx_it.o(.text.DebugMon_Handler) for DebugMon_Handler
    startup_stm32f427xx.o(RESET) refers to port.o(.text.PendSV_Handler) for PendSV_Handler
    startup_stm32f427xx.o(RESET) refers to port.o(.text.SysTick_Handler) for SysTick_Handler
    startup_stm32f427xx.o(RESET) refers to stm32f4xx_it.o(.text.DMA1_Stream1_IRQHandler) for DMA1_Stream1_IRQHandler
    startup_stm32f427xx.o(RESET) refers to stm32f4xx_it.o(.text.DMA1_Stream3_IRQHandler) for DMA1_Stream3_IRQHandler
    startup_stm32f427xx.o(RESET) refers to stm32f4xx_it.o(.text.CAN1_RX0_IRQHandler) for CAN1_RX0_IRQHandler
    startup_stm32f427xx.o(RESET) refers to stm32f4xx_it.o(.text.USART1_IRQHandler) for USART1_IRQHandler
    startup_stm32f427xx.o(RESET) refers to stm32f4xx_it.o(.text.USART3_IRQHandler) for USART3_IRQHandler
    startup_stm32f427xx.o(RESET) refers to stm32f4xx_it.o(.text.TIM6_DAC_IRQHandler) for TIM6_DAC_IRQHandler
    startup_stm32f427xx.o(RESET) refers to stm32f4xx_it.o(.text.DMA2_Stream2_IRQHandler) for DMA2_Stream2_IRQHandler
    startup_stm32f427xx.o(RESET) refers to stm32f4xx_it.o(.text.CAN2_RX0_IRQHandler) for CAN2_RX0_IRQHandler
    startup_stm32f427xx.o(.text) refers (Special) to heapauxi.o(.text) for __use_two_region_memory
    startup_stm32f427xx.o(.text) refers to system_stm32f4xx.o(.text.SystemInit) for SystemInit
    startup_stm32f427xx.o(.text) refers to __main.o(!!!main) for __main
    startup_stm32f427xx.o(.text) refers to startup_stm32f427xx.o(HEAP) for Heap_Mem
    startup_stm32f427xx.o(.text) refers to startup_stm32f427xx.o(STACK) for Stack_Mem
    main.o(.text.main) refers to stm32f4xx_hal.o(.text.HAL_Init) for HAL_Init
    main.o(.text.main) refers to main.o(.text.SystemClock_Config) for SystemClock_Config
    main.o(.text.main) refers to gpio.o(.text.MX_GPIO_Init) for MX_GPIO_Init
    main.o(.text.main) refers to dma.o(.text.MX_DMA_Init) for MX_DMA_Init
    main.o(.text.main) refers to can.o(.text.MX_CAN1_Init) for MX_CAN1_Init
    main.o(.text.main) refers to can.o(.text.MX_CAN2_Init) for MX_CAN2_Init
    main.o(.text.main) refers to usart.o(.text.MX_UART7_Init) for MX_UART7_Init
    main.o(.text.main) refers to usart.o(.text.MX_USART1_UART_Init) for MX_USART1_UART_Init
    main.o(.text.main) refers to usart.o(.text.MX_USART3_UART_Init) for MX_USART3_UART_Init
    main.o(.text.main) refers to freertos.o(.text.MX_FREERTOS_Init) for MX_FREERTOS_Init
    main.o(.text.main) refers to cmsis_os.o(.text.osKernelStart) for osKernelStart
    main.o(.ARM.exidx.text.main) refers to main.o(.text.main) for [Anonymous Symbol]
    main.o(.text.SystemClock_Config) refers to rt_memclr_w.o(.text) for __aeabi_memclr4
    main.o(.text.SystemClock_Config) refers to stm32f4xx_hal_rcc.o(.text.HAL_RCC_OscConfig) for HAL_RCC_OscConfig
    main.o(.text.SystemClock_Config) refers to stm32f4xx_hal_rcc.o(.text.HAL_RCC_ClockConfig) for HAL_RCC_ClockConfig
    main.o(.text.SystemClock_Config) refers to main.o(.text.Error_Handler) for Error_Handler
    main.o(.ARM.exidx.text.SystemClock_Config) refers to main.o(.text.SystemClock_Config) for [Anonymous Symbol]
    main.o(.ARM.exidx.text.Error_Handler) refers to main.o(.text.Error_Handler) for [Anonymous Symbol]
    main.o(.text.HAL_TIM_PeriodElapsedCallback) refers to stm32f4xx_hal.o(.text.HAL_IncTick) for HAL_IncTick
    main.o(.ARM.exidx.text.HAL_TIM_PeriodElapsedCallback) refers to main.o(.text.HAL_TIM_PeriodElapsedCallback) for [Anonymous Symbol]
    gpio.o(.ARM.exidx.text.MX_GPIO_Init) refers to gpio.o(.text.MX_GPIO_Init) for [Anonymous Symbol]
    freertos.o(.text.vApplicationGetIdleTaskMemory) refers to freertos.o(.bss.xIdleTaskTCBBuffer) for xIdleTaskTCBBuffer
[...]
    dbus_uart_init                           0x08005075   Thumb Code    44  dr16.o(.text.dbus_uart_init)
    main                                     0x080050d5   Thumb Code    46  main.o(.text.main)
    motor_disable                            0x08005111   Thumb Code    28  dm4310_motor.o(.text.motor_disable)
    motor_enable                             0x0800512d   Thumb Code    28  dm4310_motor.o(.text.motor_enable)
    motor_pid_init                           0x08005149   Thumb Code   792  pid.o(.text.motor_pid_init)
    osKernelStart                            0x08005461   Thumb Code    10  cmsis_os.o(.text.osKernelStart)
    osMessageCreate                          0x0800546d   Thumb Code    50  cmsis_os.o(.text.osMessageCreate)
    osThreadCreate                           0x080054a1   Thumb Code   110  cmsis_os.o(.text.osThreadCreate)
    pid_CascadeCalc                          0x08005511   Thumb Code    46  pid.o(.text.pid_CascadeCalc)
    pid_calc                                 0x08005541   Thumb Code   166  pid.o(.text.pid_calc)
    pid_calc_cloud                           0x080055e9   Thumb Code   194  pid.o(.text.pid_calc_cloud)
    pid_calc_incremental                     0x080056ad   Thumb Code   194  pid.o(.text.pid_calc_incremental)
    pid_init                                 0x08005771   Thumb Code     6  pid.o(.text.pid_init)
    pvPortMalloc                             0x08005d11   Thumb Code   330  heap_4.o(.text.pvPortMalloc)
    pxPortInitialiseStack                    0x08005e5d   Thumb Code    40  port.o(.text.pxPortInitialiseStack)
    set_M3508_200_voltage                    0x08005fd5   Thumb Code    90  m3508_motor.o(.text.set_M3508_200_voltage)
    set_M6020_1ff_voltage                    0x08006031   Thumb Code    90  m6020_motor.o(.text.set_M6020_1ff_voltage)
    uart_receive_handler                     0x080060cd   Thumb Code    22  dr16.o(.text.uart_receive_handler)
    uxListRemove                             0x08006161   Thumb Code    36  list.o(.text.uxListRemove)
    vApplicationGetIdleTaskMemory            0x08006185   Thumb Code    26  freertos.o(.text.vApplicationGetIdleTaskMemory)
    vListInitialise                          0x080061a1   Thumb Code    22  list.o(.text.vListInitialise)
    vListInitialiseItem                      0x080061b9   Thumb Code     6  list.o(.text.vListInitialiseItem)
    vListInsert                              0x080061c1   Thumb Code    58  list.o(.text.vListInsert)
    vListInsertEnd                           0x080061fd   Thumb Code    28  list.o(.text.vListInsertEnd)
    vPortEnterCritical                       0x0800622d   Thumb Code    70  port.o(.text.vPortEnterCritical)
    vPortExitCritical                        0x08006275   Thumb Code    46  port.o(.text.vPortExitCritical)
    vPortFree                                0x080062a5   Thumb Code   138  heap_4.o(.text.vPortFree)
    vPortSetupTimerInterrupt                 0x08006331   Thumb Code    52  port.o(.text.vPortSetupTimerInterrupt)
    vPortValidateInterruptPriority           0x08006365   Thumb Code    98  port.o(.text.vPortValidateInterruptPriority)
    vTaskDelayUntil                          0x080063c9   Thumb Code   168  tasks.o(.text.vTaskDelayUntil)
    vTaskDelete                              0x08006471   Thumb Code   238  tasks.o(.text.vTaskDelete)
    vTaskInternalSetTimeOutState             0x08006561   Thumb Code    26  tasks.o(.text.vTaskInternalSetTimeOutState)
    vTaskMissedYield                         0x0800657d   Thumb Code    14  tasks.o(.text.vTaskMissedYield)
    vTaskPlaceOnEventList                    0x0800658d   Thumb Code    50  tasks.o(.text.vTaskPlaceOnEventList)
    vTaskStartScheduler                      0x080065c1   Thumb Code   120  tasks.o(.text.vTaskStartScheduler)
    vTaskSuspendAll                          0x08006641   Thumb Code    16  tasks.o(.text.vTaskSuspendAll)
    vTaskSwitchContext                       0x08006651   Thumb Code   134  tasks.o(.text.vTaskSwitchContext)
    xPortStartScheduler                      0x080066d9   Thumb Code   274  port.o(.text.xPortStartScheduler)
    xQueueGenericCreate                      0x080067ed   Thumb Code    62  queue.o(.text.xQueueGenericCreate)
    xQueueGenericCreateStatic                0x0800682d   Thumb Code   146  queue.o(.text.xQueueGenericCreateStatic)
    xQueueGenericReset                       0x080068c1   Thumb Code   126  queue.o(.text.xQueueGenericReset)
    xQueueGenericSendFromISR                 0x08006941   Thumb Code   206  queue.o(.text.xQueueGenericSendFromISR)
    xQueueReceive                            0x08006a11   Thumb Code   388  queue.o(.text.xQueueReceive)
    xTaskCheckForTimeOut                     0x08006b95   Thumb Code   136  tasks.o(.text.xTaskCheckForTimeOut)
    xTaskCreate                              0x08006c1d   Thumb Code   102  tasks.o(.text.xTaskCreate)
    xTaskCreateStatic                        0x08006c85   Thumb Code   118  tasks.o(.text.xTaskCreateStatic)
    xTaskGetSchedulerState                   0x08006cfd   Thumb Code    38  tasks.o(.text.xTaskGetSchedulerState)
    xTaskGetTickCount                        0x08006d25   Thumb Code    12  tasks.o(.text.xTaskGetTickCount)
    xTaskIncrementTick                       0x08006d31   Thumb Code   356  tasks.o(.text.xTaskIncrementTick)
    xTaskPriorityDisinherit                  0x08006e95   Thumb Code   178  tasks.o(.text.xTaskPriorityDisinherit)
    xTaskRemoveFromEventList                 0x08006f49   Thumb Code   144  tasks.o(.text.xTaskRemoveFromEventList)
    xTaskResumeAll                           0x08006fd9   Thumb Code   280  tasks.o(.text.xTaskResumeAll)
    __ARM_fpclassify                         0x080070f1   Thumb Code    48  fpclassify.o(i.__ARM_fpclassify)
    __hardfp_atan                            0x08007121   Thumb Code   622  atan.o(i.__hardfp_atan)
    __hardfp_atan2                           0x080073f9   Thumb Code   448  atan2.o(i.__hardfp_atan2)
    __hardfp_sqrt                            0x080075f9   Thumb Code   122  sqrt.o(i.__hardfp_sqrt)
    __kernel_poly                            0x08007673   Thumb Code   248  poly.o(i.__kernel_poly)
    __mathlib_dbl_infnan                     0x0800776b   Thumb Code    20  dunder.o(i.__mathlib_dbl_infnan)
    __mathlib_dbl_infnan2                    0x0800777f   Thumb Code    20  dunder.o(i.__mathlib_dbl_infnan2)
    __mathlib_dbl_underflow                  0x08007799   Thumb Code    24  dunder.o(i.__mathlib_dbl_underflow)
    atan                                     0x080077b9   Thumb Code    16  atan.o(i.atan)
    fabs                                     0x080077c9   Thumb Code    24  fabs.o(i.fabs)
    __aeabi_dneg                             0x080077e1   Thumb Code     0  basic.o(x$fpl$basic)
    _dneg                                    0x080077e1   Thumb Code     6  basic.o(x$fpl$basic)
    __aeabi_fneg                             0x080077e7   Thumb Code     0  basic.o(x$fpl$basic)
    _fneg                                    0x080077e7   Thumb Code     6  basic.o(x$fpl$basic)
    _dabs                                    0x080077ed   Thumb Code     6  basic.o(x$fpl$basic)
    _fabs                                    0x080077f3   Thumb Code     6  basic.o(x$fpl$basic)
    __aeabi_d2f                              0x080077f9   Thumb Code     0  d2f_clz.o(x$fpl$d2f)
    _d2f                                     0x080077f9   Thumb Code   700  d2f_clz.o(x$fpl$d2f)
    __aeabi_dadd                             0x08007abd   Thumb Code     0  daddsub_clz.o(x$fpl$dadd)
    _dadd                                    0x08007abd   Thumb Code   580  daddsub_clz.o(x$fpl$dadd)
    __fpl_dcmp_Inf                           0x08007d09   Thumb Code    24  dcmpi.o(x$fpl$dcmpinf)
    __aeabi_ddiv                             0x08007d21   Thumb Code     0  ddiv_clz.o(x$fpl$ddiv)
    _ddiv                                    0x08007d21   Thumb Code   748  ddiv_clz.o(x$fpl$ddiv)
    __aeabi_cdcmpeq                          0x0800809d   Thumb Code     0  deqf.o(x$fpl$deqf)
    _dcmpeq                                  0x0800809d   Thumb Code   116  deqf.o(x$fpl$deqf)
    __aeabi_d2iz                             0x08008111   Thumb Code     0  dfix.o(x$fpl$dfix)
    _dfix                                    0x08008111   Thumb Code   192  dfix.o(x$fpl$dfix)
    __dflt_normalise                         0x080081d9   Thumb Code    26  dflt_clz.o(x$fpl$dfltn)
    __aeabi_dmul                             0x080081f5   Thumb Code     0  dmul_clz.o(x$fpl$dmul)
    _dmul                                    0x080081f5   Thumb Code   440  dmul_clz.o(x$fpl$dmul)
    __fpl_dnaninf                            0x080083b5   Thumb Code   262  dnaninf.o(x$fpl$dnaninf)
    __fpl_drenorm2                           0x080084bb   Thumb Code   106  drenorm_clz.o(x$fpl$drenorm)
    __fpl_drenorm1                           0x08008525   Thumb Code     6  drenorm_clz.o(x$fpl$drenorm)
    __fpl_dretinf                            0x0800852b   Thumb Code    12  dretinf.o(x$fpl$dretinf)
    __aeabi_drsub                            0x08008539   Thumb Code     0  daddsub_clz.o(x$fpl$drsb)
    _drsb                                    0x08008539   Thumb Code    74  daddsub_clz.o(x$fpl$drsb)
    _dsqrt                                   0x08008589   Thumb Code   520  dsqrt_umaalclz.o(x$fpl$dsqrt)
    __aeabi_dsub                             0x08008791   Thumb Code     0  daddsub_clz.o(x$fpl$dsub)
    _dsub                                    0x08008791   Thumb Code   668  daddsub_clz.o(x$fpl$dsub)
    __dunder                                 0x08008a31   Thumb Code   314  dunder_clz.o(x$fpl$dunder)
    __dunder_d                               0x08008b6b   Thumb Code    64  dunder_clz.o(x$fpl$dunder)
    __fpl_exception                          0x08008bad   Thumb Code   454  except.o(x$fpl$exception)
    __aeabi_f2d                              0x08008d99   Thumb Code     0  f2d.o(x$fpl$f2d)
    _f2d                                     0x08008d99   Thumb Code   122  f2d.o(x$fpl$f2d)
    __fpl_fnaninf                            0x08008e13   Thumb Code   246  fnaninf.o(x$fpl$fnaninf)
    _fp_init                                 0x08008f09   Thumb Code    22  fpinit.o(x$fpl$fpinit)
    __fplib_config_fpu_vfp                   0x08008f1d   Thumb Code     0  fpinit.o(x$fpl$fpinit)
    __fplib_config_pureend_doubles           0x08008f1d   Thumb Code     0  fpinit.o(x$fpl$fpinit)
    __fpl_fretinf                            0x08008f1f   Thumb Code    10  fretinf.o(x$fpl$fretinf)
    __funder                                 0x08008f29   Thumb Code   254  funder_clz.o(x$fpl$funder)
    __funder_d                               0x08009027   Thumb Code    62  funder_clz.o(x$fpl$funder)
    __aeabi_f2lz                             0x08009065   Thumb Code     0  ffixll.o(x$fpl$llsfromf)
    _ll_sfrom_f                              0x08009065   Thumb Code   172  ffixll.o(x$fpl$llsfromf)
    __fpl_return_NaN                         0x08009119   Thumb Code   178  retnan.o(x$fpl$retnan)
    _fp_trapveneer                           0x080091cb   Thumb Code    36  trapv.o(x$fpl$trapveneer)
    __fpl_cmpreturn                          0x080091ef   Thumb Code    90  trapv.o(x$fpl$trapveneer)
    __I$use$fp                               0x08009248   Number         0  usenofp.o(x$fpl$usenofp)
    sinTable_f32                             0x08009248   Data        2052  arm_common_tables.o(.constdata)
    __mathlib_zero                           0x08009ae8   Data           8  qnan.o(.constdata)
    AHBPrescTable                            0x08009b98   Data          16  system_stm32f4xx.o(.rodata.AHBPrescTable)
    APBPrescTable                            0x08009ba8   Data           8  system_stm32f4xx.o(.rodata.APBPrescTable)
    wCRC_Table                               0x08009c16   Data         512  rm_judgesystem.o(.rodata.wCRC_Table)
    Region$$Table$$Base                      0x08009e18   Number         0  anon$$obj.o(Region$$Table)
    Region$$Table$$Limit                     0x08009e38   Number         0  anon$$obj.o(Region$$Table)
    CRC_INIT                                 0x20000000   Data           2  rm_judgesystem.o(.data.CRC_INIT)
    DR16_Export_Data                         0x20000004   Data          36  dr16.o(.data.DR16_Export_Data)
    Data_Enable                              0x20000028   Data           8  dm4310_motor.o(.data.Data_Enable)
    Data_Failure                             0x20000030   Data           8  dm4310_motor.o(.data.Data_Failure)
    Radius                                   0x20000038   Data           4  chassis_control.o(.data.Radius)
    SupCap                                   0x2000003c   Data          60  supcap.o(.data.SupCap)
    SystemCoreClock                          0x20000078   Data           4  system_stm32f4xx.o(.data.SystemCoreClock)
    s_RemoteMode                             0x2000007c   Data           1  robot_control.o(.data.s_RemoteMode)
    s_SuperCapMode                           0x2000007d   Data           1  supcap.o(.data.s_SuperCapMode)
    uwTickFreq                               0x2000007e   Data           1  stm32f4xx_hal.o(.data.uwTickFreq)
    uwTickPrio                               0x20000080   Data           4  stm32f4xx_hal.o(.data.uwTickPrio)
    __libspace_start                         0x20000088   Data          96  libspace.o(.bss)
    All_InitHandle                           0x200000e8   Data           4  freertos.o(.bss.All_InitHandle)
    __temporary_stack_top$libspace           0x200000e8   Data           0  libspace.o(.bss)
    Brake_cnt                                0x200000ee   Data           2  chassis_control.o(.bss.Brake_cnt)
    CAN1_ReceiveHandle                       0x200000f0   Data           4  freertos.o(.bss.CAN1_ReceiveHandle)
    CAN1_TaskHandle                          0x200000f4   Data           4  freertos.o(.bss.CAN1_TaskHandle)
    CAN2_ReceiveHandle                       0x200000f8   Data           4  freertos.o(.bss.CAN2_ReceiveHandle)
    CAN2_TaskHandle                          0x200000fc   Data           4  freertos.o(.bss.CAN2_TaskHandle)
    CAN_Send_TaskHandle                      0x20000100   Data           4  freertos.o(.bss.CAN_Send_TaskHandle)
    Can1_Export_Data                         0x20000104   Data          36  bsp_can.o(.bss.Can1_Export_Data)
    Can2_Export_Data                         0x20000128   Data          36  bsp_can.o(.bss.Can2_Export_Data)
    Chassis_PowerLimit                       0x2000014c   Data         348  power_limit_control.o(.bss.Chassis_PowerLimit)
    Check_TaskHandle                         0x200002a8   Data           4  freertos.o(.bss.Check_TaskHandle)
    ControlSwitch                            0x200002ac   Data           2  dr16.o(.bss.ControlSwitch)
    DM4310s_yaw                              0x200002b0   Data          64  dm4310_motor.o(.bss.DM4310s_yaw)
    DR16                                     0x200002f0   Data          44  dr16.o(.bss.DR16)
    DR16_Date                                0x20000320   Data           8  can_send_task.o(.bss.DR16_Date)
    DRV_CalcRatio                            0x20000328   Data           4  power_limit_control.o(.bss.DRV_CalcRatio)
    Go_Up                                    0x20000334   Data           1  power_limit_control.o(.bss.Go_Up)
    JudgeSystem_rxBuff                       0x2000033c   Data         389  rm_judgesystem.o(.bss.JudgeSystem_rxBuff)
    M3508s_chassis                           0x200004c2   Data          80  m3508_motor.o(.bss.M3508s_chassis)
    M3508s_dial                              0x20000512   Data          20  m3508_motor.o(.bss.M3508s_dial)
    M6020s_Yaw                               0x20000528   Data          64  m6020_motor.o(.bss.M6020s_Yaw)
    M6020s_Yaw_Angle_Centre                  0x20000568   Data           4  chassis_control.o(.bss.M6020s_Yaw_Angle_Centre)
    M6020s_chassis                           0x2000056c   Data         256  m6020_motor.o(.bss.M6020s_chassis)
    Move_flag                                0x2000066c   Data           1  chassis_control.o(.bss.Move_flag)
    No_move_flag                             0x2000066d   Data           1  chassis_control.o(.bss.No_move_flag)
    Power_Buffer                             0x2000066e   Data           2  power_limit_control.o(.bss.Power_Buffer)
    Power_Meter                              0x20000670   Data          16  power_meter.o(.bss.Power_Meter)
    RUD_Param                                0x20000690   Data         112  chassis_control.o(.bss.RUD_Param)
    Robot_Ctrl_TaskHandle                    0x20000700   Data           4  freertos.o(.bss.Robot_Ctrl_TaskHandle)
    SCCMCanParam                             0x20000710   Data          24  supcap.o(.bss.SCCMCanParam)
    SCCM_Send_Data                           0x20000728   Data           8  supcap.o(.bss.SCCM_Send_Data)
    SumCurrent_In                            0x20000738   Data           4  power_limit_control.o(.bss.SumCurrent_In)
    SumCurrent_Out                           0x2000073c   Data           4  power_limit_control.o(.bss.SumCurrent_Out)
    Sup_c                                    0x20000740   Data           4  supcap.o(.bss.Sup_c)
    Supcap_Rec_ChassisPower_Limit            0x20000744   Data           4  supcap.o(.bss.Supcap_Rec_ChassisPower_Limit)
    can1_send_data                           0x20000750   Data           8  can_send_task.o(.bss.can1_send_data)
    dbus_buf                                 0x20000758   Data          18  dr16.o(.bss.dbus_buf)
    drv_tempcurrent                          0x2000076a   Data          16  power_limit_control.o(.bss.drv_tempcurrent)
    error                                    0x2000077c   Data           4  chassis_control.o(.bss.error)
    ext_bullet_remaining                     0x20000780   Data           7  rm_judgesystem.o(.bss.ext_bullet_remaining)
    ext_custom_controller                    0x20000788   Data          31  rm_judgesystem.o(.bss.ext_custom_controller)
    ext_game_robot_HP                        0x200007a8   Data          33  rm_judgesystem.o(.bss.ext_game_robot_HP)
    ext_game_robot_state                     0x200007cc   Data          15  rm_judgesystem.o(.bss.ext_game_robot_state)
    ext_power_heat_data                      0x200007dc   Data          17  rm_judgesystem.o(.bss.ext_power_heat_data)
    ext_shoot_data                           0x200007f0   Data           9  rm_judgesystem.o(.bss.ext_shoot_data)
    hcan1                                    0x200007fc   Data          40  can.o(.bss.hcan1)
    hcan2                                    0x20000824   Data          40  can.o(.bss.hcan2)
    hdma_usart1_rx                           0x2000084c   Data          96  usart.o(.bss.hdma_usart1_rx)
    hdma_usart3_rx                           0x200008ac   Data          96  usart.o(.bss.hdma_usart3_rx)
    hdma_usart3_tx                           0x2000090c   Data          96  usart.o(.bss.hdma_usart3_tx)
    htim6                                    0x2000096c   Data          72  stm32f4xx_hal_timebase_tim.o(.bss.htim6)
    huart1                                   0x200009b4   Data          68  usart.o(.bss.huart1)
    huart3                                   0x200009f8   Data          68  usart.o(.bss.huart3)
    huart7                                   0x20000a3c   Data          68  usart.o(.bss.huart7)
    motor_pid_Cas_Yaw                        0x20000a80   Data         140  pid.o(.bss.motor_pid_Cas_Yaw)
    motor_pid_chassis                        0x20000b0c   Data         272  pid.o(.bss.motor_pid_chassis)
    motor_pid_chassis_6020                   0x20000c1c   Data         560  pid.o(.bss.motor_pid_chassis_6020)
    motor_pid_chassis_6020_stop              0x20000e4c   Data         560  pid.o(.bss.motor_pid_chassis_6020_stop)
    motor_pid_chassis_pos                    0x2000107c   Data          68  pid.o(.bss.motor_pid_chassis_pos)
    motor_pid_dial_speed                     0x200010c0   Data          68  pid.o(.bss.motor_pid_dial_speed)
    powerBuffErr                             0x20001104   Data           2  power_limit_control.o(.bss.powerBuffErr)
    pxCurrentTCB                             0x20001108   Data           4  tasks.o(.bss.pxCurrentTCB)
    robot_client_ID                          0x200011a4   Data          13  rm_judgesystem.o(.bss.robot_client_ID)
    speed_buff                               0x200011b2   Data           8  chassis_control.o(.bss.speed_buff)
    spin_flag                                0x200011ba   Data           1  chassis_control.o(.bss.spin_flag)
    stop_pid_flag                            0x200011bb   Data           1  chassis_control.o(.bss.stop_pid_flag)
    uwTick                                   0x20006d64   Data           4  stm32f4xx_hal.o(.bss.uwTick)
    yaw_enable                               0x2000706c   Data           1  cloud_control.o(.bss.yaw_enable)



==============================================================================

Memory Map of the image

  Image Entry point : 0x080001ad

  Load Region LR_IROM1 (Base: 0x08000000, Size: 0x00009ec0, Max: 0x00200000, ABSOLUTE)

    Execution Region ER_IROM1 (Exec base: 0x08000000, Load base: 0x08000000, Size: 0x00009e38, Max: 0x00200000, ABSOLUTE)

    Exec Addr    Load Addr    Size         Type   Attr      Idx    E Section Name        Object

    0x08000000   0x08000000   0x000001ac   Data   RO            3    RESET               startup_stm32f427xx.o
    0x080001ac   0x080001ac   0x00000008   Code   RO         2384  * !!!main             c_w.l(__main.o)
    0x080001b4   0x080001b4   0x00000034   Code   RO         2692    !!!scatter          c_w.l(__scatter.o)
    0x080001e8   0x080001e8   0x0000001a   Code   RO         2694    !!handler_copy      c_w.l(__scatter_copy.o)
    0x08000202   0x08000202   0x00000002   PAD
    0x08000204   0x08000204   0x0000001c   Code   RO         2696    !!handler_zi        c_w.l(__scatter_zi.o)
    0x08000220   0x08000220   0x00000002   Code   RO         2559    .ARM.Collect$$libinit$$00000000  c_w.l(libinit.o)
    0x08000222   0x08000222   0x00000004   Code   RO         2568    .ARM.Collect$$libinit$$00000001  c_w.l(libinit2.o)
    0x08000226   0x08000226   0x00000000   Code   RO         2571    .ARM.Collect$$libinit$$00000004  c_w.l(libinit2.o)
    0x08000226   0x08000226   0x00000000   Code   RO         2574    .ARM.Collect$$libinit$$0000000A  c_w.l(libinit2.o)
    0x08000226   0x08000226   0x00000000   Code   RO         2576    .ARM.Collect$$libinit$$0000000C  c_w.l(libinit2.o)
    0x08000226   0x08000226   0x00000000   Code   RO         2578    .ARM.Collect$$libinit$$0000000E  c_w.l(libinit2.o)
    0x08000226   0x08000226   0x00000000   Code   RO         2581    .ARM.Collect$$libinit$$00000011  c_w.l(libinit2.o)
    0x08000226   0x08000226   0x00000000   Code   RO         2583    .ARM.Collect$$libinit$$00000013  c_w.l(libinit2.o)
    0x08000226   0x08000226   0x00000000   Code   RO         2585    .ARM.Collect$$libinit$$00000015  c_w.l(libinit2.o)
    0x08000226   0x08000226   0x00000000   Code   RO         2587    .ARM.Collect$$libinit$$00000017  c_w.l(libinit2.o)
    0x08000226   0x08000226   0x00000000   Code   RO         2589    .ARM.Collect$$libinit$$00000019  c_w.l(libinit2.o)
    0x08000226   0x08000226   0x00000000   Code   RO         2591    .ARM.Collect$$libinit$$0000001B  c_w.l(libinit2.o)
    0x08000226   0x08000226   0x00000000   Code   RO         2593    .ARM.Collect$$libinit$$0000001D  c_w.l(libinit2.o)
    0x08000226   0x08000226   0x00000000   Code   RO         2595    .ARM.Collect$$libinit$$0000001F  c_w.l(libinit2.o)
    0x08000226   0x08000226   0x00000000   Code   RO         2597    .ARM.Collect$$libinit$$00000021  c_w.l(libinit2.o)
    0x08000226   0x08000226   0x00000000   Code   RO         2599    .ARM.Collect$$libinit$$00000023  c_w.l(libinit2.o)
    0x08000226   0x08000226   0x00000000   Code   RO         2601    .ARM.Collect$$libinit$$00000025  c_w.l(libinit2.o)
    0x08000226   0x08000226   0x00000000   Code   RO         2605    .ARM.Collect$$libinit$$0000002C  c_w.l(libinit2.o)
    0x08000226   0x08000226   0x00000000   Code   RO         2607    .ARM.Collect$$libinit$$0000002E  c_w.l(libinit2.o)
    0x08000226   0x08000226   0x00000000   Code   RO         2609    .ARM.Collect$$libinit$$00000030  c_w.l(libinit2.o)
    0x08000226   0x08000226   0x00000000   Code   RO         2611    .ARM.Collect$$libinit$$00000032  c_w.l(libinit2.o)
    0x08000226   0x08000226   0x00000002   Code   RO         2612    .ARM.Collect$$libinit$$00000033  c_w.l(libinit2.o)
    0x08000228   0x08000228   0x00000002   Code   RO         2647    .ARM.Collect$$libshutdown$$00000000  c_w.l(libshutdown.o)
    0x0800022a   0x0800022a   0x00000000   Code   RO         2675    .ARM.Collect$$libshutdown$$00000002  c_w.l(libshutdown2.o)
    0x0800022a   0x0800022a   0x00000000   Code   RO         2677    .ARM.Collect$$libshutdown$$00000004  c_w.l(libshutdown2.o)
    0x0800022a   0x0800022a   0x00000000   Code   RO         2680    .ARM.Collect$$libshutdown$$00000007  c_w.l(libshutdown2.o)
    0x0800022a   0x0800022a   0x00000000   Code   RO         2683    .ARM.Collect$$libshutdown$$0000000A  c_w.l(libshutdown2.o)
    0x0800022a   0x0800022a   0x00000000   Code   RO         2685    .ARM.Collect$$libshutdown$$0000000C  c_w.l(libshutdown2.o)
    0x0800022a   0x0800022a   0x00000000   Code   RO         2688    .ARM.Collect$$libshutdown$$0000000F  c_w.l(libshutdown2.o)
    0x0800022a   0x0800022a   0x00000002   Code   RO         2689    .ARM.Collect$$libshutdown$$00000010  c_w.l(libshutdown2.o)
    0x0800022c   0x0800022c   0x00000000   Code   RO         2427    .ARM.Collect$$rtentry$$00000000  c_w.l(__rtentry.o)
    0x0800022c   0x0800022c   0x00000000   Code   RO         2514    .ARM.Collect$$rtentry$$00000002  c_w.l(__rtentry2.o)
    0x0800022c   0x0800022c   0x00000006   Code   RO         2526    .ARM.Collect$$rtentry$$00000004  c_w.l(__rtentry4.o)
    0x08000232   0x08000232   0x00000000   Code   RO         2516    .ARM.Collect$$rtentry$$00000009  c_w.l(__rtentry2.o)
    0x08000232   0x08000232   0x00000004   Code   RO         2517    .ARM.Collect$$rtentry$$0000000A  c_w.l(__rtentry2.o)
    0x08000236   0x08000236   0x00000000   Code   RO         2519    .ARM.Collect$$rtentry$$0000000C  c_w.l(__rtentry2.o)
    0x08000236   0x08000236   0x00000008   Code   RO         2520    .ARM.Collect$$rtentry$$0000000D  c_w.l(__rtentry2.o)
    0x0800023e   0x0800023e   0x00000002   Code   RO         2560    .ARM.Collect$$rtexit$$00000000  c_w.l(rtexit.o)
    0x08000240   0x08000240   0x00000000   Code   RO         2618    .ARM.Collect$$rtexit$$00000002  c_w.l(rtexit2.o)
    0x08000240   0x08000240   0x00000004   Code   RO         2619    .ARM.Collect$$rtexit$$00000003  c_w.l(rtexit2.o)
    0x08000244   0x08000244   0x00000006   Code   RO         2620    .ARM.Collect$$rtexit$$00000004  c_w.l(rtexit2.o)
    0x0800024a   0x0800024a   0x00000002   PAD
    0x0800024c   0x0800024c   0x00000040   Code   RO            4    .text               startup_stm32f427xx.o
    0x0800028c   0x0800028c   0x00000078   Code   RO         2218    .text               arm_cortexM4lf_math.lib(arm_cos_f32.o)
    0x08000304   0x08000304   0x00000094   Code   RO         2269    .text               arm_cortexM4lf_math.lib(arm_sin_f32.o)
    0x08000398   0x08000398   0x000000f0   Code   RO         2374    .text               c_w.l(lludivv7m.o)
    0x08000488   0x08000488   0x0000008a   Code   RO         2376    .text               c_w.l(rt_memcpy_v6.o)
    0x08000512   0x08000512   0x0000004e   Code   RO         2380    .text               c_w.l(rt_memclr_w.o)
    0x08000560   0x08000560   0x00000006   Code   RO         2382    .text               c_w.l(heapauxi.o)
    0x08000566   0x08000566   0x00000016   Code   RO         2432    .text               c_w.l(_rserrno.o)
    0x0800057c   0x0800057c   0x00000064   Code   RO         2434    .text               c_w.l(rt_memcpy_w.o)
    0x080005e0   0x080005e0   0x00000008   Code   RO         2533    .text               c_w.l(rt_errno_addr_intlibspace.o)
    0x080005e8   0x080005e8   0x00000030   Code   RO         2535    .text               c_w.l(_fptrap.o)
    0x08000618   0x08000618   0x00000008   Code   RO         2543    .text               c_w.l(libspace.o)
    0x08000620   0x08000620   0x0000004a   Code   RO         2546    .text               c_w.l(sys_stackheap_outer.o)
    0x0800066a   0x0800066a   0x00000012   Code   RO         2548    .text               c_w.l(exit.o)
    0x0800067c   0x0800067c   0x0000000e   Code   RO         2550    .text               c_w.l(defsig_fpe_outer.o)
    0x0800068a   0x0800068a   0x0000000a   Code   RO         2564    .text               c_w.l(defsig_exit.o)
    0x08000694   0x08000694   0x000000ac   Code   RO         2566    .text               c_w.l(defsig_fpe_inner.o)
    0x08000740   0x08000740   0x0000000c   Code   RO         2613    .text               c_w.l(sys_exit.o)
    0x0800074c   0x0800074c   0x00000032   Code   RO         2626    .text               c_w.l(defsig_general.o)
    0x0800077e   0x0800077e   0x0000000e   Code   RO         2632    .text               c_w.l(sys_wrch.o)
    0x0800078c   0x0800078c   0x00000002   Code   RO         2636    .text               c_w.l(use_no_semi.o)
    0x0800078e   0x0800078e   0x00000000   Code   RO         2638    .text               c_w.l(indicate_semi.o)
    0x0800078e   0x0800078e   0x00000002   PAD
    0x08000790   0x08000790   0x00000034   Code   RO           40    .text.All_Init_Run  freertos.o
    0x080007c4   0x080007c4   0x00000078   Code   RO         1841    .text.AngleLimit    chassis_control.o
    0x0800083c   0x0800083c   0x00000002   Code   RO          128    .text.BusFault_Handler  stm32f4xx_it.o
    0x0800083e   0x0800083e   0x00000002   PAD
    0x08000840   0x08000840   0x000000c6   Code   RO         2195    .text.CAN1_REC      task_canmsg.o
    0x08000906   0x08000906   0x00000002   PAD
    0x08000908   0x08000908   0x00000010   Code   RO          138    .text.CAN1_RX0_IRQHandler  stm32f4xx_it.o
    0x08000918   0x08000918   0x00000062   Code   RO         2197    .text.CAN2_REC      task_canmsg.o
    0x0800097a   0x0800097a   0x00000002   PAD
    0x0800097c   0x0800097c   0x00000010   Code   RO          148    .text.CAN2_RX0_IRQHandler  stm32f4xx_it.o
    0x0800098c   0x0800098c   0x00000040   Code   RO         1715    .text.CAN_1_Filter_Config  bsp_can.o
    0x080009cc   0x080009cc   0x0000003e   Code   RO         1717    .text.CAN_2_Filter_Config  bsp_can.o
    0x08000a0a   0x08000a0a   0x00000002   PAD
    0x08000a0c   0x08000a0c   0x0000001a   Code   RO         2170    .text.CAN_Send      can_send_task.o
    0x08000a26   0x08000a26   0x00000002   PAD
    0x08000a28   0x08000a28   0x0000001c   Code   RO         1719    .text.CANx_Send_Data  bsp_can.o
    0x08000a44   0x08000a44   0x0000005c   Code   RO         2061    .text.Calc_Robot_ID  rm_judgesystem.o
    0x08000aa0   0x08000aa0   0x00000008   Code   RO         2172    .text.Can_Send_Fun  can_send_task.o
    0x08000aa8   0x08000aa8   0x00000054   Code   RO         1819    .text.Chassis_Init  chassis_control.o
    0x08000afc   0x08000afc   0x0000002a   Code   RO         2104    .text.Check_Chassis_3508  m3508_motor.o
    0x08000b26   0x08000b26   0x00000002   PAD
    0x08000b28   0x08000b28   0x0000002e   Code   RO         2126    .text.Check_Chassis_6020  m6020_motor.o
    0x08000b56   0x08000b56   0x00000002   PAD
    0x08000b58   0x08000b58   0x0000001a   Code   RO         1962    .text.Check_DR16    dr16.o
    0x08000b72   0x08000b72   0x00000002   PAD
    0x08000b74   0x08000b74   0x00000018   Code   RO         2106    .text.Check_Dial_3508  m3508_motor.o
    0x08000b8c   0x08000b8c   0x00000012   Code   RO         1980    .text.Check_Power_Meter  power_meter.o
    0x08000b9e   0x08000b9e   0x00000002   PAD
    0x08000ba0   0x08000ba0   0x00000018   Code   RO         2019    .text.Check_SupCap  supcap.o
    0x08000bb8   0x08000bb8   0x0000001a   Code   RO         1869    .text.ComputeMinOffset  cloud_control.o
    0x08000bd2   0x08000bd2   0x00000002   PAD
    0x08000bd4   0x08000bd4   0x0000004c   Code   RO         2207    .text.DEV_Check     task_check.o
    0x08000c20   0x08000c20   0x00000010   Code   RO          134    .text.DMA1_Stream1_IRQHandler  stm32f4xx_it.o
    0x08000c30   0x08000c30   0x00000010   Code   RO          136    .text.DMA1_Stream3_IRQHandler  stm32f4xx_it.o
    0x08000c40   0x08000c40   0x00000010   Code   RO          146    .text.DMA2_Stream2_IRQHandler  stm32f4xx_it.o
    0x08000c50   0x08000c50   0x0000003c   Code   RO          466    .text.DMA_CalcBaseAndBitshift  stm32f4xx_hal_dma.o
    0x08000c8c   0x08000c8c   0x00000050   Code   RO          464    .text.DMA_CheckFifoParam  stm32f4xx_hal_dma.o
    0x08000cdc   0x08000cdc   0x00000030   Code   RO          472    .text.DMA_SetConfig  stm32f4xx_hal_dma.o
    0x08000d0c   0x08000d0c   0x000000a8   Code   RO         2154    .text.DM_4310_getInfo  dm4310_motor.o
    0x08000db4   0x08000db4   0x000000e6   Code   RO         2174    .text.DR16_0x175_Can1_SendData  can_send_task.o
    0x08000e9a   0x08000e9a   0x00000002   PAD
    0x08000e9c   0x08000e9c   0x00000002   Code   RO          132    .text.DebugMon_Handler  stm32f4xx_it.o
    0x08000e9e   0x08000e9e   0x00000002   PAD
    0x08000ea0   0x08000ea0   0x0000000a   Code   RO           15    .text.Error_Handler  main.o
    0x08000eaa   0x08000eaa   0x00000002   PAD
    0x08000eac   0x08000eac   0x00000034   Code   RO         2053    .text.Get_CRC16_Check_Sum  rm_judgesystem.o
    0x08000ee0   0x08000ee0   0x0000008a   Code   RO         1890    .text.Get_Dial_Targetspeed  shoot_control.o
    0x08000f6a   0x08000f6a   0x00000002   PAD
    0x08000f6c   0x08000f6c   0x00000026   Code   RO          216    .text.HAL_CAN_ActivateNotification  stm32f4xx_hal_can.o
    0x08000f92   0x08000f92   0x00000002   PAD
    0x08000f94   0x08000f94   0x000000a4   Code   RO          202    .text.HAL_CAN_AddTxMessage  stm32f4xx_hal_can.o
    0x08001038   0x08001038   0x000000de   Code   RO          192    .text.HAL_CAN_ConfigFilter  stm32f4xx_hal_can.o
    0x08001116   0x08001116   0x00000002   PAD
    0x08001118   0x08001118   0x00000002   Code   RO          246    .text.HAL_CAN_ErrorCallback  stm32f4xx_hal_can.o
    0x0800111a   0x0800111a   0x00000002   PAD
    0x0800111c   0x0800111c   0x0000011c   Code   RO          212    .text.HAL_CAN_GetRxMessage  stm32f4xx_hal_can.o
    0x08001238   0x08001238   0x0000023a   Code   RO          220    .text.HAL_CAN_IRQHandler  stm32f4xx_hal_can.o
    0x08001472   0x08001472   0x00000002   PAD
    0x08001474   0x08001474   0x000000f4   Code   RO          182    .text.HAL_CAN_Init  stm32f4xx_hal_can.o
    0x08001568   0x08001568   0x00000120   Code   RO           74    .text.HAL_CAN_MspInit  can.o
    0x08001688   0x08001688   0x00000002   Code   RO          234    .text.HAL_CAN_RxFifo0FullCallback  stm32f4xx_hal_can.o
    0x0800168a   0x0800168a   0x00000002   PAD
    0x0800168c   0x0800168c   0x00000066   Code   RO         1721    .text.HAL_CAN_RxFifo0MsgPendingCallback  bsp_can.o
    0x080016f2   0x080016f2   0x00000002   PAD
    0x080016f4   0x080016f4   0x00000002   Code   RO          238    .text.HAL_CAN_RxFifo1FullCallback  stm32f4xx_hal_can.o
    0x080016f6   0x080016f6   0x00000002   PAD
    0x080016f8   0x080016f8   0x00000002   Code   RO          240    .text.HAL_CAN_RxFifo1MsgPendingCallback  stm32f4xx_hal_can.o
    0x080016fa   0x080016fa   0x00000002   PAD
    0x080016fc   0x080016fc   0x00000002   Code   RO          242    .text.HAL_CAN_SleepCallback  stm32f4xx_hal_can.o
    0x080016fe   0x080016fe   0x00000002   PAD
    0x08001700   0x08001700   0x0000005a   Code   RO          194    .text.HAL_CAN_Start  stm32f4xx_hal_can.o
    0x0800175a   0x0800175a   0x00000002   PAD
    0x0800175c   0x0800175c   0x00000002   Code   RO          224    .text.HAL_CAN_TxMailbox0AbortCallback  stm32f4xx_hal_can.o
    0x0800175e   0x0800175e   0x00000002   PAD
    0x08001760   0x08001760   0x00000002   Code   RO          222    .text.HAL_CAN_TxMailbox0CompleteCallback  stm32f4xx_hal_can.o
    0x08001762   0x08001762   0x00000002   PAD
    0x08001764   0x08001764   0x00000002   Code   RO          228    .text.HAL_CAN_TxMailbox1AbortCallback  stm32f4xx_hal_can.o
    0x08001766   0x08001766   0x00000002   PAD
    0x08001768   0x08001768   0x00000002   Code   RO          226    .text.HAL_CAN_TxMailbox1CompleteCallback  stm32f4xx_hal_can.o
    0x0800176a   0x0800176a   0x00000002   PAD
    0x0800176c   0x0800176c   0x00000002   Code   RO          232    .text.HAL_CAN_TxMailbox2AbortCallback  stm32f4xx_hal_can.o
    0x0800176e   0x0800176e   0x00000002   PAD
    0x08001770   0x08001770   0x00000002   Code   RO          230    .text.HAL_CAN_TxMailbox2CompleteCallback  stm32f4xx_hal_can.o
    0x08001772   0x08001772   0x00000002   PAD
    0x08001774   0x08001774   0x00000002   Code   RO          244    .text.HAL_CAN_WakeUpFromRxMsgCallback  stm32f4xx_hal_can.o
    0x08001776   0x08001776   0x00000002   PAD
    0x08001778   0x08001778   0x00000080   Code   RO          476    .text.HAL_DMA_Abort  stm32f4xx_hal_dma.o
    0x080017f8   0x080017f8   0x00000024   Code   RO          478    .text.HAL_DMA_Abort_IT  stm32f4xx_hal_dma.o
    0x0800181c   0x0800181c   0x0000018c   Code   RO          482    .text.HAL_DMA_IRQHandler  stm32f4xx_hal_dma.o
    0x080019a8   0x080019a8   0x000000ce   Code   RO          462    .text.HAL_DMA_Init  stm32f4xx_hal_dma.o
    0x08001a76   0x08001a76   0x00000002   PAD
    0x08001a78   0x08001a78   0x00000042   Code   RO          470    .text.HAL_DMA_Start  stm32f4xx_hal_dma.o
    0x08001aba   0x08001aba   0x00000002   PAD
    0x08001abc   0x08001abc   0x0000019a   Code   RO          422    .text.HAL_GPIO_Init  stm32f4xx_hal_gpio.o
    0x08001c56   0x08001c56   0x00000002   PAD
    0x08001c58   0x08001c58   0x0000000c   Code   RO          652    .text.HAL_GetTick   stm32f4xx_hal.o
    0x08001c64   0x08001c64   0x0000001a   Code   RO          650    .text.HAL_IncTick   stm32f4xx_hal.o
    0x08001c7e   0x08001c7e   0x00000002   PAD
    0x08001c80   0x08001c80   0x00000036   Code   RO          640    .text.HAL_Init      stm32f4xx_hal.o
    0x08001cb6   0x08001cb6   0x00000002   PAD
    0x08001cb8   0x08001cb8   0x000000ae   Code   RO          167    .text.HAL_InitTick  stm32f4xx_hal_timebase_tim.o
    0x08001d66   0x08001d66   0x00000002   PAD
    0x08001d68   0x08001d68   0x00000046   Code   RO          158    .text.HAL_MspInit   stm32f4xx_hal_msp.o
    0x08001dae   0x08001dae   0x00000002   PAD
    0x08001db0   0x08001db0   0x00000008   Code   RO          580    .text.HAL_NVIC_EnableIRQ  stm32f4xx_hal_cortex.o
    0x08001db8   0x08001db8   0x0000001e   Code   RO          572    .text.HAL_NVIC_SetPriority  stm32f4xx_hal_cortex.o
    0x08001dd6   0x08001dd6   0x00000002   PAD
    0x08001dd8   0x08001dd8   0x00000008   Code   RO          568    .text.HAL_NVIC_SetPriorityGrouping  stm32f4xx_hal_cortex.o
    0x08001de0   0x08001de0   0x00000160   Code   RO          266    .text.HAL_RCC_ClockConfig  stm32f4xx_hal_rcc.o
    0x08001f40   0x08001f40   0x0000003e   Code   RO          284    .text.HAL_RCC_GetClockConfig  stm32f4xx_hal_rcc.o
    0x08001f7e   0x08001f7e   0x00000002   PAD
    0x08001f80   0x08001f80   0x0000000c   Code   RO          276    .text.HAL_RCC_GetHCLKFreq  stm32f4xx_hal_rcc.o
    0x08001f8c   0x08001f8c   0x00000022   Code   RO          278    .text.HAL_RCC_GetPCLK1Freq  stm32f4xx_hal_rcc.o
    0x08001fae   0x08001fae   0x00000002   PAD
    0x08001fb0   0x08001fb0   0x00000022   Code   RO          280    .text.HAL_RCC_GetPCLK2Freq  stm32f4xx_hal_rcc.o
    0x08001fd2   0x08001fd2   0x00000002   PAD
    0x08001fd4   0x08001fd4   0x00000068   Code   RO          268    .text.HAL_RCC_GetSysClockFreq  stm32f4xx_hal_rcc.o
    0x0800203c   0x0800203c   0x00000348   Code   RO          264    .text.HAL_RCC_OscConfig  stm32f4xx_hal_rcc.o
    0x08002384   0x08002384   0x00000002   Code   RO         1059    .text.HAL_TIMEx_BreakCallback  stm32f4xx_hal_tim_ex.o
    0x08002386   0x08002386   0x00000002   PAD
    0x08002388   0x08002388   0x00000002   Code   RO         1055    .text.HAL_TIMEx_CommutCallback  stm32f4xx_hal_tim_ex.o
    0x0800238a   0x0800238a   0x00000002   PAD
    0x0800238c   0x0800238c   0x0000005a   Code   RO          735    .text.HAL_TIM_Base_Init  stm32f4xx_hal_tim.o
    0x080023e6   0x080023e6   0x00000002   PAD
    0x080023e8   0x080023e8   0x00000002   Code   RO          737    .text.HAL_TIM_Base_MspInit  stm32f4xx_hal_tim.o
    0x080023ea   0x080023ea   0x00000002   PAD
    0x080023ec   0x080023ec   0x000000a8   Code   RO          749    .text.HAL_TIM_Base_Start_IT  stm32f4xx_hal_tim.o
    0x08002494   0x08002494   0x00000002   Code   RO          871    .text.HAL_TIM_IC_CaptureCallback  stm32f4xx_hal_tim.o
    0x08002496   0x08002496   0x00000002   PAD
    0x08002498   0x08002498   0x0000016a   Code   RO          869    .text.HAL_TIM_IRQHandler  stm32f4xx_hal_tim.o
    0x08002602   0x08002602   0x00000002   PAD
    0x08002604   0x08002604   0x00000002   Code   RO          873    .text.HAL_TIM_OC_DelayElapsedCallback  stm32f4xx_hal_tim.o
    0x08002606   0x08002606   0x00000002   PAD
    0x08002608   0x08002608   0x00000002   Code   RO          875    .text.HAL_TIM_PWM_PulseFinishedCallback  stm32f4xx_hal_tim.o
    0x0800260a   0x0800260a   0x00000002   PAD
    0x0800260c   0x0800260c   0x00000016   Code   RO           17    .text.HAL_TIM_PeriodElapsedCallback  main.o
    0x08002622   0x08002622   0x00000002   PAD
    0x08002624   0x08002624   0x00000002   Code   RO          879    .text.HAL_TIM_TriggerCallback  stm32f4xx_hal_tim.o
    0x08002626   0x08002626   0x00000002   PAD
    0x08002628   0x08002628   0x00000002   Code   RO         1163    .text.HAL_UARTEx_RxEventCallback  stm32f4xx_hal_uart.o
    0x0800262a   0x0800262a   0x00000002   PAD
    0x0800262c   0x0800262c   0x00000002   Code   RO         1161    .text.HAL_UART_ErrorCallback  stm32f4xx_hal_uart.o
    0x0800262e   0x0800262e   0x00000002   PAD
    0x08002630   0x08002630   0x0000023a   Code   RO         1155    .text.HAL_UART_IRQHandler  stm32f4xx_hal_uart.o
    0x0800286a   0x0800286a   0x00000002   PAD
    0x0800286c   0x0800286c   0x0000005e   Code   RO         1073    .text.HAL_UART_Init  stm32f4xx_hal_uart.o
    0x080028ca   0x080028ca   0x00000002   PAD
    0x080028cc   0x080028cc   0x00000236   Code   RO          104    .text.HAL_UART_MspInit  usart.o
    0x08002b02   0x08002b02   0x00000002   PAD
    0x08002b04   0x08002b04   0x00000002   Code   RO         1173    .text.HAL_UART_RxCpltCallback  stm32f4xx_hal_uart.o
    0x08002b06   0x08002b06   0x00000002   PAD
    0x08002b08   0x08002b08   0x00000002   Code   RO         1169    .text.HAL_UART_TxCpltCallback  stm32f4xx_hal_uart.o
    0x08002b0a   0x08002b0a   0x00000002   PAD
    0x08002b0c   0x08002b0c   0x00000002   Code   RO          124    .text.HardFault_Handler  stm32f4xx_it.o
    0x08002b0e   0x08002b0e   0x00000002   PAD
    0x08002b10   0x08002b10   0x00000040   Code   RO           42    .text.JuageUsart_Init  freertos.o
    0x08002b50   0x08002b50   0x00000168   Code   RO         2059    .text.Judge_GetMessage  rm_judgesystem.o
    0x08002cb8   0x08002cb8   0x0000019c   Code   RO         1905    .text.Limit         power_limit_control.o
    0x08002e54   0x08002e54   0x00000080   Code   RO         1907    .text.Limit_Calc    power_limit_control.o
    0x08002ed4   0x08002ed4   0x00000076   Code   RO         2100    .text.M3508_chassis_getInfo  m3508_motor.o
    0x08002f4a   0x08002f4a   0x00000002   PAD
    0x08002f4c   0x08002f4c   0x0000003a   Code   RO         2102    .text.M3508_dial_getInfo  m3508_motor.o
    0x08002f86   0x08002f86   0x00000002   PAD
    0x08002f88   0x08002f88   0x0000006c   Code   RO         2124    .text.M6020_chassis_getInfo  m6020_motor.o
    0x08002ff4   0x08002ff4   0x000000dc   Code   RO         2148    .text.MIT_CtrlMotor  dm4310_motor.o
    0x080030d0   0x080030d0   0x00000044   Code   RO           70    .text.MX_CAN1_Init  can.o
    0x08003114   0x08003114   0x00000044   Code   RO           72    .text.MX_CAN2_Init  can.o
    0x08003158   0x08003158   0x0000006a   Code   RO           89    .text.MX_DMA_Init   dma.o
    0x080031c2   0x080031c2   0x00000002   PAD
    0x080031c4   0x080031c4   0x0000017e   Code   RO           38    .text.MX_FREERTOS_Init  freertos.o
    0x08003342   0x08003342   0x00000002   PAD
    0x08003344   0x08003344   0x00000074   Code   RO           28    .text.MX_GPIO_Init  gpio.o
    0x080033b8   0x080033b8   0x00000038   Code   RO           98    .text.MX_UART7_Init  usart.o
    0x080033f0   0x080033f0   0x00000044   Code   RO          100    .text.MX_USART1_UART_Init  usart.o
    0x08003434   0x08003434   0x00000038   Code   RO          102    .text.MX_USART3_UART_Init  usart.o
    0x0800346c   0x0800346c   0x00000002   Code   RO          126    .text.MemManage_Handler  stm32f4xx_it.o
    0x0800346e   0x0800346e   0x00000002   PAD
    0x08003470   0x08003470   0x00000002   Code   RO          122    .text.NMI_Handler   stm32f4xx_it.o
    0x08003472   0x08003472   0x00000002   PAD
    0x08003474   0x08003474   0x0000002c   Code   RO          578    .text.NVIC_EncodePriority  stm32f4xx_hal_cortex.o
    0x080034a0   0x080034a0   0x00000064   Code   RO         1696    .text.PendSV_Handler  port.o
    0x08003504   0x08003504   0x00000038   Code   RO         1982    .text.Power_meter_getInfo  power_meter.o
    0x0800353c   0x0800353c   0x00000138   Code   RO         1839    .text.RUDTargetAngle_Calc  chassis_control.o
    0x08003674   0x08003674   0x000000ac   Code   RO         1837    .text.RUDTotalAngle_Calc  chassis_control.o
    0x08003720   0x08003720   0x0000006a   Code   RO         1952    .text.RemoteControl_Output  dr16.o
    0x0800378a   0x0800378a   0x00000002   PAD
    0x0800378c   0x0800378c   0x0000002c   Code   RO         2186    .text.Robot_Control  robot_control_task.o
    0x080037b8   0x080037b8   0x00000014   Code   RO         1931    .text.Robot_Control_Disable  robot_control.o
    0x080037cc   0x080037cc   0x00000020   Code   RO         1927    .text.Robot_Control_Fun  robot_control.o
    0x080037ec   0x080037ec   0x000000fc   Code   RO         1933    .text.Robot_control  robot_control.o
    0x080038e8   0x080038e8   0x00000054   Code   RO         1831    .text.Robot_control_chassis_disable  chassis_control.o
    0x0800393c   0x0800393c   0x00000014   Code   RO         1875    .text.Robot_control_cloud_disable  cloud_control.o
    0x08003950   0x08003950   0x00000022   Code   RO         1888    .text.Robot_control_dial_disable  shoot_control.o
    0x08003972   0x08003972   0x00000006   PAD
    0x08003978   0x08003978   0x00000580   Code   RO         1833    .text.RudAngle_Calc  chassis_control.o
    0x08003ef8   0x08003ef8   0x00000020   Code   RO         2007    .text.SCCM_MsgProcess  supcap.o
    0x08003f18   0x08003f18   0x0000004a   Code   RO         2009    .text.SCCM_SendMsg  supcap.o
    0x08003f62   0x08003f62   0x0000000e   PAD
    0x08003f70   0x08003f70   0x00000024   Code   RO         1680    .text.SVC_Handler   port.o
    0x08003f94   0x08003f94   0x00000062   Code   RO         1929    .text.SetRemoteMode  robot_control.o
    0x08003ff6   0x08003ff6   0x00000002   PAD
    0x08003ff8   0x08003ff8   0x0000000c   Code   RO         2015    .text.SetSuperCap_Mode  supcap.o
    0x08004004   0x08004004   0x0000013a   Code   RO         1821    .text.Ship_ChassisWorkMode  chassis_control.o
    0x0800413e   0x0800413e   0x00000002   PAD
    0x08004140   0x08004140   0x00000122   Code   RO         1827    .text.Ship_ChassisWorkMode_Tuoluo  chassis_control.o
    0x08004262   0x08004262   0x00000002   PAD
    0x08004264   0x08004264   0x00000074   Code   RO         1873    .text.Ship_ChassisWorkMode_cloud  cloud_control.o
    0x080042d8   0x080042d8   0x00000148   Code   RO         1825    .text.Ship_ChassisWorkMode_follow  chassis_control.o
    0x08004420   0x08004420   0x00000056   Code   RO         1886    .text.Ship_ChassisWorkMode_shoot  shoot_control.o
    0x08004476   0x08004476   0x00000002   PAD
    0x08004478   0x08004478   0x00000098   Code   RO         1829    .text.Speed_Decompose  chassis_control.o
    0x08004510   0x08004510   0x0000000e   Code   RO         2011    .text.SupCap_ChargeControl  supcap.o
    0x0800451e   0x0800451e   0x00000002   PAD
    0x08004520   0x08004520   0x00000010   Code   RO         2005    .text.SupCap_MainSwitch  supcap.o
    0x08004530   0x08004530   0x0000000c   Code   RO         2013    .text.SupCap_SupplySwitch  supcap.o
    0x0800453c   0x0800453c   0x00000178   Code   RO         2003    .text.SuperCapation_Funtion  supcap.o
    0x080046b4   0x080046b4   0x00000024   Code   RO         2001    .text.Super_Init    supcap.o
    0x080046d8   0x080046d8   0x0000002e   Code   RO         1698    .text.SysTick_Handler  port.o
    0x08004706   0x08004706   0x00000002   PAD
    0x08004708   0x08004708   0x000000a4   Code   RO           13    .text.SystemClock_Config  main.o
    0x080047ac   0x080047ac   0x00000012   Code   RO         1203    .text.SystemInit    system_stm32f4xx.o
    0x080047be   0x080047be   0x00000002   PAD
    0x080047c0   0x080047c0   0x00000010   Code   RO          144    .text.TIM6_DAC_IRQHandler  stm32f4xx_it.o
    0x080047d0   0x080047d0   0x00000124   Code   RO          739    .text.TIM_Base_SetConfig  stm32f4xx_hal_tim.o
    0x080048f4   0x080048f4   0x00000044   Code   RO         1871    .text.Turn_InferiorArc  cloud_control.o
    0x08004938   0x08004938   0x00000010   Code   RO         1159    .text.UART_DMAAbortOnError  stm32f4xx_hal_uart.o
    0x08004948   0x08004948   0x00000050   Code   RO         1121    .text.UART_EndRxTransfer  stm32f4xx_hal_uart.o
    0x08004998   0x08004998   0x00000018   Code   RO         1167    .text.UART_EndTransmit_IT  stm32f4xx_hal_uart.o
    0x080049b0   0x080049b0   0x000000c4   Code   RO         1157    .text.UART_Receive_IT  stm32f4xx_hal_uart.o
    0x08004a74   0x08004a74   0x000000dc   Code   RO         1077    .text.UART_SetConfig  stm32f4xx_hal_uart.o
    0x08004b50   0x08004b50   0x00000052   Code   RO         1165    .text.UART_Transmit_IT  stm32f4xx_hal_uart.o
    0x08004ba2   0x08004ba2   0x00000002   PAD
    0x08004ba4   0x08004ba4   0x00000044   Code   RO          140    .text.USART1_IRQHandler  stm32f4xx_it.o
    0x08004be8   0x08004be8   0x00000068   Code   RO          142    .text.USART3_IRQHandler  stm32f4xx_it.o
    0x08004c50   0x08004c50   0x00000044   Code   RO         1734    .text.USART_Receive_DMA_NO_IT  bsp_usart.o
    0x08004c94   0x08004c94   0x00000002   Code   RO          130    .text.UsageFault_Handler  stm32f4xx_it.o
    0x08004c96   0x08004c96   0x00000002   PAD
    0x08004c98   0x08004c98   0x00000046   Code   RO         2055    .text.Verify_CRC16_Check_Sum  rm_judgesystem.o
    0x08004cde   0x08004cde   0x00000002   PAD
    0x08004ce0   0x08004ce0   0x00000284   Code   RO         1823    .text.Wheel_calc    chassis_control.o
    0x08004f64   0x08004f64   0x00000020   Code   RO          582    .text.__NVIC_EnableIRQ  stm32f4xx_hal_cortex.o
    0x08004f84   0x08004f84   0x00000010   Code   RO          574    .text.__NVIC_GetPriorityGrouping  stm32f4xx_hal_cortex.o
    0x08004f94   0x08004f94   0x00000022   Code   RO          576    .text.__NVIC_SetPriority  stm32f4xx_hal_cortex.o
    0x08004fb6   0x08004fb6   0x00000002   PAD
    0x08004fb8   0x08004fb8   0x00000020   Code   RO          570    .text.__NVIC_SetPriorityGrouping  stm32f4xx_hal_cortex.o
    0x08004fd8   0x08004fd8   0x0000000e   Code   RO         1835    .text.abs           chassis_control.o
    0x08004fe6   0x08004fe6   0x00000002   PAD
    0x08004fe8   0x08004fe8   0x00000030   Code   RO         1713    .text.bsp_can_init  bsp_can.o
    0x08005018   0x08005018   0x0000005a   Code   RO         1903    .text.chassis_power_control  power_limit_control.o
    0x08005072   0x08005072   0x00000002   PAD
    0x08005074   0x08005074   0x0000002c   Code   RO         1958    .text.dbus_uart_init  dr16.o
    0x080050a0   0x080050a0   0x00000006   Code   RO         1964    .text.dma_current_data_counter  dr16.o
    0x080050a6   0x080050a6   0x00000002   PAD
    0x080050a8   0x080050a8   0x0000002c   Code   RO         2150    .text.float_to_uint  dm4310_motor.o
    0x080050d4   0x080050d4   0x0000002e   Code   RO           11    .text.main          main.o
    0x08005102   0x08005102   0x00000002   PAD
    0x08005104   0x08005104   0x0000000c   Code   RO         1534    .text.makeFreeRtosPriority  cmsis_os.o
    0x08005110   0x08005110   0x0000001c   Code   RO         2144    .text.motor_disable  dm4310_motor.o
    0x0800512c   0x0800512c   0x0000001c   Code   RO         2142    .text.motor_enable  dm4310_motor.o
    0x08005148   0x08005148   0x00000318   Code   RO         1772    .text.motor_pid_init  pid.o
    0x08005460   0x08005460   0x0000000a   Code   RO         1524    .text.osKernelStart  cmsis_os.o
    0x0800546a   0x0800546a   0x00000002   PAD
    0x0800546c   0x0800546c   0x00000032   Code   RO         1586    .text.osMessageCreate  cmsis_os.o
    0x0800549e   0x0800549e   0x00000002   PAD
    0x080054a0   0x080054a0   0x0000006e   Code   RO         1532    .text.osThreadCreate  cmsis_os.o
    0x0800550e   0x0800550e   0x00000002   PAD
    0x08005510   0x08005510   0x0000002e   Code   RO         1766    .text.pid_CascadeCalc  pid.o
    0x0800553e   0x0800553e   0x00000002   PAD
    0x08005540   0x08005540   0x000000a6   Code   RO         1760    .text.pid_calc      pid.o
    0x080055e6   0x080055e6   0x00000002   PAD
    0x080055e8   0x080055e8   0x000000c2   Code   RO         1764    .text.pid_calc_cloud  pid.o
    0x080056aa   0x080056aa   0x00000002   PAD
    0x080056ac   0x080056ac   0x000000c2   Code   RO         1762    .text.pid_calc_incremental  pid.o
    0x0800576e   0x0800576e   0x00000002   PAD
    0x08005770   0x08005770   0x00000006   Code   RO         1758    .text.pid_init      pid.o
    0x08005776   0x08005776   0x00000002   PAD
    0x08005778   0x08005778   0x000000a2   Code   RO         1406    .text.prvAddCurrentTaskToDelayedList  tasks.o
    0x0800581a   0x0800581a   0x00000002   PAD
    0x0800581c   0x0800581c   0x000000ac   Code   RO         1392    .text.prvAddNewTaskToReadyList  tasks.o
    0x080058c8   0x080058c8   0x0000004e   Code   RO         1492    .text.prvCheckTasksWaitingTermination  tasks.o
    0x08005916   0x08005916   0x00000002   PAD
    0x08005918   0x08005918   0x00000026   Code   RO         1295    .text.prvCopyDataFromQueue  queue.o
    0x0800593e   0x0800593e   0x00000002   PAD
    0x08005940   0x08005940   0x0000007a   Code   RO         1283    .text.prvCopyDataToQueue  queue.o
    0x080059ba   0x080059ba   0x00000002   PAD
    0x080059bc   0x080059bc   0x00000036   Code   RO         1398    .text.prvDeleteTCB  tasks.o
    0x080059f2   0x080059f2   0x00000002   PAD
    0x080059f4   0x080059f4   0x00000074   Code   RO         1646    .text.prvHeapInit   heap_4.o
    0x08005a68   0x08005a68   0x0000002a   Code   RO         1430    .text.prvIdleTask   tasks.o
    0x08005a92   0x08005a92   0x00000002   PAD
    0x08005a94   0x08005a94   0x00000018   Code   RO         1271    .text.prvInitialiseNewQueue  queue.o
    0x08005aac   0x08005aac   0x00000088   Code   RO         1390    .text.prvInitialiseNewTask  tasks.o
    0x08005b34   0x08005b34   0x0000006e   Code   RO         1490    .text.prvInitialiseTaskLists  tasks.o
    0x08005ba2   0x08005ba2   0x00000002   PAD
    0x08005ba4   0x08005ba4   0x0000005a   Code   RO         1648    .text.prvInsertBlockIntoFreeList  heap_4.o
    0x08005bfe   0x08005bfe   0x00000002   PAD
    0x08005c00   0x08005c00   0x00000018   Code   RO         1297    .text.prvIsQueueEmpty  queue.o
    0x08005c18   0x08005c18   0x00000028   Code   RO         1688    .text.prvPortStartFirstTask  port.o
    0x08005c40   0x08005c40   0x00000028   Code   RO         1400    .text.prvResetNextTaskUnblockTime  tasks.o
    0x08005c68   0x08005c68   0x00000032   Code   RO         1678    .text.prvTaskExitError  port.o
    0x08005c9a   0x08005c9a   0x00000002   PAD
    0x08005c9c   0x08005c9c   0x00000072   Code   RO         1287    .text.prvUnlockQueue  queue.o
    0x08005d0e   0x08005d0e   0x00000002   PAD
    0x08005d10   0x08005d10   0x0000014a   Code   RO         1644    .text.pvPortMalloc  heap_4.o
    0x08005e5a   0x08005e5a   0x00000002   PAD
    0x08005e5c   0x08005e5c   0x00000028   Code   RO         1676    .text.pxPortInitialiseStack  port.o
    0x08005e84   0x08005e84   0x00000150   Code   RO         1966    .text.rc_callback_handler  dr16.o
    0x08005fd4   0x08005fd4   0x0000005a   Code   RO         2108    .text.set_M3508_200_voltage  m3508_motor.o
    0x0800602e   0x0800602e   0x00000002   PAD
    0x08006030   0x08006030   0x0000005a   Code   RO         2128    .text.set_M6020_1ff_voltage  m6020_motor.o
    0x0800608a   0x0800608a   0x00000002   PAD
    0x0800608c   0x0800608c   0x0000003e   Code   RO         1960    .text.uart_receive_dma_no_it  dr16.o
    0x080060ca   0x080060ca   0x00000002   PAD
    0x080060cc   0x080060cc   0x00000016   Code   RO         1954    .text.uart_receive_handler  dr16.o
    0x080060e2   0x080060e2   0x00000002   PAD
    0x080060e4   0x080060e4   0x00000050   Code   RO         1956    .text.uart_rx_idle_callback  dr16.o
    0x08006134   0x08006134   0x0000002a   Code   RO         2156    .text.uint_to_float  dm4310_motor.o
    0x0800615e   0x0800615e   0x00000002   PAD
    0x08006160   0x08006160   0x00000024   Code   RO         1257    .text.uxListRemove  list.o
    0x08006184   0x08006184   0x0000001a   Code   RO           36    .text.vApplicationGetIdleTaskMemory  freertos.o
    0x0800619e   0x0800619e   0x00000002   PAD
    0x080061a0   0x080061a0   0x00000016   Code   RO         1249    .text.vListInitialise  list.o
    0x080061b6   0x080061b6   0x00000002   PAD
    0x080061b8   0x080061b8   0x00000006   Code   RO         1251    .text.vListInitialiseItem  list.o
    0x080061be   0x080061be   0x00000002   PAD
    0x080061c0   0x080061c0   0x0000003a   Code   RO         1255    .text.vListInsert   list.o
    0x080061fa   0x080061fa   0x00000002   PAD
    0x080061fc   0x080061fc   0x0000001c   Code   RO         1253    .text.vListInsertEnd  list.o
    0x08006218   0x08006218   0x00000014   Code   RO         1686    .text.vPortEnableVFP  port.o
    0x0800622c   0x0800622c   0x00000046   Code   RO         1692    .text.vPortEnterCritical  port.o
    0x08006272   0x08006272   0x00000002   PAD
    0x08006274   0x08006274   0x0000002e   Code   RO         1694    .text.vPortExitCritical  port.o
    0x080062a2   0x080062a2   0x00000002   PAD
    0x080062a4   0x080062a4   0x0000008a   Code   RO         1650    .text.vPortFree     heap_4.o
    0x0800632e   0x0800632e   0x00000002   PAD
    0x08006330   0x08006330   0x00000034   Code   RO         1684    .text.vPortSetupTimerInterrupt  port.o
    0x08006364   0x08006364   0x00000062   Code   RO         1700    .text.vPortValidateInterruptPriority  port.o
    0x080063c6   0x080063c6   0x00000002   PAD
    0x080063c8   0x080063c8   0x000000a8   Code   RO         1402    .text.vTaskDelayUntil  tasks.o
    0x08006470   0x08006470   0x000000ee   Code   RO         1396    .text.vTaskDelete   tasks.o
    0x0800655e   0x0800655e   0x00000002   PAD
    0x08006560   0x08006560   0x0000001a   Code   RO         1456    .text.vTaskInternalSetTimeOutState  tasks.o
    0x0800657a   0x0800657a   0x00000002   PAD
    0x0800657c   0x0800657c   0x0000000e   Code   RO         1460    .text.vTaskMissedYield  tasks.o
    0x0800658a   0x0800658a   0x00000002   PAD
    0x0800658c   0x0800658c   0x00000032   Code   RO         1446    .text.vTaskPlaceOnEventList  tasks.o
    0x080065be   0x080065be   0x00000002   PAD
    0x080065c0   0x080065c0   0x00000080   Code   RO         1428    .text.vTaskStartScheduler  tasks.o
    0x08006640   0x08006640   0x00000010   Code   RO         1404    .text.vTaskSuspendAll  tasks.o
    0x08006650   0x08006650   0x00000086   Code   RO         1420    .text.vTaskSwitchContext  tasks.o
    0x080066d6   0x080066d6   0x00000002   PAD
    0x080066d8   0x080066d8   0x00000112   Code   RO         1682    .text.xPortStartScheduler  port.o
    0x080067ea   0x080067ea   0x00000002   PAD
    0x080067ec   0x080067ec   0x0000003e   Code   RO         1273    .text.xQueueGenericCreate  queue.o
    0x0800682a   0x0800682a   0x00000002   PAD
    0x0800682c   0x0800682c   0x00000092   Code   RO         1269    .text.xQueueGenericCreateStatic  queue.o
    0x080068be   0x080068be   0x00000002   PAD
    0x080068c0   0x080068c0   0x0000007e   Code   RO         1267    .text.xQueueGenericReset  queue.o
    0x0800693e   0x0800693e   0x00000002   PAD
    0x08006940   0x08006940   0x000000ce   Code   RO         1289    .text.xQueueGenericSendFromISR  queue.o
    0x08006a0e   0x08006a0e   0x00000002   PAD
    0x08006a10   0x08006a10   0x00000184   Code   RO         1293    .text.xQueueReceive  queue.o
    0x08006b94   0x08006b94   0x00000088   Code   RO         1458    .text.xTaskCheckForTimeOut  tasks.o
    0x08006c1c   0x08006c1c   0x00000066   Code   RO         1394    .text.xTaskCreate   tasks.o
    0x08006c82   0x08006c82   0x00000002   PAD
    0x08006c84   0x08006c84   0x00000076   Code   RO         1388    .text.xTaskCreateStatic  tasks.o
    0x08006cfa   0x08006cfa   0x00000002   PAD
    0x08006cfc   0x08006cfc   0x00000026   Code   RO         1464    .text.xTaskGetSchedulerState  tasks.o
    0x08006d22   0x08006d22   0x00000002   PAD
    0x08006d24   0x08006d24   0x0000000c   Code   RO         1436    .text.xTaskGetTickCount  tasks.o
    0x08006d30   0x08006d30   0x00000164   Code   RO         1434    .text.xTaskIncrementTick  tasks.o
    0x08006e94   0x08006e94   0x000000b2   Code   RO         1468    .text.xTaskPriorityDisinherit  tasks.o
    0x08006f46   0x08006f46   0x00000002   PAD
    0x08006f48   0x08006f48   0x00000090   Code   RO         1450    .text.xTaskRemoveFromEventList  tasks.o
    0x08006fd8   0x08006fd8   0x00000118   Code   RO         1408    .text.xTaskResumeAll  tasks.o
    0x080070f0   0x080070f0   0x00000030   Code   RO         2508    i.__ARM_fpclassify  m_wm.l(fpclassify.o)
    0x08007120   0x08007120   0x000002d8   Code   RO         2481    i.__hardfp_atan     m_wm.l(atan.o)
    0x080073f8   0x080073f8   0x00000200   Code   RO         2408    i.__hardfp_atan2    m_wm.l(atan2.o)
    0x080075f8   0x080075f8   0x0000007a   Code   RO         2421    i.__hardfp_sqrt     m_wm.l(sqrt.o)
    0x08007672   0x08007672   0x000000f8   Code   RO         2510    i.__kernel_poly     m_wm.l(poly.o)
    0x0800776a   0x0800776a   0x00000014   Code   RO         2489    i.__mathlib_dbl_infnan  m_wm.l(dunder.o)
    0x0800777e   0x0800777e   0x00000014   Code   RO         2490    i.__mathlib_dbl_infnan2  m_wm.l(dunder.o)
    0x08007792   0x08007792   0x00000006   PAD
    0x08007798   0x08007798   0x00000020   Code   RO         2494    i.__mathlib_dbl_underflow  m_wm.l(dunder.o)
    0x080077b8   0x080077b8   0x00000010   Code   RO         2483    i.atan              m_wm.l(atan.o)
    0x080077c8   0x080077c8   0x00000018   Code   RO         2504    i.fabs              m_wm.l(fabs.o)
    0x080077e0   0x080077e0   0x00000018   Code   RO         2438    x$fpl$basic         g_wm.l(basic.o)
    0x080077f8   0x080077f8   0x000002c4   Code   RO         2386    x$fpl$d2f           g_wm.l(d2f_clz.o)
    0x08007abc   0x08007abc   0x0000024c   Code   RO         2388    x$fpl$dadd          g_wm.l(daddsub_clz.o)
    0x08007d08   0x08007d08   0x00000018   Code   RO         2539    x$fpl$dcmpinf       g_wm.l(dcmpi.o)
    0x08007d20   0x08007d20   0x0000037c   Code   RO         2441    x$fpl$ddiv          g_wm.l(ddiv_clz.o)
    0x0800809c   0x0800809c   0x00000074   Code   RO         2444    x$fpl$deqf          g_wm.l(deqf.o)
    0x08008110   0x08008110   0x000000c8   Code   RO         2396    x$fpl$dfix          g_wm.l(dfix.o)
    0x080081d8   0x080081d8   0x0000001a   Code   RO         2448    x$fpl$dfltn         g_wm.l(dflt_clz.o)
    0x080081f2   0x080081f2   0x00000002   PAD
    0x080081f4   0x080081f4   0x000001c0   Code   RO         2400    x$fpl$dmul          g_wm.l(dmul_clz.o)
    0x080083b4   0x080083b4   0x00000106   Code   RO         2456    x$fpl$dnaninf       g_wm.l(dnaninf.o)
    0x080084ba   0x080084ba   0x00000070   Code   RO         2458    x$fpl$drenorm       g_wm.l(drenorm_clz.o)
    0x0800852a   0x0800852a   0x0000000c   Code   RO         2460    x$fpl$dretinf       g_wm.l(dretinf.o)
    0x08008536   0x08008536   0x00000002   PAD
    0x08008538   0x08008538   0x00000050   Code   RO         2389    x$fpl$drsb          g_wm.l(daddsub_clz.o)
    0x08008588   0x08008588   0x00000208   Code   RO         2464    x$fpl$dsqrt         g_wm.l(dsqrt_umaalclz.o)
    0x08008790   0x08008790   0x000002a0   Code   RO         2390    x$fpl$dsub          g_wm.l(daddsub_clz.o)
    0x08008a30   0x08008a30   0x0000017a   Code   RO         2466    x$fpl$dunder        g_wm.l(dunder_clz.o)
    0x08008baa   0x08008baa   0x00000002   PAD
    0x08008bac   0x08008bac   0x000001ec   Code   RO         2468    x$fpl$exception     g_wm.l(except.o)
    0x08008d98   0x08008d98   0x0000007a   Code   RO         2402    x$fpl$f2d           g_wm.l(f2d.o)
    0x08008e12   0x08008e12   0x000000f6   Code   RO         2470    x$fpl$fnaninf       g_wm.l(fnaninf.o)
    0x08008f08   0x08008f08   0x00000016   Code   RO         2630    x$fpl$fpinit        g_wm.l(fpinit.o)
    0x08008f1e   0x08008f1e   0x0000000a   Code   RO         2472    x$fpl$fretinf       g_wm.l(fretinf.o)
    0x08008f28   0x08008f28   0x0000013c   Code   RO         2474    x$fpl$funder        g_wm.l(funder_clz.o)
    0x08009064   0x08009064   0x000000b4   Code   RO         2404    x$fpl$llsfromf      g_wm.l(ffixll.o)
    0x08009118   0x08009118   0x000000b2   Code   RO         2541    x$fpl$retnan        g_wm.l(retnan.o)
    0x080091ca   0x080091ca   0x0000007e   Code   RO         2478    x$fpl$trapveneer    g_wm.l(trapv.o)
    0x08009248   0x08009248   0x00000000   Code   RO         2480    x$fpl$usenofp       g_wm.l(usenofp.o)
    0x08009248   0x08009248   0x00000804   Data   RO         2349    .constdata          arm_cortexM4lf_math.lib(arm_common_tables.o)
    0x08009a4c   0x08009a4c   0x00000004   PAD
    0x08009a50   0x08009a50   0x00000098   Data   RO         2484    .constdata          m_wm.l(atan.o)
    0x08009ae8   0x08009ae8   0x00000008   Data   RO         2512    .constdata          m_wm.l(qnan.o)
    0x08009af0   0x08009af0   0x0000001c   Data   RO           50    .rodata..L__const.MX_FREERTOS_Init.os_thread_def_All_Init  freertos.o
    0x08009b0c   0x08009b0c   0x0000001c   Data   RO           52    .rodata..L__const.MX_FREERTOS_Init.os_thread_def_CAN1_Task  freertos.o
    0x08009b28   0x08009b28   0x0000001c   Data   RO           54    .rodata..L__const.MX_FREERTOS_Init.os_thread_def_CAN2_Task  freertos.o
    0x08009b44   0x08009b44   0x0000001c   Data   RO           56    .rodata..L__const.MX_FREERTOS_Init.os_thread_def_CAN_Send_Task  freertos.o
    0x08009b60   0x08009b60   0x0000001c   Data   RO           58    .rodata..L__const.MX_FREERTOS_Init.os_thread_def_Check_Task  freertos.o
    0x08009b7c   0x08009b7c   0x0000001c   Data   RO           60    .rodata..L__const.MX_FREERTOS_Init.os_thread_def_Robot_Ctrl_Task  freertos.o
    0x08009b98   0x08009b98   0x00000010   Data   RO         1208    .rodata.AHBPrescTable  system_stm32f4xx.o
    0x08009ba8   0x08009ba8   0x00000008   Data   RO         1209    .rodata.APBPrescTable  system_stm32f4xx.o
    0x08009bb0   0x08009bb0   0x00000020   Data   RO           46    .rodata.cst16       freertos.o
    0x08009bd0   0x08009bd0   0x00000046   Data   RO           49    .rodata.str1.1      freertos.o
    0x08009c16   0x08009c16   0x00000200   Data   RO         2066    .rodata.wCRC_Table  rm_judgesystem.o
    0x08009e16   0x08009e16   0x00000002   PAD
    0x08009e18   0x08009e18   0x00000020   Data   RO         2691    Region$$Table       anon$$obj.o


    Execution Region RW_IRAM2 (Exec base: 0x10000000, Load base: 0x08009ec0, Size: 0x00000000, Max: 0x00010000, ABSOLUTE)

    **** No section assigned to this execution region ****


    Execution Region RW_IRAM1 (Exec base: 0x20000000, Load base: 0x08009e38, Size: 0x0000b070, Max: 0x00030000, ABSOLUTE)

    Exec Addr    Load Addr    Size         Type   Attr      Idx    E Section Name        Object

    0x20000000   0x08009e38   0x00000002   Data   RW         2065    .data.CRC_INIT      rm_judgesystem.o
    0x20000002   0x08009e3a   0x00000002   PAD
    0x20000004   0x08009e3c   0x00000024   Data   RW         1970    .data.DR16_Export_Data  dr16.o
    0x20000028   0x08009e60   0x00000008   Data   RW         2158    .data.Data_Enable   dm4310_motor.o
    0x20000030   0x08009e68   0x00000008   Data   RW         2159    .data.Data_Failure  dm4310_motor.o
    0x20000038   0x08009e70   0x00000004   Data   RW         1846    .data.Radius        chassis_control.o
    0x2000003c   0x08009e74   0x0000003c   Data   RW         2022    .data.SupCap        supcap.o
    0x20000078   0x08009eb0   0x00000004   Data   RW         1207    .data.SystemCoreClock  system_stm32f4xx.o
    0x2000007c   0x08009eb4   0x00000001   Data   RW         1935    .data.s_RemoteMode  robot_control.o
    0x2000007d   0x08009eb5   0x00000001   Data   RW         2021    .data.s_SuperCapMode  supcap.o
    0x2000007e   0x08009eb6   0x00000001   Data   RW          699    .data.uwTickFreq    stm32f4xx_hal.o
    0x2000007f   0x08009eb7   0x00000001   PAD
    0x20000080   0x08009eb8   0x00000004   Data   RW          698    .data.uwTickPrio    stm32f4xx_hal.o
    0x20000084   0x08009ebc   0x00000004   Data   RW         1704    .data.uxCriticalNesting  port.o
    0x20000088        -       0x00000060   Zero   RW         2544    .bss                c_w.l(libspace.o)
    0x200000e8        -       0x00000004   Zero   RW           51    .bss.All_InitHandle  freertos.o
    0x200000ec        -       0x00000001   Zero   RW         1858    .bss.AngleLimit.recursiveTimes  chassis_control.o
    0x200000ed   0x08009ec0   0x00000001   PAD
    0x200000ee        -       0x00000002   Zero   RW         1851    .bss.Brake_cnt      chassis_control.o
    0x200000f0        -       0x00000004   Zero   RW           47    .bss.CAN1_ReceiveHandle  freertos.o
    0x200000f4        -       0x00000004   Zero   RW           53    .bss.CAN1_TaskHandle  freertos.o
    0x200000f8        -       0x00000004   Zero   RW           48    .bss.CAN2_ReceiveHandle  freertos.o
    0x200000fc        -       0x00000004   Zero   RW           55    .bss.CAN2_TaskHandle  freertos.o
    0x20000100        -       0x00000004   Zero   RW           57    .bss.CAN_Send_TaskHandle  freertos.o
    0x20000104        -       0x00000024   Zero   RW         1724    .bss.Can1_Export_Data  bsp_can.o
    0x20000128        -       0x00000024   Zero   RW         1725    .bss.Can2_Export_Data  bsp_can.o
    0x2000014c        -       0x0000015c   Zero   RW         1918    .bss.Chassis_PowerLimit  power_limit_control.o
    0x200002a8        -       0x00000004   Zero   RW           59    .bss.Check_TaskHandle  freertos.o
    0x200002ac        -       0x00000002   Zero   RW         1969    .bss.ControlSwitch  dr16.o
    0x200002ae   0x08009ec0   0x00000002   PAD
    0x200002b0        -       0x00000040   Zero   RW         2161    .bss.DM4310s_yaw    dm4310_motor.o
    0x200002f0        -       0x0000002c   Zero   RW         1968    .bss.DR16           dr16.o
    0x2000031c   0x08009ec0   0x00000004   PAD
    0x20000320        -       0x00000008   Zero   RW         2177    .bss.DR16_Date      can_send_task.o
    0x20000328        -       0x00000004   Zero   RW         1916    .bss.DRV_CalcRatio  power_limit_control.o
    0x2000032c        -       0x00000002   Zero   RW         1893    .bss.Get_Dial_Targetspeed.Back_time  shoot_control.o
    0x2000032e        -       0x00000002   Zero   RW         1895    .bss.Get_Dial_Targetspeed.Dial_Speed_Time  shoot_control.o
    0x20000330        -       0x00000001   Zero   RW         1892    .bss.Get_Dial_Targetspeed.Turn_Back  shoot_control.o
    0x20000331   0x08009ec0   0x00000001   PAD
    0x20000332        -       0x00000002   Zero   RW         1894    .bss.Get_Dial_Targetspeed.dial_time  shoot_control.o
    0x20000334        -       0x00000001   Zero   RW         1910    .bss.Go_Up          power_limit_control.o
    0x20000335   0x08009ec0   0x00000003   PAD
    0x20000338        -       0x00000004   Zero   RW           80    .bss.HAL_RCC_CAN1_CLK_ENABLED  can.o
    0x2000033c        -       0x00000185   Zero   RW         2067    .bss.JudgeSystem_rxBuff  rm_judgesystem.o
    0x200004c1   0x08009ec0   0x00000001   PAD
    0x200004c2        -       0x00000050   Zero   RW         2112    .bss.M3508s_chassis  m3508_motor.o
    0x20000512        -       0x00000014   Zero   RW         2113    .bss.M3508s_dial    m3508_motor.o
    0x20000526   0x08009ec0   0x00000002   PAD
    0x20000528        -       0x00000040   Zero   RW         2132    .bss.M6020s_Yaw     m6020_motor.o
    0x20000568        -       0x00000004   Zero   RW         1848    .bss.M6020s_Yaw_Angle_Centre  chassis_control.o
    0x2000056c        -       0x00000100   Zero   RW         2133    .bss.M6020s_chassis  m6020_motor.o
    0x2000066c        -       0x00000001   Zero   RW         1850    .bss.Move_flag      chassis_control.o
    0x2000066d        -       0x00000001   Zero   RW         1845    .bss.No_move_flag   chassis_control.o
    0x2000066e        -       0x00000002   Zero   RW         1913    .bss.Power_Buffer   power_limit_control.o
    0x20000670        -       0x00000010   Zero   RW         1992    .bss.Power_Meter    power_meter.o
    0x20000680        -       0x00000010   Zero   RW         1857    .bss.RUDTotalAngle_Calc.Pre_encoder  chassis_control.o
    0x20000690        -       0x00000070   Zero   RW         1843    .bss.RUD_Param      chassis_control.o
    0x20000700        -       0x00000004   Zero   RW           61    .bss.Robot_Ctrl_TaskHandle  freertos.o
    0x20000704        -       0x00000002   Zero   RW         1854    .bss.RudAngle_Calc.No_move_cnt  chassis_control.o
    0x20000706   0x08009ec0   0x00000002   PAD
    0x20000708        -       0x00000004   Zero   RW         1856    .bss.RudAngle_Calc.last_vw  chassis_control.o
    0x2000070c        -       0x00000004   Zero   RW         1855    .bss.RudAngle_Calc.last_vx  chassis_control.o
    0x20000710        -       0x00000018   Zero   RW         2024    .bss.SCCMCanParam   supcap.o
    0x20000728        -       0x00000008   Zero   RW         2025    .bss.SCCM_Send_Data  supcap.o
    0x20000730        -       0x00000004   Zero   RW         1859    .bss.Speed_Decompose.Chassis.0  chassis_control.o
    0x20000734        -       0x00000004   Zero   RW         1860    .bss.Speed_Decompose.Chassis.1  chassis_control.o
    0x20000738        -       0x00000004   Zero   RW         1914    .bss.SumCurrent_In  power_limit_control.o
    0x2000073c        -       0x00000004   Zero   RW         1915    .bss.SumCurrent_Out  power_limit_control.o
    0x20000740        -       0x00000004   Zero   RW         2028    .bss.Sup_c          supcap.o
    0x20000744        -       0x00000004   Zero   RW         2029    .bss.Supcap_Rec_ChassisPower_Limit  supcap.o
    0x20000748        -       0x00000002   Zero   RW         1853    .bss.Wheel_calc.No_move_cnt  chassis_control.o
    0x2000074a   0x08009ec0   0x00000006   PAD
    0x20000750        -       0x00000008   Zero   RW         2176    .bss.can1_send_data  can_send_task.o
    0x20000758        -       0x00000012   Zero   RW         1971    .bss.dbus_buf       dr16.o
    0x2000076a        -       0x00000010   Zero   RW         1911    .bss.drv_tempcurrent  power_limit_control.o
    0x2000077a   0x08009ec0   0x00000002   PAD
    0x2000077c        -       0x00000004   Zero   RW         1849    .bss.error          chassis_control.o
    0x20000780        -       0x00000007   Zero   RW         2072    .bss.ext_bullet_remaining  rm_judgesystem.o
    0x20000787   0x08009ec0   0x00000001   PAD
    0x20000788        -       0x0000001f   Zero   RW         2073    .bss.ext_custom_controller  rm_judgesystem.o
    0x200007a7   0x08009ec0   0x00000001   PAD
    0x200007a8        -       0x00000021   Zero   RW         2068    .bss.ext_game_robot_HP  rm_judgesystem.o
    0x200007c9   0x08009ec0   0x00000003   PAD
    0x200007cc        -       0x0000000f   Zero   RW         2069    .bss.ext_game_robot_state  rm_judgesystem.o
    0x200007db   0x08009ec0   0x00000001   PAD
    0x200007dc        -       0x00000011   Zero   RW         2070    .bss.ext_power_heat_data  rm_judgesystem.o
    0x200007ed   0x08009ec0   0x00000003   PAD
    0x200007f0        -       0x00000009   Zero   RW         2071    .bss.ext_shoot_data  rm_judgesystem.o
    0x200007f9   0x08009ec0   0x00000003   PAD
    0x200007fc        -       0x00000028   Zero   RW           78    .bss.hcan1          can.o
    0x20000824        -       0x00000028   Zero   RW           79    .bss.hcan2          can.o
    0x2000084c        -       0x00000060   Zero   RW          111    .bss.hdma_usart1_rx  usart.o
    0x200008ac        -       0x00000060   Zero   RW          112    .bss.hdma_usart3_rx  usart.o
    0x2000090c        -       0x00000060   Zero   RW          113    .bss.hdma_usart3_tx  usart.o
    0x2000096c        -       0x00000048   Zero   RW          173    .bss.htim6          stm32f4xx_hal_timebase_tim.o
    0x200009b4        -       0x00000044   Zero   RW          109    .bss.huart1         usart.o
    0x200009f8        -       0x00000044   Zero   RW          110    .bss.huart3         usart.o
    0x20000a3c        -       0x00000044   Zero   RW          108    .bss.huart7         usart.o
    0x20000a80        -       0x0000008c   Zero   RW         1777    .bss.motor_pid_Cas_Yaw  pid.o
    0x20000b0c        -       0x00000110   Zero   RW         1776    .bss.motor_pid_chassis  pid.o
    0x20000c1c        -       0x00000230   Zero   RW         1779    .bss.motor_pid_chassis_6020  pid.o
    0x20000e4c        -       0x00000230   Zero   RW         1778    .bss.motor_pid_chassis_6020_stop  pid.o
    0x2000107c        -       0x00000044   Zero   RW         1774    .bss.motor_pid_chassis_pos  pid.o
    0x200010c0        -       0x00000044   Zero   RW         1775    .bss.motor_pid_dial_speed  pid.o
    0x20001104        -       0x00000002   Zero   RW         1912    .bss.powerBuffErr   power_limit_control.o
    0x20001106   0x08009ec0   0x00000002   PAD
    0x20001108        -       0x00000004   Zero   RW         1494    .bss.pxCurrentTCB   tasks.o
    0x2000110c        -       0x00000004   Zero   RW         1510    .bss.pxDelayedTaskList  tasks.o
    0x20001110        -       0x00000004   Zero   RW         1660    .bss.pxEnd          heap_4.o
    0x20001114        -       0x00000004   Zero   RW         1511    .bss.pxOverflowDelayedTaskList  tasks.o
    0x20001118        -       0x0000008c   Zero   RW         1495    .bss.pxReadyTasksLists  tasks.o
    0x200011a4        -       0x0000000d   Zero   RW         2074    .bss.robot_client_ID  rm_judgesystem.o
    0x200011b1   0x08009ec0   0x00000001   PAD
    0x200011b2        -       0x00000008   Zero   RW         1847    .bss.speed_buff     chassis_control.o
    0x200011ba        -       0x00000001   Zero   RW         1852    .bss.spin_flag      chassis_control.o
    0x200011bb        -       0x00000001   Zero   RW         1844    .bss.stop_pid_flag  chassis_control.o
    0x200011bc        -       0x00005ba0   Zero   RW         1667    .bss.ucHeap         heap_4.o
    0x20006d5c        -       0x00000001   Zero   RW         1702    .bss.ucMaxSysCallPriority  port.o
    0x20006d5d   0x08009ec0   0x00000003   PAD
    0x20006d60        -       0x00000004   Zero   RW         1703    .bss.ulMaxPRIGROUPValue  port.o
    0x20006d64        -       0x00000004   Zero   RW          700    .bss.uwTick         stm32f4xx_hal.o
    0x20006d68        -       0x00000004   Zero   RW         1500    .bss.uxCurrentNumberOfTasks  tasks.o
    0x20006d6c        -       0x00000004   Zero   RW         1499    .bss.uxDeletedTasksWaitingCleanUp  tasks.o
    0x20006d70        -       0x00000004   Zero   RW         1502    .bss.uxSchedulerSuspended  tasks.o
    0x20006d74        -       0x00000004   Zero   RW         1497    .bss.uxTaskNumber   tasks.o
    0x20006d78        -       0x00000004   Zero   RW         1496    .bss.uxTopReadyPriority  tasks.o
    0x20006d7c        -       0x00000001   Zero   RW         1661    .bss.xBlockAllocatedBit  heap_4.o
    0x20006d7d   0x08009ec0   0x00000003   PAD
    0x20006d80        -       0x00000014   Zero   RW         1513    .bss.xDelayedTaskList1  tasks.o
    0x20006d94        -       0x00000014   Zero   RW         1514    .bss.xDelayedTaskList2  tasks.o
    0x20006da8        -       0x00000004   Zero   RW         1662    .bss.xFreeBytesRemaining  heap_4.o
    0x20006dac        -       0x00000200   Zero   RW           45    .bss.xIdleStack     freertos.o
    0x20006fac        -       0x00000004   Zero   RW         1506    .bss.xIdleTaskHandle  tasks.o
    0x20006fb0        -       0x00000054   Zero   RW           44    .bss.xIdleTaskTCBBuffer  freertos.o
    0x20007004        -       0x00000004   Zero   RW         1664    .bss.xMinimumEverFreeBytesRemaining  heap_4.o
    0x20007008        -       0x00000004   Zero   RW         1507    .bss.xNextTaskUnblockTime  tasks.o
    0x2000700c        -       0x00000004   Zero   RW         1512    .bss.xNumOfOverflows  tasks.o
    0x20007010        -       0x00000004   Zero   RW         1665    .bss.xNumberOfSuccessfulAllocations  heap_4.o
    0x20007014        -       0x00000004   Zero   RW         1666    .bss.xNumberOfSuccessfulFrees  heap_4.o
    0x20007018        -       0x00000004   Zero   RW         1509    .bss.xPendedTicks   tasks.o
    0x2000701c        -       0x00000014   Zero   RW         1505    .bss.xPendingReadyList  tasks.o
    0x20007030        -       0x00000004   Zero   RW         1501    .bss.xSchedulerRunning  tasks.o
    0x20007034        -       0x00000008   Zero   RW         1663    .bss.xStart         heap_4.o
    0x2000703c        -       0x00000014   Zero   RW         1504    .bss.xSuspendedTaskList  tasks.o
    0x20007050        -       0x00000014   Zero   RW         1498    .bss.xTasksWaitingTermination  tasks.o
    0x20007064        -       0x00000004   Zero   RW         1503    .bss.xTickCount     tasks.o
    0x20007068        -       0x00000004   Zero   RW         1508    .bss.xYieldPending  tasks.o
    0x2000706c        -       0x00000001   Zero   RW         1877    .bss.yaw_enable     cloud_control.o
    0x2000706d   0x08009ec0   0x00000003   PAD
    0x20007070        -       0x00002000   Zero   RW            2    HEAP                startup_stm32f427xx.o
    0x20009070        -       0x00002000   Zero   RW            1    STACK               startup_stm32f427xx.o


==============================================================================

Image component sizes


      Code (inc. data)   RO Data    RW Data    ZI Data      Debug   Object Name

       304          0          0          0         72       4632   bsp_can.o
        68          0          0          0          0       3500   bsp_usart.o
       424          0          0          0         84       6663   can.o
       264          0          0          0         16       2619   can_send_task.o
      3922        108          0          4        171       7410   chassis_control.o
       230         20          0          0          1       1795   cloud_control.o
       182          0          0          0          0      19632   cmsis_os.o
       530         24          0         16         64       6108   dm4310_motor.o
       106          0          0          0          0       3504   dma.o
       682          0          0         36         64       6452   dr16.o
       524          0        270          0        628       4824   freertos.o
       116          0          0          0          0       1544   gpio.o
       674          0          0          0      23485       4752   heap_4.o
       150          0          0          0          0       2219   list.o
       332          0          0          0        100       5036   m3508_motor.o
       244          0          0          0        320       5270   m6020_motor.o
       242          0          0          0          0       6051   main.o
      1398         76          0          0       1668       3891   pid.o
       872         16          0          4          5       3925   port.o
       630          8          0          0        381       3183   power_limit_control.o
        74          4          0          0         16       2040   power_meter.o
      1250          0          0          0          0      19289   queue.o
       574          8        512          2        514       6692   rm_judgesystem.o
       402          4          0          1          0       1330   robot_control.o
        44          0          0          0          0        862   robot_control_task.o
       258          0          0          0          7       1407   shoot_control.o
        64         26        428          0      16384        840   startup_stm32f427xx.o
        92          0          0          5          4       7643   stm32f4xx_hal.o
      1636          6          0          0          0      13108   stm32f4xx_hal_can.o
       204          0          0          0          0      10852   stm32f4xx_hal_cortex.o
      1020         12          0          0          0       9271   stm32f4xx_hal_dma.o
       410          0          0          0          0       5237   stm32f4xx_hal_gpio.o
        70          0          0          0          0       3527   stm32f4xx_hal_msp.o
      1438          0          0          0          0       7342   stm32f4xx_hal_rcc.o
       922          0          0          0          0      44841   stm32f4xx_hal_tim.o
         4          0          0          0          0      19233   stm32f4xx_hal_tim_ex.o
       174          0          0          0         72       7404   stm32f4xx_hal_timebase_tim.o
      1290          0          0          0          0      24732   stm32f4xx_hal_uart.o
       280          0          0          0          0       3472   stm32f4xx_it.o
       596          8          0         61         40       4476   supcap.o
        18          0         24          4          0       2677   system_stm32f4xx.o
       296          0          0          0          0       1587   task_canmsg.o
        76          0          0          0          0        848   task_check.o
      2932          8          0          0        300      25546   tasks.o
       746          0          0          0        492       7681   usart.o

    ----------------------------------------------------------------------
     27040        328       1268        136      44936     334947   Object Totals
         0          0         32          0          0          0   (incl. Generated)
       276          0          2          3         48          0   (incl. Padding)

    ----------------------------------------------------------------------

      Code (inc. data)   RO Data    RW Data    ZI Data      Debug   Library Member Name

         0          0       2052          0          0       4704   arm_common_tables.o
       120         12          0          0          0      18614   arm_cos_f32.o
       148         18          0          0          0        814   arm_sin_f32.o
         8          0          0          0          0         68   __main.o
         0          0          0          0          0          0   __rtentry.o
        12          0          0          0          0          0   __rtentry2.o
         6          0          0          0          0          0   __rtentry4.o
        52          8          0          0          0          0   __scatter.o
        26          0          0          0          0          0   __scatter_copy.o
        28          0          0          0          0          0   __scatter_zi.o
        48          4          0          0          0         84   _fptrap.o
        22          0          0          0          0        100   _rserrno.o
        10          0          0          0          0         68   defsig_exit.o
       172        110          0          0          0         76   defsig_fpe_inner.o
        14          0          0          0          0         80   defsig_fpe_outer.o
        50          0          0          0          0         88   defsig_general.o
        18          0          0          0          0         80   exit.o
         6          0          0          0          0        152   heapauxi.o
         0          0          0          0          0          0   indicate_semi.o
         2          0          0          0          0          0   libinit.o
         6          0          0          0          0          0   libinit2.o
         2          0          0          0          0          0   libshutdown.o
         2          0          0          0          0          0   libshutdown2.o
         8          4          0          0         96         68   libspace.o
       240          0          0          0          0        100   lludivv7m.o
         8          4          0          0          0         68   rt_errno_addr_intlibspace.o
        78          0          0          0          0         80   rt_memclr_w.o
       138          0          0          0          0         68   rt_memcpy_v6.o
       100          0          0          0          0         80   rt_memcpy_w.o
         2          0          0          0          0          0   rtexit.o
        10          0          0          0          0          0   rtexit2.o
        12          4          0          0          0         68   sys_exit.o
        74          0          0          0          0         80   sys_stackheap_outer.o
        14          0          0          0          0         76   sys_wrch.o
         2          0          0          0          0         68   use_no_semi.o
        24          0          0          0          0        164   basic.o
       708         16          0          0          0        140   d2f_clz.o
      1340         32          0          0          0        556   daddsub_clz.o
        24          0          0          0          0        116   dcmpi.o
       892        152          0          0          0        300   ddiv_clz.o
       116          8          0          0          0        140   deqf.o
       200         16          0          0          0        188   dfix.o
        26          0          0          0          0        116   dflt_clz.o
       448         16          0          0          0        164   dmul_clz.o
       262          4          0          0          0        156   dnaninf.o
       112          0          0          0          0        160   drenorm_clz.o
        12          0          0          0          0        116   dretinf.o
       520         56          0          0          0        180   dsqrt_umaalclz.o
       378          0          0          0          0        168   dunder_clz.o
       492         36          0          0          0        152   except.o
       122          8          0          0          0        132   f2d.o
       180         16          0          0          0        132   ffixll.o
       246          4          0          0          0        148   fnaninf.o
        22          0          0          0          0        116   fpinit.o
        10          0          0          0          0        116   fretinf.o
       316          0          0          0          0        132   funder_clz.o
       178          0          0          0          0        116   retnan.o
       126          0          0          0          0        148   trapv.o
         0          0          0          0          0          0   usenofp.o
       744        106        152          0          0        352   atan.o
       512         64          0          0          0        208   atan2.o
        72          8          0          0          0        372   dunder.o
        24          0          0          0          0        124   fabs.o
        48          0          0          0          0        124   fpclassify.o
       248          0          0          0          0        152   poly.o
         0          0          8          0          0          0   qnan.o
       122          0          0          0          0        148   sqrt.o

    ----------------------------------------------------------------------
      9980        706       2216          0         96      31020   Library Totals
        18          0          4          0          0          0   (incl. Padding)

    ----------------------------------------------------------------------

      Code (inc. data)   RO Data    RW Data    ZI Data      Debug   Library Name

       268         30       2052          0          0      24132   arm_cortexM4lf_math.lib
      1170        134          0          0         96       1552   c_w.l
      6754        364          0          0          0       3856   g_wm.l
      1770        178        160          0          0       1480   m_wm.l

    ----------------------------------------------------------------------
      9980        706       2216          0         96      31020   Library Totals

    ----------------------------------------------------------------------

==============================================================================


      Code (inc. data)   RO Data    RW Data    ZI Data      Debug   

     37020       1034       3484        136      45032     360927   Grand Totals
     37020       1034       3484        136      45032     360927   ELF Image Totals
     37020       1034       3484        136          0          0   ROM Totals

==============================================================================

    Total RO  Size (Code + RO Data)                40504 (  39.55kB)
    Total RW  Size (RW Data + ZI Data)             45168 (  44.11kB)
    Total ROM Size (Code + RO Data + RW Data)      40640 (  39.69kB)

==============================================================================

