<html>
<body>
<pre>
<h1>µVision Build Log</h1>
<h2>Tool Versions:</h2>
IDE-Version: ¦ÌVision V5.36.0.0
Copyright (C) 2021 ARM Ltd and ARM Germany GmbH. All rights reserved.
License Information: jiangminghao 8615501528827, gcu, LIC=UJWP0-BF00H-NNNAF-6IAZP-KKDDN-E1BAL
 
Tool Versions:
Toolchain:       MDK-ARM Plus  Version: 5.36.0.0
Toolchain Path:  C:\keil5\ARM\ARMCLANG\Bin
C Compiler:      ArmClang.exe V6.16
Assembler:       Armasm.exe V6.16
Linker/Locator:  ArmLink.exe V6.16
Library Manager: ArmAr.exe V6.16
Hex Converter:   FromElf.exe V6.16
CPU DLL:         SARMCM3.DLL V5.36.0.0
Dialog DLL:      DCM.DLL V1.17.3.0
Target DLL:      CMSIS_AGDI.dll V1.33.0.0
Dialog DLL:      TCM.DLL V1.53.0.0
 
<h2>Project:</h2>
C:\GitKraken\25_JMH_Pneumatic_Hero\25_Hero_Chassis\MDK-ARM\25_Hero_Chassis.uvprojx
Project File Date:  01/04/2025

<h2>Output:</h2>
*** Using Compiler 'V6.16', folder: 'C:\keil5\ARM\ARMCLANG\Bin'
Build target '25_Hero_Chassis'
Note: source file '..\Control\Matrix.hpp' - object file renamed from '25_Hero_Chassis\Matrix.o' to '25_Hero_Chassis\matrix_1.o'.
Note: source file '..\Control\RLS.hpp' - object file renamed from '25_Hero_Chassis\RLS.o' to '25_Hero_Chassis\rls_1.o'.
compiling freertos.c...
compiling Power_Meter.c...
compiling cloud_control.c...
compiling chassis_control.c...
compiling DJI_IMU.c...
compiling shoot_control.c...
compiling robot_control.c...
compiling bsp_can.c...
compiling pid.c...
compiling Matrix.hpp...
compiling SupCap.c...
compiling power_limit_control.c...
compiling PowerController.cpp...
compiling RM_JudgeSystem.c...
compiling M2006_motor.c...
compiling M6020_motor.c...
compiling DM4310_motor.c...
compiling M3508_motor.c...
compiling Task_CanMsg.c...
compiling Task_Check.c...
compiling can_send_task.c...
linking...
Program Size: Code=38668 RO-data=3488 RW-data=136 ZI-data=45288  
FromELF: creating hex file...
"25_Hero_Chassis\25_Hero_Chassis.axf" - 0 Error(s), 0 Warning(s).

<h2>Software Packages used:</h2>

Package Vendor: ARM
                http://www.keil.com/pack/ARM.CMSIS.5.8.0.pack
                ARM.CMSIS.5.8.0
                CMSIS (Common Microcontroller Software Interface Standard)
   * Component: CORE Version: 5.5.0

Package Vendor: Keil
                https://www.keil.com/pack/Keil.STM32F4xx_DFP.2.17.1.pack
                Keil.STM32F4xx_DFP.2.17.1
                STMicroelectronics STM32F4 Series Device Support, Drivers and Examples

<h2>Collection of Component include folders:</h2>
  .\RTE\_25_Hero_Chassis
  C:\keil5\ARM\CMSIS\5.8.0\CMSIS\Core\Include
  C:\keil5\Keil\STM32F4xx_DFP\2.17.1\Drivers\CMSIS\Device\ST\STM32F4xx\Include

<h2>Collection of Component Files used:</h2>

   * Component: ARM::CMSIS:CORE:5.5.0
      Include file:  CMSIS\Core\Include\tz_context.h
Build Time Elapsed:  00:00:01
</pre>
</body>
</html>
